Component: Arm Compiler for Embedded 6.21 Tool: armlink [5ec1fa00]

==============================================================================

Section Cross References

    startup_stm32f405xx.o(STACK) refers (Special) to heapauxi.o(.text) for __use_two_region_memory
    startup_stm32f405xx.o(HEAP) refers (Special) to heapauxi.o(.text) for __use_two_region_memory
    startup_stm32f405xx.o(RESET) refers (Special) to heapauxi.o(.text) for __use_two_region_memory
    startup_stm32f405xx.o(RESET) refers to startup_stm32f405xx.o(STACK) for __initial_sp
    startup_stm32f405xx.o(RESET) refers to startup_stm32f405xx.o(.text) for Reset_Handler
    startup_stm32f405xx.o(RESET) refers to stm32f4xx_it.o(.text.NMI_Handler) for NMI_Handler
    startup_stm32f405xx.o(RESET) refers to stm32f4xx_it.o(.text.HardFault_Handler) for HardFault_Handler
    startup_stm32f405xx.o(RESET) refers to stm32f4xx_it.o(.text.MemManage_Handler) for MemManage_Handler
    startup_stm32f405xx.o(RESET) refers to stm32f4xx_it.o(.text.BusFault_Handler) for BusFault_Handler
    startup_stm32f405xx.o(RESET) refers to stm32f4xx_it.o(.text.UsageFault_Handler) for UsageFault_Handler
    startup_stm32f405xx.o(RESET) refers to stm32f4xx_it.o(.text.SVC_Handler) for SVC_Handler
    startup_stm32f405xx.o(RESET) refers to stm32f4xx_it.o(.text.DebugMon_Handler) for DebugMon_Handler
    startup_stm32f405xx.o(RESET) refers to stm32f4xx_it.o(.text.PendSV_Handler) for PendSV_Handler
    startup_stm32f405xx.o(RESET) refers to stm32f4xx_it.o(.text.SysTick_Handler) for SysTick_Handler
    startup_stm32f405xx.o(RESET) refers to stm32f4xx_it.o(.text.DMA1_Stream0_IRQHandler) for DMA1_Stream0_IRQHandler
    startup_stm32f405xx.o(RESET) refers to stm32f4xx_it.o(.text.DMA1_Stream1_IRQHandler) for DMA1_Stream1_IRQHandler
    startup_stm32f405xx.o(RESET) refers to stm32f4xx_it.o(.text.DMA1_Stream3_IRQHandler) for DMA1_Stream3_IRQHandler
    startup_stm32f405xx.o(RESET) refers to stm32f4xx_it.o(.text.CAN1_RX0_IRQHandler) for CAN1_RX0_IRQHandler
    startup_stm32f405xx.o(RESET) refers to stm32f4xx_it.o(.text.TIM2_IRQHandler) for TIM2_IRQHandler
    startup_stm32f405xx.o(RESET) refers to stm32f4xx_it.o(.text.TIM3_IRQHandler) for TIM3_IRQHandler
    startup_stm32f405xx.o(RESET) refers to stm32f4xx_it.o(.text.USART1_IRQHandler) for USART1_IRQHandler
    startup_stm32f405xx.o(RESET) refers to stm32f4xx_it.o(.text.USART3_IRQHandler) for USART3_IRQHandler
    startup_stm32f405xx.o(RESET) refers to stm32f4xx_it.o(.text.TIM8_UP_TIM13_IRQHandler) for TIM8_UP_TIM13_IRQHandler
    startup_stm32f405xx.o(RESET) refers to stm32f4xx_it.o(.text.DMA1_Stream7_IRQHandler) for DMA1_Stream7_IRQHandler
    startup_stm32f405xx.o(RESET) refers to stm32f4xx_it.o(.text.TIM5_IRQHandler) for TIM5_IRQHandler
    startup_stm32f405xx.o(RESET) refers to stm32f4xx_it.o(.text.UART5_IRQHandler) for UART5_IRQHandler
    startup_stm32f405xx.o(RESET) refers to stm32f4xx_it.o(.text.TIM7_IRQHandler) for TIM7_IRQHandler
    startup_stm32f405xx.o(RESET) refers to stm32f4xx_it.o(.text.DMA2_Stream1_IRQHandler) for DMA2_Stream1_IRQHandler
    startup_stm32f405xx.o(RESET) refers to stm32f4xx_it.o(.text.DMA2_Stream2_IRQHandler) for DMA2_Stream2_IRQHandler
    startup_stm32f405xx.o(RESET) refers to stm32f4xx_it.o(.text.CAN2_RX1_IRQHandler) for CAN2_RX1_IRQHandler
    startup_stm32f405xx.o(RESET) refers to stm32f4xx_it.o(.text.DMA2_Stream7_IRQHandler) for DMA2_Stream7_IRQHandler
    startup_stm32f405xx.o(RESET) refers to stm32f4xx_it.o(.text.USART6_IRQHandler) for USART6_IRQHandler
    startup_stm32f405xx.o(.text) refers (Special) to heapauxi.o(.text) for __use_two_region_memory
    startup_stm32f405xx.o(.text) refers to system_stm32f4xx.o(.text.SystemInit) for SystemInit
    startup_stm32f405xx.o(.text) refers to __main.o(!!!main) for __main
    startup_stm32f405xx.o(.text) refers to startup_stm32f405xx.o(HEAP) for Heap_Mem
    startup_stm32f405xx.o(.text) refers to startup_stm32f405xx.o(STACK) for Stack_Mem
    cp_system.o(.text.CP_System_Init) refers to usart.o(.bss.huart3) for huart3
    cp_system.o(.text.CP_System_Init) refers to cp_system.o(.bss.CP_rev_buf) for CP_rev_buf
    cp_system.o(.text.CP_System_Init) refers to stm32f4xx_hal_uart.o(.text.HAL_UART_Receive_DMA) for HAL_UART_Receive_DMA
    cp_system.o(.ARM.exidx.text.CP_System_Init) refers to cp_system.o(.text.CP_System_Init) for [Anonymous Symbol]
    cp_system.o(.text.CP_System_IRQHandler) refers to usart.o(.bss.huart3) for huart3
    cp_system.o(.text.CP_System_IRQHandler) refers to stm32f4xx_hal_uart.o(.text.HAL_UART_DMAStop) for HAL_UART_DMAStop
    cp_system.o(.text.CP_System_IRQHandler) refers to cp_system.o(.bss.CP_rx_len) for CP_rx_len
    cp_system.o(.text.CP_System_IRQHandler) refers to cp_system.o(.bss.CP_FIFO) for CP_FIFO
    cp_system.o(.text.CP_System_IRQHandler) refers to cp_system.o(.bss.CP_rev_buf) for CP_rev_buf
[...]
    __aeabi_dsub                             0x0800da1d   Thumb Code     0  daddsub_clz.o(x$fpl$dsub)
    _dsub                                    0x0800da1d   Thumb Code   472  daddsub_clz.o(x$fpl$dsub)
    __aeabi_f2d                              0x0800dbf9   Thumb Code     0  f2d.o(x$fpl$f2d)
    _f2d                                     0x0800dbf9   Thumb Code    86  f2d.o(x$fpl$f2d)
    __aeabi_dcmpeq                           0x0800dc4f   Thumb Code     0  dcmp.o(x$fpl$fcmp)
    _deq                                     0x0800dc4f   Thumb Code    14  dcmp.o(x$fpl$fcmp)
    _dneq                                    0x0800dc5d   Thumb Code    14  dcmp.o(x$fpl$fcmp)
    __aeabi_dcmpgt                           0x0800dc6b   Thumb Code     0  dcmp.o(x$fpl$fcmp)
    _dgr                                     0x0800dc6b   Thumb Code    14  dcmp.o(x$fpl$fcmp)
    __aeabi_dcmpge                           0x0800dc79   Thumb Code     0  dcmp.o(x$fpl$fcmp)
    _dgeq                                    0x0800dc79   Thumb Code    14  dcmp.o(x$fpl$fcmp)
    __aeabi_dcmple                           0x0800dc87   Thumb Code     0  dcmp.o(x$fpl$fcmp)
    _dleq                                    0x0800dc87   Thumb Code    14  dcmp.o(x$fpl$fcmp)
    __aeabi_dcmplt                           0x0800dc95   Thumb Code     0  dcmp.o(x$fpl$fcmp)
    _dls                                     0x0800dc95   Thumb Code    14  dcmp.o(x$fpl$fcmp)
    __fpl_fnaninf                            0x0800dca3   Thumb Code   140  fnaninf.o(x$fpl$fnaninf)
    _fp_init                                 0x0800dd2f   Thumb Code    26  fpinit.o(x$fpl$fpinit)
    __fplib_config_fpu_vfp                   0x0800dd47   Thumb Code     0  fpinit.o(x$fpl$fpinit)
    __fplib_config_pureend_doubles           0x0800dd47   Thumb Code     0  fpinit.o(x$fpl$fpinit)
    __fpl_fretinf                            0x0800dd49   Thumb Code    10  fretinf.o(x$fpl$fretinf)
    __I$use$fp                               0x0800dd52   Number         0  usenofp.o(x$fpl$usenofp)
    AHBPrescTable                            0x0800dd74   Data          16  system_stm32f4xx.o(.rodata.AHBPrescTable)
    APBPrescTable                            0x0800dd84   Data           8  system_stm32f4xx.o(.rodata.APBPrescTable)
    Region$$Table$$Base                      0x0800e0a0   Number         0  anon$$obj.o(Region$$Table)
    Region$$Table$$Limit                     0x0800e0c0   Number         0  anon$$obj.o(Region$$Table)
    SHT$$INIT_ARRAY$$Base                    0x0800e0c0   Number         0  rm_lib.o(.init_array)
    SHT$$INIT_ARRAY$$Limit                   0x0800e0d4   Number         0  init_aeabi.o(.init_array)
    E_Char                                   0x20000000   Data          10  main.o(.data.E_Char)
    MID_Char                                 0x2000000a   Data          10  main.o(.data.MID_Char)
    Q_Char                                   0x20000014   Data          10  main.o(.data.Q_Char)
    SystemCoreClock                          0x20000020   Data           4  system_stm32f4xx.o(.data.SystemCoreClock)
    UI_step                                  0x20000024   Data           1  main.o(.data.UI_step)
    UI_step_ten                              0x20000025   Data           1  main.o(.data.UI_step_ten)
    XTL_SPEED_FLAG                           0x20000026   Data           2  main.o(.data.XTL_SPEED_FLAG)
    X_Char                                   0x20000028   Data          10  main.o(.data.X_Char)
    YAW_Error                                0x20000032   Data           1  main.o(.data.YAW_Error)
    color1                                   0x2000004d   Data           7  main.o(.data.color1)
    color2                                   0x20000054   Data           7  main.o(.data.color2)
    color4                                   0x2000005b   Data           5  main.o(.data.color4)
    d1                                       0x20000060   Data          80  main.o(.data.d1)
    d2                                       0x200000b0   Data         112  main.o(.data.d2)
    d4                                       0x20000120   Data          80  main.o(.data.d4)
    fb_add_sp                                0x20000170   Data           4  main.o(.data.fb_add_sp)
    fb_cut_sp                                0x20000174   Data           4  main.o(.data.fb_cut_sp)
    graphic_tpye2                            0x20000178   Data           7  main.o(.data.graphic_tpye2)
    lr_add_sp                                0x20000180   Data           4  main.o(.data.lr_add_sp)
    lr_cut_sp                                0x20000184   Data           4  main.o(.data.lr_cut_sp)
    name1                                    0x20000188   Data          20  main.o(.data.name1)
    name2                                    0x2000019c   Data          28  main.o(.data.name2)
    name4                                    0x200001b8   Data          20  main.o(.data.name4)
    uwTickFreq                               0x200001cc   Data           1  stm32f4xx_hal.o(.data.uwTickFreq)
    uwTickPrio                               0x200001d0   Data           4  stm32f4xx_hal.o(.data.uwTickPrio)
    __libspace_start                         0x200001d8   Data          96  libspace.o(.bss)
    Buff_Flag                                0x20000238   Data           1  main.o(.bss.Buff_Flag)
    __temporary_stack_top$libspace           0x20000238   Data           0  libspace.o(.bss)
    CAN_Communicate                          0x2000023c   Data          84  main.o(.bss.CAN_Communicate)
    CAN_Motor                                0x20000290   Data          84  main.o(.bss.CAN_Motor)
    CHASSIS_088                              0x200002e4   Data         624  main.o(.bss.CHASSIS_088)
    CP                                       0x20000554   Data         804  cp_system.o(.bss.CP)
    CP_rev_buf                               0x20000879   Data        1024  cp_system.o(.bss.CP_rev_buf)
    CP_robot_hurt_seq                        0x20000c79   Data           1  cp_system.o(.bss.CP_robot_hurt_seq)
    CP_send_buf                              0x20000c7c   Data         256  cp_system.o(.bss.CP_send_buf)
    Chase_Flag                               0x20000d7c   Data           2  main.o(.bss.Chase_Flag)
    Chase_Time                               0x20000d7e   Data           2  main.o(.bss.Chase_Time)
    Chassic_3508_Flag                        0x20000d80   Data           1  main.o(.bss.Chassic_3508_Flag)
    Communicate_Rx_Flag_1                    0x20000d82   Data           2  main.o(.bss.Communicate_Rx_Flag_1)
    Communicate_Send_Flag_1                  0x20000d84   Data           2  main.o(.bss.Communicate_Send_Flag_1)
    DP                                       0x20000d88   Data          16  main.o(.bss.DP)
    DP_Power_Limit                           0x20000d98   Data          40  main.o(.bss.DP_Power_Limit)
    DUM_Connect_time                         0x20000dc0   Data           4  cp_system.o(.bss.DUM_Connect_time)
    Driver_OUT_PID                           0x20000dc4   Data           2  main.o(.bss.Driver_OUT_PID)
    E_Flag                                   0x20000dc6   Data           1  main.o(.bss.E_Flag)
    FB_Real_Speed                            0x20000dc8   Data           4  main.o(.bss.FB_Real_Speed)
    FB_Speed                                 0x20000dcc   Data           4  main.o(.bss.FB_Speed)
    Gimbal_Pitch                             0x20000dd0   Data           4  main.o(.bss.Gimbal_Pitch)
    Gimbal_Pitch_Acc                         0x20000dd4   Data           4  main.o(.bss.Gimbal_Pitch_Acc)
    Gimbal_Roll                              0x20000dd8   Data           4  main.o(.bss.Gimbal_Roll)
    Gimbal_Roll_Acc                          0x20000ddc   Data           4  main.o(.bss.Gimbal_Roll_Acc)
    LR_Real_Speed                            0x20000e34   Data           4  main.o(.bss.LR_Real_Speed)
    LR_Speed                                 0x20000e38   Data           4  main.o(.bss.LR_Speed)
    Left_Leg                                 0x20000e3c   Data         112  main.o(.bss.Left_Leg)
    Leg_Mode                                 0x20000eac   Data           1  main.o(.bss.Leg_Mode)
    M3508_1                                  0x20000eb0   Data           4  main.o(.bss.M3508_1)
    M3508_2                                  0x20000eb4   Data           4  main.o(.bss.M3508_2)
    M3508_3                                  0x20000eb8   Data           4  main.o(.bss.M3508_3)
    M3508_4                                  0x20000ebc   Data           4  main.o(.bss.M3508_4)
    M3508_MOTOR_HY                           0x20000ec0   Data          32  main.o(.bss.M3508_MOTOR_HY)
    M3508_MOTOR_HY_sp                        0x20000ee0   Data         112  main.o(.bss.M3508_MOTOR_HY_sp)
    M3508_MOTOR_HZ                           0x20000f50   Data          32  main.o(.bss.M3508_MOTOR_HZ)
    M3508_MOTOR_HZ_sp                        0x20000f70   Data         112  main.o(.bss.M3508_MOTOR_HZ_sp)
    M3508_MOTOR_QY                           0x20000fe0   Data          32  main.o(.bss.M3508_MOTOR_QY)
    M3508_MOTOR_QY_sp                        0x20001000   Data         112  main.o(.bss.M3508_MOTOR_QY_sp)
    M3508_MOTOR_QZ                           0x20001070   Data          32  main.o(.bss.M3508_MOTOR_QZ)
    M3508_MOTOR_QZ_sp                        0x20001090   Data         112  main.o(.bss.M3508_MOTOR_QZ_sp)
    MCL_SPEED                                0x20001100   Data           2  main.o(.bss.MCL_SPEED)
    MID_Flag                                 0x20001102   Data           1  main.o(.bss.MID_Flag)
    Motor_Flag                               0x20001103   Data           3  main.o(.bss.Motor_Flag)
    PID_Chassis                              0x20001108   Data         112  main.o(.bss.PID_Chassis)
    PID_Chassis_FeiPo                        0x20001178   Data         112  main.o(.bss.PID_Chassis_FeiPo)
    Q_Flag                                   0x200011e8   Data           1  main.o(.bss.Q_Flag)
    Reset_flag                               0x200011e9   Data           1  main.o(.bss.Reset_flag)
    Right_Leg                                0x200011ec   Data         112  main.o(.bss.Right_Leg)
    SpeedChange                              0x2000125c   Data           2  main.o(.bss.SpeedChange)
    Target_Speed                             0x20001260   Data           4  main.o(.bss.Target_Speed)
    UD_Chase                                 0x20001264   Data           1  main.o(.bss.UD_Chase)
    UD_E                                     0x20001265   Data           1  main.o(.bss.UD_E)
    UD_E_buf                                 0x20001266   Data           1  main.o(.bss.UD_E_buf)
    UD_FeiPo                                 0x20001267   Data           1  main.o(.bss.UD_FeiPo)
    UD_MID                                   0x20001268   Data           1  main.o(.bss.UD_MID)
    UD_Mid_buf                               0x20001269   Data           1  main.o(.bss.UD_Mid_buf)
    UD_Q                                     0x2000126a   Data           1  main.o(.bss.UD_Q)
    UD_Q_buf                                 0x2000126b   Data           1  main.o(.bss.UD_Q_buf)
    UD_SpeedDown                             0x2000126c   Data           1  main.o(.bss.UD_SpeedDown)
    UD_SpeedUp                               0x2000126d   Data           1  main.o(.bss.UD_SpeedUp)
    UD_Speed_Cut                             0x2000126e   Data           1  main.o(.bss.UD_Speed_Cut)
    UD_XTL                                   0x2000126f   Data           1  main.o(.bss.UD_XTL)
    UD_yaogan                                0x20001270   Data           1  main.o(.bss.UD_yaogan)
    V_Bat                                    0x20001274   Data           4  main.o(.bss.V_Bat)
    V_Bat_Real                               0x20001278   Data           4  main.o(.bss.V_Bat_Real)
    V_Cap                                    0x2000127c   Data           4  main.o(.bss.V_Cap)
    V_Cap_Real                               0x20001280   Data           4  main.o(.bss.V_Cap_Real)
    V_Load                                   0x20001284   Data           4  main.o(.bss.V_Load)
    V_Load_Real                              0x20001288   Data           4  main.o(.bss.V_Load_Real)
    XTL_Flag                                 0x2000128c   Data           1  main.o(.bss.XTL_Flag)
    XTL_PID_OUT                              0x20001290   Data           4  main.o(.bss.XTL_PID_OUT)
    XTL_SPEED_OUT                            0x20001294   Data           4  main.o(.bss.XTL_SPEED_OUT)
    XTL_speed                                0x20001298   Data           2  main.o(.bss.XTL_speed)
    X_Flag                                   0x2000129a   Data           1  main.o(.bss.X_Flag)
    YAW                                      0x2000129c   Data         112  main.o(.bss.YAW)
    YK                                       0x2000130c   Data          92  main.o(.bss.YK)
    YK_Mode                                  0x20001368   Data           1  main.o(.bss.YK_Mode)
    Yaw_Back                                 0x20001369   Data           1  main.o(.bss.Yaw_Back)
    cos_theta_L                              0x20001864   Data           4  main.o(.bss.cos_theta_L)
    cos_theta_R                              0x20001868   Data           4  main.o(.bss.cos_theta_R)
    cos_theta_down                           0x2000186c   Data           4  main.o(.bss.cos_theta_down)
    graphic_tpye1                            0x20001870   Data           7  main.o(.bss.graphic_tpye1)
    graphic_tpye4                            0x20001877   Data           5  main.o(.bss.graphic_tpye4)
    hcan1                                    0x2000187c   Data          40  can.o(.bss.hcan1)
    hcan2                                    0x200018a4   Data          40  can.o(.bss.hcan2)
    hdma_uart5_rx                            0x200018cc   Data          96  usart.o(.bss.hdma_uart5_rx)
    hdma_uart5_tx                            0x2000192c   Data          96  usart.o(.bss.hdma_uart5_tx)
    hdma_usart1_rx                           0x2000198c   Data          96  usart.o(.bss.hdma_usart1_rx)
    hdma_usart1_tx                           0x200019ec   Data          96  usart.o(.bss.hdma_usart1_tx)
    hdma_usart3_rx                           0x20001a4c   Data          96  usart.o(.bss.hdma_usart3_rx)
    hdma_usart3_tx                           0x20001aac   Data          96  usart.o(.bss.hdma_usart3_tx)
    hdma_usart6_rx                           0x20001b0c   Data          96  usart.o(.bss.hdma_usart6_rx)
    hspi1                                    0x20001b6c   Data          88  spi.o(.bss.hspi1)
    htim2                                    0x20001bc4   Data          72  tim.o(.bss.htim2)
    htim3                                    0x20001c0c   Data          72  tim.o(.bss.htim3)
    htim5                                    0x20001c54   Data          72  tim.o(.bss.htim5)
    htim7                                    0x20001c9c   Data          72  tim.o(.bss.htim7)
    htim8                                    0x20001ce4   Data          72  tim.o(.bss.htim8)
    huart1                                   0x20001d2c   Data          72  usart.o(.bss.huart1)
    huart2                                   0x20001d74   Data          72  usart.o(.bss.huart2)
    huart3                                   0x20001dbc   Data          72  usart.o(.bss.huart3)
    huart5                                   0x20001e04   Data          72  usart.o(.bss.huart5)
    huart6                                   0x20001e4c   Data          72  usart.o(.bss.huart6)
    play_mode                                0x20001e94   Data           1  main.o(.bss.play_mode)
    sin_theta_L                              0x20001e98   Data           4  main.o(.bss.sin_theta_L)
    sin_theta_R                              0x20001e9c   Data           4  main.o(.bss.sin_theta_R)
    sin_theta_down                           0x20001ea0   Data           4  main.o(.bss.sin_theta_down)
    speed                                    0x20001ea4   Data           2  main.o(.bss.speed)
    sysTickUptime                            0x20001ea8   Data           4  cp_system.o(.bss.sysTickUptime)
    usTicks                                  0x20001eac   Data           4  cp_system.o(.bss.usTicks)
    uwTick                                   0x20001eb0   Data           4  stm32f4xx_hal.o(.bss.uwTick)



==============================================================================

Memory Map of the image

  Image Entry point : 0x08000189

  Load Region LR_IROM1 (Base: 0x08000000, Size: 0x0000e2b0, Max: 0x00100000, ABSOLUTE, COMPRESSED[0x0000e1b0])

    Execution Region ER_IROM1 (Exec base: 0x08000000, Load base: 0x08000000, Size: 0x0000e0d4, Max: 0x00100000, ABSOLUTE)

    Exec Addr    Load Addr    Size         Type   Attr      Idx    E Section Name        Object

    0x08000000   0x08000000   0x00000188   Data   RO            3    RESET               startup_stm32f405xx.o
    0x08000188   0x08000188   0x00000008   Code   RO         2251  * !!!main             c_w.l(__main.o)
    0x08000190   0x08000190   0x0000005c   Code   RO         2833    !!!scatter          c_w.l(__scatter.o)
    0x080001ec   0x080001ec   0x0000005a   Code   RO         2831    !!dczerorl2         c_w.l(__dczerorl2.o)
    0x08000246   0x08000246   0x00000002   PAD
    0x08000248   0x08000248   0x00000002   Code   RO         2834    !!handler_null      c_w.l(__scatter.o)
    0x0800024a   0x0800024a   0x00000002   PAD
    0x0800024c   0x0800024c   0x0000001c   Code   RO         2837    !!handler_zi        c_w.l(__scatter_zi.o)
    0x08000268   0x08000268   0x00000002   Code   RO         2697    .ARM.Collect$$libinit$$00000000  c_w.l(libinit.o)
    0x0800026a   0x0800026a   0x00000004   Code   RO         2453    .ARM.Collect$$libinit$$00000001  c_w.l(libinit2.o)
    0x0800026e   0x0800026e   0x00000000   Code   RO         2456    .ARM.Collect$$libinit$$00000004  c_w.l(libinit2.o)
    0x0800026e   0x0800026e   0x00000000   Code   RO         2458    .ARM.Collect$$libinit$$00000006  c_w.l(libinit2.o)
    0x0800026e   0x0800026e   0x00000000   Code   RO         2461    .ARM.Collect$$libinit$$0000000C  c_w.l(libinit2.o)
    0x0800026e   0x0800026e   0x00000000   Code   RO         2463    .ARM.Collect$$libinit$$0000000E  c_w.l(libinit2.o)
    0x0800026e   0x0800026e   0x00000000   Code   RO         2465    .ARM.Collect$$libinit$$00000010  c_w.l(libinit2.o)
    0x0800026e   0x0800026e   0x00000000   Code   RO         2468    .ARM.Collect$$libinit$$00000013  c_w.l(libinit2.o)
    0x0800026e   0x0800026e   0x00000000   Code   RO         2470    .ARM.Collect$$libinit$$00000015  c_w.l(libinit2.o)
    0x0800026e   0x0800026e   0x00000000   Code   RO         2472    .ARM.Collect$$libinit$$00000017  c_w.l(libinit2.o)
    0x0800026e   0x0800026e   0x00000000   Code   RO         2474    .ARM.Collect$$libinit$$00000019  c_w.l(libinit2.o)
    0x0800026e   0x0800026e   0x00000000   Code   RO         2476    .ARM.Collect$$libinit$$0000001B  c_w.l(libinit2.o)
    0x0800026e   0x0800026e   0x00000000   Code   RO         2478    .ARM.Collect$$libinit$$0000001D  c_w.l(libinit2.o)
    0x0800026e   0x0800026e   0x00000000   Code   RO         2480    .ARM.Collect$$libinit$$0000001F  c_w.l(libinit2.o)
    0x0800026e   0x0800026e   0x00000000   Code   RO         2482    .ARM.Collect$$libinit$$00000021  c_w.l(libinit2.o)
    0x0800026e   0x0800026e   0x00000000   Code   RO         2484    .ARM.Collect$$libinit$$00000023  c_w.l(libinit2.o)
    0x0800026e   0x0800026e   0x00000000   Code   RO         2486    .ARM.Collect$$libinit$$00000025  c_w.l(libinit2.o)
    0x0800026e   0x0800026e   0x00000000   Code   RO         2488    .ARM.Collect$$libinit$$00000027  c_w.l(libinit2.o)
    0x0800026e   0x0800026e   0x00000000   Code   RO         2492    .ARM.Collect$$libinit$$0000002E  c_w.l(libinit2.o)
    0x0800026e   0x0800026e   0x00000000   Code   RO         2494    .ARM.Collect$$libinit$$00000030  c_w.l(libinit2.o)
    0x0800026e   0x0800026e   0x00000000   Code   RO         2496    .ARM.Collect$$libinit$$00000032  c_w.l(libinit2.o)
    0x0800026e   0x0800026e   0x00000004   Code   RO         2497    .ARM.Collect$$libinit$$00000033  c_w.l(libinit2.o)
    0x08000272   0x08000272   0x00000000   Code   RO         2498    .ARM.Collect$$libinit$$00000034  c_w.l(libinit2.o)
    0x08000272   0x08000272   0x00000002   Code   RO         2499    .ARM.Collect$$libinit$$00000035  c_w.l(libinit2.o)
    0x08000274   0x08000274   0x00000002   Code   RO         2783    .ARM.Collect$$libshutdown$$00000000  c_w.l(libshutdown.o)
    0x08000276   0x08000276   0x00000000   Code   RO         2807    .ARM.Collect$$libshutdown$$00000002  c_w.l(libshutdown2.o)
    0x08000276   0x08000276   0x00000000   Code   RO         2809    .ARM.Collect$$libshutdown$$00000004  c_w.l(libshutdown2.o)
    0x08000276   0x08000276   0x00000000   Code   RO         2812    .ARM.Collect$$libshutdown$$00000007  c_w.l(libshutdown2.o)
    0x08000276   0x08000276   0x00000000   Code   RO         2815    .ARM.Collect$$libshutdown$$0000000A  c_w.l(libshutdown2.o)
    0x08000276   0x08000276   0x00000000   Code   RO         2817    .ARM.Collect$$libshutdown$$0000000C  c_w.l(libshutdown2.o)
    0x08000276   0x08000276   0x00000000   Code   RO         2820    .ARM.Collect$$libshutdown$$0000000F  c_w.l(libshutdown2.o)
    0x08000276   0x08000276   0x00000002   Code   RO         2821    .ARM.Collect$$libshutdown$$00000010  c_w.l(libshutdown2.o)
    0x08000278   0x08000278   0x00000000   Code   RO         2342    .ARM.Collect$$rtentry$$00000000  c_w.l(__rtentry.o)
    0x08000278   0x08000278   0x00000000   Code   RO         2584    .ARM.Collect$$rtentry$$00000002  c_w.l(__rtentry2.o)
    0x08000278   0x08000278   0x00000006   Code   RO         2596    .ARM.Collect$$rtentry$$00000004  c_w.l(__rtentry4.o)
    0x0800027e   0x0800027e   0x00000000   Code   RO         2586    .ARM.Collect$$rtentry$$00000009  c_w.l(__rtentry2.o)
    0x0800027e   0x0800027e   0x00000004   Code   RO         2587    .ARM.Collect$$rtentry$$0000000A  c_w.l(__rtentry2.o)
    0x08000282   0x08000282   0x00000000   Code   RO         2589    .ARM.Collect$$rtentry$$0000000C  c_w.l(__rtentry2.o)
    0x08000282   0x08000282   0x00000008   Code   RO         2590    .ARM.Collect$$rtentry$$0000000D  c_w.l(__rtentry2.o)
    0x0800028a   0x0800028a   0x00000002   Code   RO         2704    .ARM.Collect$$rtexit$$00000000  c_w.l(rtexit.o)
    0x0800028c   0x0800028c   0x00000000   Code   RO         2751    .ARM.Collect$$rtexit$$00000002  c_w.l(rtexit2.o)
    0x0800028c   0x0800028c   0x00000004   Code   RO         2752    .ARM.Collect$$rtexit$$00000003  c_w.l(rtexit2.o)
    0x08000290   0x08000290   0x00000006   Code   RO         2753    .ARM.Collect$$rtexit$$00000004  c_w.l(rtexit2.o)
    0x08000296   0x08000296   0x00000002   PAD
    0x08000298   0x08000298   0x00000040   Code   RO            4    .text               startup_stm32f405xx.o
    0x080002d8   0x080002d8   0x000000f0   Code   RO         2223    .text               c_w.l(lludivv7m.o)
    0x080003c8   0x080003c8   0x0000003e   Code   RO         2237    .text               c_w.l(strlen.o)
    0x08000406   0x08000406   0x0000008a   Code   RO         2239    .text               c_w.l(rt_memcpy_v6.o)
    0x08000490   0x08000490   0x00000064   Code   RO         2241    .text               c_w.l(rt_memcpy_w.o)
    0x080004f4   0x080004f4   0x0000004e   Code   RO         2245    .text               c_w.l(rt_memclr_w.o)
    0x08000542   0x08000542   0x00000006   Code   RO         2249    .text               c_w.l(heapauxi.o)
    0x08000548   0x08000548   0x0000002c   Code   RO         2256    .text               c_w.l(init_aeabi.o)
    0x08000574   0x08000574   0x00000008   Code   RO         2352    .text               c_w.l(rt_errno_addr_intlibspace.o)
    0x0800057c   0x0800057c   0x00000016   Code   RO         2354    .text               c_w.l(_rserrno.o)
    0x08000592   0x08000592   0x00000002   PAD
    0x08000594   0x08000594   0x00000008   Code   RO         2580    .text               c_w.l(libspace.o)
    0x0800059c   0x0800059c   0x0000004a   Code   RO         2647    .text               c_w.l(sys_stackheap_outer.o)
    0x080005e6   0x080005e6   0x00000012   Code   RO         2682    .text               c_w.l(exit.o)
    0x080005f8   0x080005f8   0x0000000c   Code   RO         2743    .text               c_w.l(sys_exit.o)
    0x08000604   0x08000604   0x00000002   Code   RO         2747    .text               c_w.l(use_no_semi.o)
    0x08000606   0x08000606   0x00000000   Code   RO         2749    .text               c_w.l(indicate_semi.o)
    0x08000606   0x08000606   0x00000002   PAD
    0x08000608   0x08000608   0x0000004e   Code   RO           27    .text.Append_CRC16_Check_Sum  cp_system.o
    0x08000656   0x08000656   0x00000002   PAD
    0x08000658   0x08000658   0x00000040   Code   RO           25    .text.Append_CRC8_Check_Sum  cp_system.o
    0x08000698   0x08000698   0x00000004   Code   RO          710    .text.BusFault_Handler  stm32f4xx_it.o
    0x0800069c   0x0800069c   0x00000010   Code   RO          728    .text.CAN1_RX0_IRQHandler  stm32f4xx_it.o
    0x080006ac   0x080006ac   0x00000010   Code   RO          752    .text.CAN2_RX1_IRQHandler  stm32f4xx_it.o
    0x080006bc   0x080006bc   0x00000266   Code   RO           39    .text.CP_DrawOrDelete_Char  cp_system.o
    0x08000922   0x08000922   0x00000002   PAD
    0x08000924   0x08000924   0x0000032e   Code   RO           33    .text.CP_DrawOrDelete_Five_Graphic  cp_system.o
    0x08000c52   0x08000c52   0x00000002   PAD
    0x08000c54   0x08000c54   0x00000284   Code   RO           37    .text.CP_DrawOrDelete_One_Number  cp_system.o
    0x08000ed8   0x08000ed8   0x0000032e   Code   RO           35    .text.CP_DrawOrDelete_Seven_Graphic  cp_system.o
    0x08001206   0x08001206   0x00000002   PAD
    0x08001208   0x08001208   0x000000b4   Code   RO           17    .text.CP_System_DMACplt_DataDeal  cp_system.o
    0x080012bc   0x080012bc   0x000000cc   Code   RO           13    .text.CP_System_IRQHandler  cp_system.o
    0x08001388   0x08001388   0x00000026   Code   RO           11    .text.CP_System_Init  cp_system.o
    0x080013ae   0x080013ae   0x00000002   PAD
    0x080013b0   0x080013b0   0x00000ca6   Code   RO           15    .text.CP_data_deal  cp_system.o
    0x08002056   0x08002056   0x00000002   PAD
    0x08002058   0x08002058   0x00000010   Code   RO          722    .text.DMA1_Stream0_IRQHandler  stm32f4xx_it.o
    0x08002068   0x08002068   0x00000010   Code   RO          724    .text.DMA1_Stream1_IRQHandler  stm32f4xx_it.o
    0x08002078   0x08002078   0x00000010   Code   RO          726    .text.DMA1_Stream3_IRQHandler  stm32f4xx_it.o
    0x08002088   0x08002088   0x00000010   Code   RO          740    .text.DMA1_Stream7_IRQHandler  stm32f4xx_it.o
    0x08002098   0x08002098   0x00000010   Code   RO          748    .text.DMA2_Stream1_IRQHandler  stm32f4xx_it.o
    0x080020a8   0x080020a8   0x00000010   Code   RO          750    .text.DMA2_Stream2_IRQHandler  stm32f4xx_it.o
    0x080020b8   0x080020b8   0x00000010   Code   RO          754    .text.DMA2_Stream7_IRQHandler  stm32f4xx_it.o
    0x080020c8   0x080020c8   0x00000056   Code   RO         1034    .text.DMA_CalcBaseAndBitshift  stm32f4xx_hal_dma.o
    0x0800211e   0x0800211e   0x00000002   PAD
    0x08002120   0x08002120   0x000000f0   Code   RO         1032    .text.DMA_CheckFifoParam  stm32f4xx_hal_dma.o
    0x08002210   0x08002210   0x00000050   Code   RO         1040    .text.DMA_SetConfig  stm32f4xx_hal_dma.o
    0x08002260   0x08002260   0x00000002   Code   RO          716    .text.DebugMon_Handler  stm32f4xx_it.o
    0x08002262   0x08002262   0x00000002   PAD
    0x08002264   0x08002264   0x00000006   Code   RO          406    .text.Error_Handler  main.o
    0x0800226a   0x0800226a   0x00000002   PAD
    0x0800226c   0x0800226c   0x0000006a   Code   RO           49    .text.Get_CRC16_Check_Sum  cp_system.o
    0x080022d6   0x080022d6   0x00000002   PAD
    0x080022d8   0x080022d8   0x00000046   Code   RO           47    .text.Get_CRC8_Check_Sum  cp_system.o
    0x0800231e   0x0800231e   0x00000002   PAD
    0x08002320   0x08002320   0x00000052   Code   RO          811    .text.HAL_CAN_ActivateNotification  stm32f4xx_hal_can.o
    0x08002372   0x08002372   0x00000002   PAD
    0x08002374   0x08002374   0x00000156   Code   RO          797    .text.HAL_CAN_AddTxMessage  stm32f4xx_hal_can.o
    0x080024ca   0x080024ca   0x00000002   PAD
    0x080024cc   0x080024cc   0x000001a4   Code   RO          787    .text.HAL_CAN_ConfigFilter  stm32f4xx_hal_can.o
    0x08002670   0x08002670   0x00000008   Code   RO          841    .text.HAL_CAN_ErrorCallback  stm32f4xx_hal_can.o
    0x08002678   0x08002678   0x00000212   Code   RO          807    .text.HAL_CAN_GetRxMessage  stm32f4xx_hal_can.o
    0x0800288a   0x0800288a   0x00000002   PAD
    0x0800288c   0x0800288c   0x00000070   Code   RO          801    .text.HAL_CAN_GetTxMailboxesFreeLevel  stm32f4xx_hal_can.o
    0x080028fc   0x080028fc   0x000003f2   Code   RO          815    .text.HAL_CAN_IRQHandler  stm32f4xx_hal_can.o
    0x08002cee   0x08002cee   0x00000002   PAD
    0x08002cf0   0x08002cf0   0x000001de   Code   RO          777    .text.HAL_CAN_Init  stm32f4xx_hal_can.o
    0x08002ece   0x08002ece   0x00000002   PAD
    0x08002ed0   0x08002ed0   0x0000018c   Code   RO          605    .text.HAL_CAN_MspInit  can.o
    0x0800305c   0x0800305c   0x00000008   Code   RO          829    .text.HAL_CAN_RxFifo0FullCallback  stm32f4xx_hal_can.o
    0x08003064   0x08003064   0x000001bc   Code   RO          408    .text.HAL_CAN_RxFifo0MsgPendingCallback  main.o
    0x08003220   0x08003220   0x00000008   Code   RO          833    .text.HAL_CAN_RxFifo1FullCallback  stm32f4xx_hal_can.o
    0x08003228   0x08003228   0x00000268   Code   RO          410    .text.HAL_CAN_RxFifo1MsgPendingCallback  main.o
    0x08003490   0x08003490   0x00000008   Code   RO          837    .text.HAL_CAN_SleepCallback  stm32f4xx_hal_can.o
    0x08003498   0x08003498   0x0000008a   Code   RO          789    .text.HAL_CAN_Start  stm32f4xx_hal_can.o
    0x08003522   0x08003522   0x00000002   PAD
    0x08003524   0x08003524   0x00000008   Code   RO          819    .text.HAL_CAN_TxMailbox0AbortCallback  stm32f4xx_hal_can.o
    0x0800352c   0x0800352c   0x00000008   Code   RO          817    .text.HAL_CAN_TxMailbox0CompleteCallback  stm32f4xx_hal_can.o
    0x08003534   0x08003534   0x00000008   Code   RO          823    .text.HAL_CAN_TxMailbox1AbortCallback  stm32f4xx_hal_can.o
    0x0800353c   0x0800353c   0x00000008   Code   RO          821    .text.HAL_CAN_TxMailbox1CompleteCallback  stm32f4xx_hal_can.o
    0x08003544   0x08003544   0x00000008   Code   RO          827    .text.HAL_CAN_TxMailbox2AbortCallback  stm32f4xx_hal_can.o
    0x0800354c   0x0800354c   0x00000008   Code   RO          825    .text.HAL_CAN_TxMailbox2CompleteCallback  stm32f4xx_hal_can.o
    0x08003554   0x08003554   0x00000008   Code   RO          839    .text.HAL_CAN_WakeUpFromRxMsgCallback  stm32f4xx_hal_can.o
    0x0800355c   0x0800355c   0x000000ec   Code   RO         1044    .text.HAL_DMA_Abort  stm32f4xx_hal_dma.o
    0x08003648   0x08003648   0x00000044   Code   RO         1046    .text.HAL_DMA_Abort_IT  stm32f4xx_hal_dma.o
    0x0800368c   0x0800368c   0x0000031e   Code   RO         1050    .text.HAL_DMA_IRQHandler  stm32f4xx_hal_dma.o
    0x080039aa   0x080039aa   0x00000002   PAD
    0x080039ac   0x080039ac   0x0000016e   Code   RO         1030    .text.HAL_DMA_Init  stm32f4xx_hal_dma.o
    0x08003b1a   0x08003b1a   0x00000002   PAD
    0x08003b1c   0x08003b1c   0x000000c2   Code   RO         1042    .text.HAL_DMA_Start_IT  stm32f4xx_hal_dma.o
    0x08003bde   0x08003bde   0x00000002   PAD
    0x08003be0   0x08003be0   0x00000042   Code   RO         1225    .text.HAL_Delay     stm32f4xx_hal.o
    0x08003c22   0x08003c22   0x00000002   PAD
    0x08003c24   0x08003c24   0x000003b6   Code   RO          992    .text.HAL_GPIO_Init  stm32f4xx_hal_gpio.o
    0x08003fda   0x08003fda   0x00000002   PAD
    0x08003fdc   0x08003fdc   0x0000002e   Code   RO          998    .text.HAL_GPIO_WritePin  stm32f4xx_hal_gpio.o
    0x0800400a   0x0800400a   0x00000002   PAD
    0x0800400c   0x0800400c   0x0000000c   Code   RO         1217    .text.HAL_GetTick   stm32f4xx_hal.o
    0x08004018   0x08004018   0x0000001a   Code   RO         1215    .text.HAL_IncTick   stm32f4xx_hal.o
    0x08004032   0x08004032   0x00000002   PAD
    0x08004034   0x08004034   0x00000036   Code   RO         1205    .text.HAL_Init      stm32f4xx_hal.o
    0x0800406a   0x0800406a   0x00000002   PAD
    0x0800406c   0x0800406c   0x00000070   Code   RO         1207    .text.HAL_InitTick  stm32f4xx_hal.o
    0x080040dc   0x080040dc   0x0000004a   Code   RO          769    .text.HAL_MspInit   stm32f4xx_hal_msp.o
    0x08004126   0x08004126   0x00000002   PAD
    0x08004128   0x08004128   0x00000014   Code   RO         1140    .text.HAL_NVIC_EnableIRQ  stm32f4xx_hal_cortex.o
    0x0800413c   0x0800413c   0x00000032   Code   RO         1132    .text.HAL_NVIC_SetPriority  stm32f4xx_hal_cortex.o
    0x0800416e   0x0800416e   0x00000002   PAD
    0x08004170   0x08004170   0x00000010   Code   RO         1128    .text.HAL_NVIC_SetPriorityGrouping  stm32f4xx_hal_cortex.o
    0x08004180   0x08004180   0x00000262   Code   RO          860    .text.HAL_RCC_ClockConfig  stm32f4xx_hal_rcc.o
    0x080043e2   0x080043e2   0x00000002   PAD
    0x080043e4   0x080043e4   0x0000000c   Code   RO          870    .text.HAL_RCC_GetHCLKFreq  stm32f4xx_hal_rcc.o
    0x080043f0   0x080043f0   0x00000022   Code   RO          872    .text.HAL_RCC_GetPCLK1Freq  stm32f4xx_hal_rcc.o
    0x08004412   0x08004412   0x00000002   PAD
    0x08004414   0x08004414   0x00000022   Code   RO          874    .text.HAL_RCC_GetPCLK2Freq  stm32f4xx_hal_rcc.o
    0x08004436   0x08004436   0x00000002   PAD
    0x08004438   0x08004438   0x000000e6   Code   RO          862    .text.HAL_RCC_GetSysClockFreq  stm32f4xx_hal_rcc.o
    0x0800451e   0x0800451e   0x00000002   PAD
    0x08004520   0x08004520   0x000006be   Code   RO          858    .text.HAL_RCC_OscConfig  stm32f4xx_hal_rcc.o
    0x08004bde   0x08004bde   0x00000002   PAD
    0x08004be0   0x08004be0   0x00000100   Code   RO         1294    .text.HAL_SPI_Init  stm32f4xx_hal_spi.o
    0x08004ce0   0x08004ce0   0x0000008e   Code   RO          629    .text.HAL_SPI_MspInit  spi.o
    0x08004d6e   0x08004d6e   0x00000002   PAD
    0x08004d70   0x08004d70   0x00000010   Code   RO         1152    .text.HAL_SYSTICK_Config  stm32f4xx_hal_cortex.o
    0x08004d80   0x08004d80   0x00000008   Code   RO         1734    .text.HAL_TIMEx_BreakCallback  stm32f4xx_hal_tim_ex.o
    0x08004d88   0x08004d88   0x00000008   Code   RO         1730    .text.HAL_TIMEx_CommutCallback  stm32f4xx_hal_tim_ex.o
    0x08004d90   0x08004d90   0x00000122   Code   RO         1724    .text.HAL_TIMEx_MasterConfigSynchronization  stm32f4xx_hal_tim_ex.o
    0x08004eb2   0x08004eb2   0x00000002   PAD
    0x08004eb4   0x08004eb4   0x0000009c   Code   RO         1411    .text.HAL_TIM_Base_Init  stm32f4xx_hal_tim.o
    0x08004f50   0x08004f50   0x00000174   Code   RO          651    .text.HAL_TIM_Base_MspInit  tim.o
    0x080050c4   0x080050c4   0x000000f6   Code   RO         1425    .text.HAL_TIM_Base_Start_IT  stm32f4xx_hal_tim.o
    0x080051ba   0x080051ba   0x00000002   PAD
    0x080051bc   0x080051bc   0x00000184   Code   RO         1603    .text.HAL_TIM_ConfigClockSource  stm32f4xx_hal_tim.o
    0x08005340   0x08005340   0x00000008   Code   RO         1547    .text.HAL_TIM_IC_CaptureCallback  stm32f4xx_hal_tim.o
    0x08005348   0x08005348   0x0000021a   Code   RO         1545    .text.HAL_TIM_IRQHandler  stm32f4xx_hal_tim.o
    0x08005562   0x08005562   0x00000002   PAD
    0x08005564   0x08005564   0x00000008   Code   RO         1549    .text.HAL_TIM_OC_DelayElapsedCallback  stm32f4xx_hal_tim.o
    0x0800556c   0x0800556c   0x00000008   Code   RO         1551    .text.HAL_TIM_PWM_PulseFinishedCallback  stm32f4xx_hal_tim.o
    0x08005574   0x08005574   0x00000004   PAD
    0x08005578   0x08005578   0x00000f38   Code   RO          412    .text.HAL_TIM_PeriodElapsedCallback  main.o
    0x080064b0   0x080064b0   0x00000008   Code   RO         1555    .text.HAL_TIM_TriggerCallback  stm32f4xx_hal_tim.o
    0x080064b8   0x080064b8   0x0000000c   Code   RO         1839    .text.HAL_UARTEx_RxEventCallback  stm32f4xx_hal_uart.o
    0x080064c4   0x080064c4   0x000000cc   Code   RO         1791    .text.HAL_UART_DMAStop  stm32f4xx_hal_uart.o
    0x08006590   0x08006590   0x00000008   Code   RO         1837    .text.HAL_UART_ErrorCallback  stm32f4xx_hal_uart.o
    0x08006598   0x08006598   0x0000042c   Code   RO         1831    .text.HAL_UART_IRQHandler  stm32f4xx_hal_uart.o
    0x080069c4   0x080069c4   0x0000009e   Code   RO         1747    .text.HAL_UART_Init  stm32f4xx_hal_uart.o
    0x08006a62   0x08006a62   0x00000002   PAD
    0x08006a64   0x08006a64   0x0000056c   Code   RO          677    .text.HAL_UART_MspInit  usart.o
    0x08006fd0   0x08006fd0   0x00000056   Code   RO         1783    .text.HAL_UART_Receive_DMA  stm32f4xx_hal_uart.o
    0x08007026   0x08007026   0x00000002   PAD
    0x08007028   0x08007028   0x00000020   Code   RO          414    .text.HAL_UART_RxCpltCallback  main.o
    0x08007048   0x08007048   0x00000008   Code   RO         1851    .text.HAL_UART_RxHalfCpltCallback  stm32f4xx_hal_uart.o
    0x08007050   0x08007050   0x00000130   Code   RO         1763    .text.HAL_UART_Transmit  stm32f4xx_hal_uart.o
    0x08007180   0x08007180   0x00000008   Code   RO         1845    .text.HAL_UART_TxCpltCallback  stm32f4xx_hal_uart.o
    0x08007188   0x08007188   0x00000004   Code   RO          706    .text.HardFault_Handler  stm32f4xx_it.o
    0x0800718c   0x0800718c   0x00000032   Code   RO           21    .text.Judge_IF_DUM_Normal  cp_system.o
    0x080071be   0x080071be   0x00000002   PAD
    0x080071c0   0x080071c0   0x0000004e   Code   RO          601    .text.MX_CAN1_Init  can.o
    0x0800720e   0x0800720e   0x00000002   PAD
    0x08007210   0x08007210   0x0000004e   Code   RO          603    .text.MX_CAN2_Init  can.o
    0x0800725e   0x0800725e   0x00000002   PAD
    0x08007260   0x08007260   0x000000cc   Code   RO          619    .text.MX_DMA_Init   dma.o
    0x0800732c   0x0800732c   0x000000ea   Code   RO          593    .text.MX_GPIO_Init  gpio.o
    0x08007416   0x08007416   0x00000002   PAD
    0x08007418   0x08007418   0x0000004e   Code   RO          627    .text.MX_SPI1_Init  spi.o
    0x08007466   0x08007466   0x00000002   PAD
    0x08007468   0x08007468   0x00000082   Code   RO          641    .text.MX_TIM2_Init  tim.o
    0x080074ea   0x080074ea   0x00000002   PAD
    0x080074ec   0x080074ec   0x00000084   Code   RO          643    .text.MX_TIM3_Init  tim.o
    0x08007570   0x08007570   0x00000086   Code   RO          645    .text.MX_TIM5_Init  tim.o
    0x080075f6   0x080075f6   0x00000002   PAD
    0x080075f8   0x080075f8   0x0000005a   Code   RO          647    .text.MX_TIM7_Init  tim.o
    0x08007652   0x08007652   0x00000002   PAD
    0x08007654   0x08007654   0x00000088   Code   RO          649    .text.MX_TIM8_Init  tim.o
    0x080076dc   0x080076dc   0x00000040   Code   RO          667    .text.MX_UART5_Init  usart.o
    0x0800771c   0x0800771c   0x00000040   Code   RO          669    .text.MX_USART1_UART_Init  usart.o
    0x0800775c   0x0800775c   0x00000040   Code   RO          671    .text.MX_USART2_UART_Init  usart.o
    0x0800779c   0x0800779c   0x00000040   Code   RO          673    .text.MX_USART3_UART_Init  usart.o
    0x080077dc   0x080077dc   0x0000004c   Code   RO          675    .text.MX_USART6_UART_Init  usart.o
    0x08007828   0x08007828   0x00000004   Code   RO          708    .text.MemManage_Handler  stm32f4xx_it.o
    0x0800782c   0x0800782c   0x00000004   Code   RO          704    .text.NMI_Handler   stm32f4xx_it.o
    0x08007830   0x08007830   0x0000006c   Code   RO         1138    .text.NVIC_EncodePriority  stm32f4xx_hal_cortex.o
    0x0800789c   0x0800789c   0x00000002   Code   RO          718    .text.PendSV_Handler  stm32f4xx_it.o
    0x0800789e   0x0800789e   0x00000002   PAD
    0x080078a0   0x080078a0   0x00000002   Code   RO          714    .text.SVC_Handler   stm32f4xx_it.o
    0x080078a2   0x080078a2   0x00000002   PAD
    0x080078a4   0x080078a4   0x00000052   Code   RO         1154    .text.SysTick_Config  stm32f4xx_hal_cortex.o
    0x080078f6   0x080078f6   0x00000002   PAD
    0x080078f8   0x080078f8   0x00000008   Code   RO          720    .text.SysTick_Handler  stm32f4xx_it.o
    0x08007900   0x08007900   0x00000012   Code   RO         1878    .text.SystemInit    system_stm32f4xx.o
    0x08007912   0x08007912   0x00000002   PAD
    0x08007914   0x08007914   0x00000010   Code   RO          730    .text.TIM2_IRQHandler  stm32f4xx_it.o
    0x08007924   0x08007924   0x00000010   Code   RO          732    .text.TIM3_IRQHandler  stm32f4xx_it.o
    0x08007934   0x08007934   0x00000010   Code   RO          742    .text.TIM5_IRQHandler  stm32f4xx_it.o
    0x08007944   0x08007944   0x00000010   Code   RO          746    .text.TIM7_IRQHandler  stm32f4xx_it.o
    0x08007954   0x08007954   0x00000010   Code   RO          738    .text.TIM8_UP_TIM13_IRQHandler  stm32f4xx_it.o
    0x08007964   0x08007964   0x000001b0   Code   RO         1415    .text.TIM_Base_SetConfig  stm32f4xx_hal_tim.o
    0x08007b14   0x08007b14   0x00000034   Code   RO         1601    .text.TIM_ETR_SetConfig  stm32f4xx_hal_tim.o
    0x08007b48   0x08007b48   0x0000002a   Code   RO         1607    .text.TIM_ITRx_SetConfig  stm32f4xx_hal_tim.o
    0x08007b72   0x08007b72   0x00000002   PAD
    0x08007b74   0x08007b74   0x00000050   Code   RO         1605    .text.TIM_TI1_ConfigInputStage  stm32f4xx_hal_tim.o
    0x08007bc4   0x08007bc4   0x00000052   Code   RO         1609    .text.TIM_TI2_ConfigInputStage  stm32f4xx_hal_tim.o
    0x08007c16   0x08007c16   0x00000002   PAD
    0x08007c18   0x08007c18   0x00000010   Code   RO          744    .text.UART5_IRQHandler  stm32f4xx_it.o
    0x08007c28   0x08007c28   0x00000020   Code   RO         1835    .text.UART_DMAAbortOnError  stm32f4xx_hal_uart.o
    0x08007c48   0x08007c48   0x0000007c   Code   RO         1781    .text.UART_DMAError  stm32f4xx_hal_uart.o
    0x08007cc4   0x08007cc4   0x000000f4   Code   RO         1867    .text.UART_DMAReceiveCplt  stm32f4xx_hal_uart.o
    0x08007db8   0x08007db8   0x00000034   Code   RO         1869    .text.UART_DMARxHalfCplt  stm32f4xx_hal_uart.o
    0x08007dec   0x08007dec   0x00000094   Code   RO         1795    .text.UART_EndRxTransfer  stm32f4xx_hal_uart.o
    0x08007e80   0x08007e80   0x00000026   Code   RO         1843    .text.UART_EndTransmit_IT  stm32f4xx_hal_uart.o
    0x08007ea6   0x08007ea6   0x00000002   PAD
    0x08007ea8   0x08007ea8   0x00000036   Code   RO         1793    .text.UART_EndTxTransfer  stm32f4xx_hal_uart.o
    0x08007ede   0x08007ede   0x00000002   PAD
    0x08007ee0   0x08007ee0   0x0000016a   Code   RO         1833    .text.UART_Receive_IT  stm32f4xx_hal_uart.o
    0x0800804a   0x0800804a   0x00000002   PAD
    0x0800804c   0x0800804c   0x0000013a   Code   RO         1751    .text.UART_SetConfig  stm32f4xx_hal_uart.o
    0x08008186   0x08008186   0x00000002   PAD
    0x08008188   0x08008188   0x0000010c   Code   RO         1785    .text.UART_Start_Receive_DMA  stm32f4xx_hal_uart.o
    0x08008294   0x08008294   0x00000094   Code   RO         1841    .text.UART_Transmit_IT  stm32f4xx_hal_uart.o
    0x08008328   0x08008328   0x000000da   Code   RO         1765    .text.UART_WaitOnFlagUntilTimeout  stm32f4xx_hal_uart.o
    0x08008402   0x08008402   0x00000002   PAD
    0x08008404   0x08008404   0x00000010   Code   RO          734    .text.USART1_IRQHandler  stm32f4xx_it.o
    0x08008414   0x08008414   0x0000001c   Code   RO          736    .text.USART3_IRQHandler  stm32f4xx_it.o
    0x08008430   0x08008430   0x00000010   Code   RO          756    .text.USART6_IRQHandler  stm32f4xx_it.o
    0x08008440   0x08008440   0x00000004   Code   RO          712    .text.UsageFault_Handler  stm32f4xx_it.o
    0x08008444   0x08008444   0x00000008   Code   RO         1916    .text._GLOBAL__sub_I_DM.cpp  dm.o
    0x0800844c   0x0800844c   0x00000008   Code   RO          255    .text._GLOBAL__sub_I_RM_Lib.cpp  rm_lib.o
    0x08008454   0x08008454   0x00000038   Code   RO         2166    .text._GLOBAL__sub_I_leg.cpp  leg.o
    0x0800848c   0x0800848c   0x0000007c   Code   RO          416    .text._GLOBAL__sub_I_main.c  main.o
    0x08008508   0x08008508   0x00000008   Code   RO          758    .text._GLOBAL__sub_I_stm32f4xx_it.c  stm32f4xx_it.o
    0x08008510   0x08008510   0x00000374   Code   RO          396    .text._Z11PLAYER_dealv  main.o
    0x08008884   0x08008884   0x0000008e   Code   RO         1902    .text._Z13float_to_uintfffi  dm.o
    0x08008912   0x08008912   0x00000002   PAD
    0x08008914   0x08008914   0x00000052   Code   RO         1904    .text._Z13uint_to_floatiffi  dm.o
    0x08008966   0x08008966   0x00000002   PAD
    0x08008968   0x08008968   0x000003a0   Code   RO         2154    .text._Z15Leg_SMC_ControlPK15LegControlInput  leg.o
    0x08008d08   0x08008d08   0x0000016a   Code   RO          392    .text._Z15XTLkeyboarddealv  main.o
    0x08008e72   0x08008e72   0x00000002   PAD
    0x08008e74   0x08008e74   0x0000021c   Code   RO          390    .text._Z16Communicate_dealv  main.o
    0x08009090   0x08009090   0x0000062c   Code   RO          388    .text._Z16M3508_Limit_dealv  main.o
    0x080096bc   0x080096bc   0x000001f4   Code   RO          380    .text._Z17KEY_Forback_Ctrl1v  main.o
    0x080098b0   0x080098b0   0x000000ba   Code   RO          404    .text._Z18SystemClock_Configv  main.o
    0x0800996a   0x0800996a   0x00000002   PAD
    0x0800996c   0x0800996c   0x000004c2   Code   RO          394    .text._Z18chassic_power_dealv  main.o
    0x08009e2e   0x08009e2e   0x00000002   PAD
    0x08009e30   0x08009e30   0x000000fa   Code   RO          382    .text._Z20Chassic_Forback_Ctrlv  main.o
    0x08009f2a   0x08009f2a   0x00000002   PAD
    0x08009f2c   0x08009f2c   0x0000000e   Code   RO         2150    .text._Z22Leg_Control_Get_Mit_Kdv  leg.o
    0x08009f3a   0x08009f3a   0x00000002   PAD
    0x08009f3c   0x08009f3c   0x00000090   Code   RO         2104    .text._Z23Leg_Control_Mode_Updatehh  leg.o
    0x08009fcc   0x08009fcc   0x0000000e   Code   RO         2146    .text._Z27Leg_Control_Get_Left_Torquev  leg.o
    0x08009fda   0x08009fda   0x00000002   PAD
    0x08009fdc   0x08009fdc   0x0000000c   Code   RO         2106    .text._Z27Leg_Control_Mode_Is_Enabledv  leg.o
    0x08009fe8   0x08009fe8   0x0000000e   Code   RO         2148    .text._Z28Leg_Control_Get_Right_Torquev  leg.o
    0x08009ff6   0x08009ff6   0x00000002   PAD
    0x08009ff8   0x08009ff8   0x00000042   Code   RO         2102    .text._Z29Leg_Control_Config_MotorLimitP8MOTOR_DMS0_  leg.o
    0x0800a03a   0x0800a03a   0x00000002   PAD
    0x0800a03c   0x0800a03c   0x00000012   Code   RO          301    .text._Z3absB7v180000f  rm_lib.o
    0x0800a04e   0x0800a04e   0x00000002   PAD
    0x0800a050   0x0800a050   0x00000102   Code   RO          370    .text._Z4SlowPfff   main.o
    0x0800a152   0x0800a152   0x00000002   PAD
    0x0800a154   0x0800a154   0x000000e2   Code   RO          378    .text._Z6F_slowPfffff  main.o
    0x0800a236   0x0800a236   0x00000002   PAD
    0x0800a238   0x0800a238   0x00000638   Code   RO          398    .text._Z8Key_dealv  main.o
    0x0800a870   0x0800a870   0x00000276   Code   RO          386    .text._Z9MODE_DEALv  main.o
    0x0800aae6   0x0800aae6   0x00000002   PAD
    0x0800aae8   0x0800aae8   0x00000044   Code   RO         2138    .text._ZL13torque_returnf  leg.o
    0x0800ab2c   0x0800ab2c   0x0000002e   Code   RO         2110    .text._ZL15leg_sync_outputv  leg.o
    0x0800ab5a   0x0800ab5a   0x00000002   PAD
    0x0800ab5c   0x0800ab5c   0x00000058   Code   RO          384    .text._ZL17Chassic_axis_slowPffff  main.o
    0x0800abb4   0x0800abb4   0x00000026   Code   RO          400    .text._ZL18__NVIC_SystemResetv  main.o
    0x0800abda   0x0800abda   0x00000002   PAD
    0x0800abdc   0x0800abdc   0x00000020   Code   RO         2112    .text._ZL18leg_clear_roll_pidv  leg.o
    0x0800abfc   0x0800abfc   0x00000020   Code   RO         2156    .text._ZL19leg_clear_pitch_pidv  leg.o
    0x0800ac1c   0x0800ac1c   0x00000174   Code   RO         2126    .text._ZL19leg_mang_target_addPfS_f  leg.o
    0x0800ad90   0x0800ad90   0x00000050   Code   RO         2162    .text._ZL20leg_remaining_outputff  leg.o
    0x0800ade0   0x0800ade0   0x00000038   Code   RO         2142    .text._ZL22leg_set_balance_outputPK15LegControlInputfff  leg.o
    0x0800ae18   0x0800ae18   0x0000001e   Code   RO         2114    .text._ZL23leg_reset_pitch_balancev  leg.o
    0x0800ae36   0x0800ae36   0x00000002   PAD
    0x0800ae38   0x0800ae38   0x0000019c   Code   RO         2158    .text._ZL24leg_get_chassis_fb_speedPK15LegControlInput  leg.o
    0x0800afd4   0x0800afd4   0x00000072   Code   RO         2116    .text._ZL26leg_reset_chassis_accel_ffPK15LegControlInput  leg.o
    0x0800b046   0x0800b046   0x00000002   PAD
    0x0800b048   0x0800b048   0x00000028   Code   RO         2118    .text._ZL29leg_reset_player_static_quietv  leg.o
    0x0800b070   0x0800b070   0x0000027c   Code   RO         2136    .text._ZL29leg_set_balance_output_customPK15LegControlInputfffff  leg.o
    0x0800b2ec   0x0800b2ec   0x000000ec   Code   RO         2164    .text._ZL30leg_apply_joint_damping_customfP8MOTOR_DMfff  leg.o
    0x0800b3d8   0x0800b3d8   0x0000003a   Code   RO         2122    .text._ZL7leg_maxff  leg.o
    0x0800b412   0x0800b412   0x00000002   PAD
    0x0800b414   0x0800b414   0x0000003a   Code   RO         2120    .text._ZL7leg_minff  leg.o
    0x0800b44e   0x0800b44e   0x00000002   PAD
    0x0800b450   0x0800b450   0x00000012   Code   RO          585    .text._ZN11DP_Motor_FPC2Ev  main.o
    0x0800b462   0x0800b462   0x00000002   PAD
    0x0800b464   0x0800b464   0x0000042c   Code   RO          105    .text._ZN11MOTOR_DiPan12ML_Data_DealEfffi  rm_lib.o
    0x0800b890   0x0800b890   0x00000014   Code   RO          103    .text._ZN11MOTOR_DiPanC2Ev  rm_lib.o
    0x0800b8a4   0x0800b8a4   0x00000060   Code   RO          589    .text._ZN18UpDown_check_class6updataEb  main.o
    0x0800b904   0x0800b904   0x00000018   Code   RO          587    .text._ZN18UpDown_check_classC2Eb  main.o
    0x0800b91c   0x0800b91c   0x00000026   Code   RO           71    .text._ZN3$_0C2Ev   rm_lib.o
    0x0800b942   0x0800b942   0x00000002   PAD
    0x0800b944   0x0800b944   0x00000026   Code   RO          310    .text._ZN3$_0C2Ev   main.o
    0x0800b96a   0x0800b96a   0x00000002   PAD
    0x0800b96c   0x0800b96c   0x00000026   Code   RO          702    .text._ZN3$_0C2Ev   stm32f4xx_it.o
    0x0800b992   0x0800b992   0x00000002   PAD
    0x0800b994   0x0800b994   0x00000026   Code   RO         1894    .text._ZN3$_0C2Ev   dm.o
    0x0800b9ba   0x0800b9ba   0x00000002   PAD
    0x0800b9bc   0x0800b9bc   0x00000026   Code   RO         2076    .text._ZN3$_0C2Ev   leg.o
    0x0800b9e2   0x0800b9e2   0x00000002   PAD
    0x0800b9e4   0x0800b9e4   0x0000002e   Code   RO          161    .text._ZN4DBUS13Pressed_CheckEt  rm_lib.o
    0x0800ba12   0x0800ba12   0x00000002   PAD
    0x0800ba14   0x0800ba14   0x000000f8   Code   RO          157    .text._ZN4DBUS21can_receive_data_dealEPh  rm_lib.o
    0x0800bb0c   0x0800bb0c   0x00000020   Code   RO          159    .text._ZN4DBUS23V_can_receive_data_dealEPh  rm_lib.o
    0x0800bb2c   0x0800bb2c   0x00000030   Code   RO          145    .text._ZN4DBUS8set_zeroEv  rm_lib.o
    0x0800bb5c   0x0800bb5c   0x00000010   Code   RO          573    .text._ZN4DBUSC2EP20__UART_HandleTypeDef  main.o
    0x0800bb6c   0x0800bb6c   0x000000a8   Code   RO          583    .text._ZN6BMI088C2EP19__SPI_HandleTypeDefP17TIM_HandleTypeDefP12GPIO_TypeDeftS5_ttf23BMI088_GyroRangeTypeDef22BMI088_AccRangeTypeDef  main.o
    0x0800bc14   0x0800bc14   0x00000142   Code   RO         1906    .text._ZN8MOTOR_DM6DM_MITEtfffff  dm.o
    0x0800bd56   0x0800bd56   0x00000002   PAD
    0x0800bd58   0x0800bd58   0x00000064   Code   RO         1896    .text._ZN8MOTOR_DM8DM_StartEt  dm.o
    0x0800bdbc   0x0800bdbc   0x000000de   Code   RO         1914    .text._ZN8MOTOR_DM9DM_updateEv  dm.o
    0x0800be9a   0x0800be9a   0x00000002   PAD
    0x0800be9c   0x0800be9c   0x00000070   Code   RO          579    .text._ZN8MOTOR_DMC2EtP8USER_CAN  main.o
    0x0800bf0c   0x0800bf0c   0x00000090   Code   RO           83    .text._ZN8MOTOR_RM15update_mang_infEv  rm_lib.o
    0x0800bf9c   0x0800bf9c   0x0000006c   Code   RO           81    .text._ZN8MOTOR_RM6updateEv  rm_lib.o
    0x0800c008   0x0800c008   0x0000001a   Code   RO          577    .text._ZN8MOTOR_RMC2EtP8USER_CAN  main.o
    0x0800c022   0x0800c022   0x00000002   PAD
    0x0800c024   0x0800c024   0x000000bc   Code   RO           73    .text._ZN8USER_CAN4InitEtt  rm_lib.o
    0x0800c0e0   0x0800c0e0   0x00000038   Code   RO           75    .text._ZN8USER_CAN4SendEtPh  rm_lib.o
    0x0800c118   0x0800c118   0x0000004e   Code   RO           79    .text._ZN8USER_CAN7ReceiveEP17CAN_HandleTypeDef  rm_lib.o
    0x0800c166   0x0800c166   0x00000002   PAD
    0x0800c168   0x0800c168   0x00000076   Code   RO           77    .text._ZN8USER_CAN7Send_RMEtssss  rm_lib.o
    0x0800c1de   0x0800c1de   0x00000002   PAD
    0x0800c1e0   0x0800c1e0   0x00000020   Code   RO          575    .text._ZN8USER_CANC2EP17CAN_HandleTypeDefb  main.o
    0x0800c200   0x0800c200   0x00000228   Code   RO          131    .text._ZN9PID_class10PID_updateEff  rm_lib.o
    0x0800c428   0x0800c428   0x00000072   Code   RO          581    .text._ZN9PID_classC2Efffffffff  main.o
    0x0800c49a   0x0800c49a   0x00000002   PAD
    0x0800c49c   0x0800c49c   0x0000004c   Code   RO         1948    .text._ZN9SMC_PITCH3SatEf  smc.o
    0x0800c4e8   0x0800c4e8   0x00000048   Code   RO         1952    .text._ZN9SMC_PITCH6SignalEf  smc.o
    0x0800c530   0x0800c530   0x00000160   Code   RO         1935    .text._ZN9SMC_PITCH8SMC_TickEfffff  smc.o
    0x0800c690   0x0800c690   0x00000042   Code   RO         2219    .text._ZN9SMC_PITCHC2Efffffff  leg.o
    0x0800c6d2   0x0800c6d2   0x00000002   PAD
    0x0800c6d4   0x0800c6d4   0x00000012   Code   RO          283    .text._ZNSt3__26__math4fabsB7v180000Ef  rm_lib.o
    0x0800c6e6   0x0800c6e6   0x00000002   PAD
    0x0800c6e8   0x0800c6e8   0x00000030   Code   RO         1142    .text.__NVIC_EnableIRQ  stm32f4xx_hal_cortex.o
    0x0800c718   0x0800c718   0x00000010   Code   RO         1134    .text.__NVIC_GetPriorityGrouping  stm32f4xx_hal_cortex.o
    0x0800c728   0x0800c728   0x00000042   Code   RO         1136    .text.__NVIC_SetPriority  stm32f4xx_hal_cortex.o
    0x0800c76a   0x0800c76a   0x00000002   PAD
    0x0800c76c   0x0800c76c   0x0000003c   Code   RO         1130    .text.__NVIC_SetPriorityGrouping  stm32f4xx_hal_cortex.o
    0x0800c7a8   0x0800c7a8   0x00000010   Code   RO           69    .text.__cxx_global_var_init  rm_lib.o
    0x0800c7b8   0x0800c7b8   0x00000010   Code   RO          308    .text.__cxx_global_var_init  main.o
    0x0800c7c8   0x0800c7c8   0x00000010   Code   RO          700    .text.__cxx_global_var_init  stm32f4xx_it.o
    0x0800c7d8   0x0800c7d8   0x00000010   Code   RO         1892    .text.__cxx_global_var_init  dm.o
    0x0800c7e8   0x0800c7e8   0x00000010   Code   RO         2074    .text.__cxx_global_var_init  leg.o
    0x0800c7f8   0x0800c7f8   0x00000018   Code   RO          312    .text.__cxx_global_var_init.1  main.o
    0x0800c810   0x0800c810   0x00000044   Code   RO         2078    .text.__cxx_global_var_init.1  leg.o
    0x0800c854   0x0800c854   0x0000001a   Code   RO          330    .text.__cxx_global_var_init.10  main.o
    0x0800c86e   0x0800c86e   0x00000002   PAD
    0x0800c870   0x0800c870   0x00000044   Code   RO         2096    .text.__cxx_global_var_init.10  leg.o
    0x0800c8b4   0x0800c8b4   0x00000040   Code   RO          332    .text.__cxx_global_var_init.11  main.o
    0x0800c8f4   0x0800c8f4   0x00000044   Code   RO         2098    .text.__cxx_global_var_init.11  leg.o
    0x0800c938   0x0800c938   0x00000040   Code   RO          334    .text.__cxx_global_var_init.12  main.o
    0x0800c978   0x0800c978   0x00000012   Code   RO         2100    .text.__cxx_global_var_init.12  leg.o
    0x0800c98a   0x0800c98a   0x00000002   PAD
    0x0800c98c   0x0800c98c   0x0000003c   Code   RO          336    .text.__cxx_global_var_init.13  main.o
    0x0800c9c8   0x0800c9c8   0x0000003c   Code   RO          338    .text.__cxx_global_var_init.14  main.o
    0x0800ca04   0x0800ca04   0x0000003c   Code   RO          340    .text.__cxx_global_var_init.15  main.o
    0x0800ca40   0x0800ca40   0x0000003c   Code   RO          342    .text.__cxx_global_var_init.16  main.o
    0x0800ca7c   0x0800ca7c   0x00000010   Code   RO          344    .text.__cxx_global_var_init.17  main.o
    0x0800ca8c   0x0800ca8c   0x00000050   Code   RO          346    .text.__cxx_global_var_init.18  main.o
    0x0800cadc   0x0800cadc   0x00000010   Code   RO          348    .text.__cxx_global_var_init.19  main.o
    0x0800caec   0x0800caec   0x0000001a   Code   RO          314    .text.__cxx_global_var_init.2  main.o
    0x0800cb06   0x0800cb06   0x00000002   PAD
    0x0800cb08   0x0800cb08   0x00000040   Code   RO         2080    .text.__cxx_global_var_init.2  leg.o
    0x0800cb48   0x0800cb48   0x00000012   Code   RO          350    .text.__cxx_global_var_init.20  main.o
    0x0800cb5a   0x0800cb5a   0x00000002   PAD
    0x0800cb5c   0x0800cb5c   0x00000012   Code   RO          352    .text.__cxx_global_var_init.21  main.o
    0x0800cb6e   0x0800cb6e   0x00000002   PAD
    0x0800cb70   0x0800cb70   0x00000012   Code   RO          354    .text.__cxx_global_var_init.22  main.o
    0x0800cb82   0x0800cb82   0x00000002   PAD
    0x0800cb84   0x0800cb84   0x00000012   Code   RO          356    .text.__cxx_global_var_init.23  main.o
    0x0800cb96   0x0800cb96   0x00000002   PAD
    0x0800cb98   0x0800cb98   0x00000012   Code   RO          358    .text.__cxx_global_var_init.24  main.o
    0x0800cbaa   0x0800cbaa   0x00000002   PAD
    0x0800cbac   0x0800cbac   0x00000012   Code   RO          360    .text.__cxx_global_var_init.25  main.o
    0x0800cbbe   0x0800cbbe   0x00000002   PAD
    0x0800cbc0   0x0800cbc0   0x00000012   Code   RO          362    .text.__cxx_global_var_init.26  main.o
    0x0800cbd2   0x0800cbd2   0x00000002   PAD
    0x0800cbd4   0x0800cbd4   0x00000012   Code   RO          364    .text.__cxx_global_var_init.27  main.o
    0x0800cbe6   0x0800cbe6   0x00000002   PAD
    0x0800cbe8   0x0800cbe8   0x00000012   Code   RO          366    .text.__cxx_global_var_init.28  main.o
    0x0800cbfa   0x0800cbfa   0x00000002   PAD
    0x0800cbfc   0x0800cbfc   0x00000012   Code   RO          368    .text.__cxx_global_var_init.29  main.o
    0x0800cc0e   0x0800cc0e   0x00000002   PAD
    0x0800cc10   0x0800cc10   0x0000001a   Code   RO          316    .text.__cxx_global_var_init.3  main.o
    0x0800cc2a   0x0800cc2a   0x00000002   PAD
    0x0800cc2c   0x0800cc2c   0x00000044   Code   RO         2082    .text.__cxx_global_var_init.3  leg.o
    0x0800cc70   0x0800cc70   0x0000001c   Code   RO          318    .text.__cxx_global_var_init.4  main.o
    0x0800cc8c   0x0800cc8c   0x00000040   Code   RO         2084    .text.__cxx_global_var_init.4  leg.o
    0x0800cccc   0x0800cccc   0x0000001c   Code   RO          320    .text.__cxx_global_var_init.5  main.o
    0x0800cce8   0x0800cce8   0x00000050   Code   RO         2086    .text.__cxx_global_var_init.5  leg.o
    0x0800cd38   0x0800cd38   0x0000001c   Code   RO          322    .text.__cxx_global_var_init.6  main.o
    0x0800cd54   0x0800cd54   0x00000048   Code   RO         2088    .text.__cxx_global_var_init.6  leg.o
    0x0800cd9c   0x0800cd9c   0x0000001c   Code   RO          324    .text.__cxx_global_var_init.7  main.o
    0x0800cdb8   0x0800cdb8   0x00000054   Code   RO         2090    .text.__cxx_global_var_init.7  leg.o
    0x0800ce0c   0x0800ce0c   0x0000001a   Code   RO          326    .text.__cxx_global_var_init.8  main.o
    0x0800ce26   0x0800ce26   0x00000002   PAD
    0x0800ce28   0x0800ce28   0x00000044   Code   RO         2092    .text.__cxx_global_var_init.8  leg.o
    0x0800ce6c   0x0800ce6c   0x0000001a   Code   RO          328    .text.__cxx_global_var_init.9  main.o
    0x0800ce86   0x0800ce86   0x00000002   PAD
    0x0800ce88   0x0800ce88   0x00000044   Code   RO         2094    .text.__cxx_global_var_init.9  leg.o
    0x0800cecc   0x0800cecc   0x00000114   Code   RO          402    .text.main          main.o
    0x0800cfe0   0x0800cfe0   0x00000058   Code   RO           19    .text.micros        cp_system.o
    0x0800d038   0x0800d038   0x00000026   Code   RO         2558    i.__ARM_fpclassifyf  m_wm.l(fpclassifyf.o)
    0x0800d05e   0x0800d05e   0x00000002   PAD
    0x0800d060   0x0800d060   0x00000150   Code   RO         2311    i.__hardfp_cosf     m_wm.l(cosf.o)
    0x0800d1b0   0x0800d1b0   0x00000190   Code   RO         2330    i.__hardfp_sinf     m_wm.l(sinf.o)
    0x0800d340   0x0800d340   0x00000006   Code   RO         2561    i.__mathlib_flt_infnan  m_wm.l(funder.o)
    0x0800d346   0x0800d346   0x00000002   PAD
    0x0800d348   0x0800d348   0x00000010   Code   RO         2563    i.__mathlib_flt_invalid  m_wm.l(funder.o)
    0x0800d358   0x0800d358   0x00000010   Code   RO         2566    i.__mathlib_flt_underflow  m_wm.l(funder.o)
    0x0800d368   0x0800d368   0x00000154   Code   RO         2577    i.__mathlib_rredf2  m_wm.l(rredf.o)
    0x0800d4bc   0x0800d4bc   0x00000062   Code   RO         2259    x$fpl$d2f           fz_wm.l(d2f.o)
    0x0800d51e   0x0800d51e   0x00000002   PAD
    0x0800d520   0x0800d520   0x00000150   Code   RO         2261    x$fpl$dadd          fz_wm.l(daddsub_clz.o)
    0x0800d670   0x0800d670   0x00000018   Code   RO         2639    x$fpl$dcmpinf       fz_wm.l(dcmpi.o)
    0x0800d688   0x0800d688   0x00000078   Code   RO         2506    x$fpl$deqf          fz_wm.l(deqf.o)
    0x0800d700   0x0800d700   0x0000002e   Code   RO         2278    x$fpl$dflt          fz_wm.l(dflt_clz.o)
    0x0800d72e   0x0800d72e   0x00000002   PAD
    0x0800d730   0x0800d730   0x00000078   Code   RO         2508    x$fpl$dgeqf         fz_wm.l(dgeqf.o)
    0x0800d7a8   0x0800d7a8   0x00000078   Code   RO         2510    x$fpl$dleqf         fz_wm.l(dleqf.o)
    0x0800d820   0x0800d820   0x00000154   Code   RO         2283    x$fpl$dmul          fz_wm.l(dmul.o)
    0x0800d974   0x0800d974   0x0000009c   Code   RO         2512    x$fpl$dnaninf       fz_wm.l(dnaninf.o)
    0x0800da10   0x0800da10   0x0000000c   Code   RO         2514    x$fpl$dretinf       fz_wm.l(dretinf.o)
    0x0800da1c   0x0800da1c   0x000001dc   Code   RO         2263    x$fpl$dsub          fz_wm.l(daddsub_clz.o)
    0x0800dbf8   0x0800dbf8   0x00000056   Code   RO         2285    x$fpl$f2d           fz_wm.l(f2d.o)
    0x0800dc4e   0x0800dc4e   0x00000054   Code   RO         2267    x$fpl$fcmp          fz_wm.l(dcmp.o)
    0x0800dca2   0x0800dca2   0x0000008c   Code   RO         2518    x$fpl$fnaninf       fz_wm.l(fnaninf.o)
    0x0800dd2e   0x0800dd2e   0x0000001a   Code   RO         2641    x$fpl$fpinit        fz_wm.l(fpinit.o)
    0x0800dd48   0x0800dd48   0x0000000a   Code   RO         2520    x$fpl$fretinf       fz_wm.l(fretinf.o)
    0x0800dd52   0x0800dd52   0x00000000   Code   RO         2530    x$fpl$usenofp       fz_wm.l(usenofp.o)
    0x0800dd52   0x0800dd52   0x00000002   PAD
    0x0800dd54   0x0800dd54   0x00000020   Data   RO         2578    .constdata          m_wm.l(rredf.o)
    0x0800dd74   0x0800dd74   0x00000010   Data   RO         1883    .rodata.AHBPrescTable  system_stm32f4xx.o
    0x0800dd84   0x0800dd84   0x00000008   Data   RO         1884    .rodata.APBPrescTable  system_stm32f4xx.o
    0x0800dd8c   0x0800dd8c   0x00000008   Data   RO         1060    .rodata.DMA_CalcBaseAndBitshift.flagBitshiftOffset  stm32f4xx_hal_dma.o
    0x0800dd94   0x0800dd94   0x00000200   Data   RO           61    .rodata.Get_CRC16_Check_Sum.wCRC_Table  cp_system.o
    0x0800df94   0x0800df94   0x00000100   Data   RO           60    .rodata.Get_CRC8_Check_Sum.CRC8_TAB  cp_system.o
    0x0800e094   0x0800e094   0x0000000a   Data   RO          563    .rodata.str1.1      main.o
    0x0800e09e   0x0800e09e   0x00000002   PAD
    0x0800e0a0   0x0800e0a0   0x00000020   Data   RO         2830    Region$$Table       anon$$obj.o
    0x0800e0c0   0x0800e0c0   0x00000004   Data   RO          272    .init_array         rm_lib.o
    0x0800e0c4   0x0800e0c0   0x00000004   Data   RO          565    .init_array         main.o
    0x0800e0c8   0x0800e0c0   0x00000004   Data   RO          761    .init_array         stm32f4xx_it.o
    0x0800e0cc   0x0800e0c0   0x00000004   Data   RO         1919    .init_array         dm.o
    0x0800e0d0   0x0800e0c0   0x00000004   Data   RO         2212    .init_array         leg.o
    0x0800e0d4   0x0800e0c0   0x00000000   Data   RO         2254    .init_array         c_w.l(init_aeabi.o)


    Execution Region RW_IRAM1 (Exec base: 0x20000000, Load base: 0x0800e0d8, Size: 0x00004eb8, Max: 0x0001c000, ABSOLUTE, COMPRESSED[0x000000d8])

    Exec Addr    Load Addr    Size         Type   Attr      Idx    E Section Name        Object

    0x20000000   COMPRESSED   0x0000000a   Data   RW          506    .data.E_Char        main.o
    0x2000000a   COMPRESSED   0x0000000a   Data   RW          509    .data.MID_Char      main.o
    0x20000014   COMPRESSED   0x0000000a   Data   RW          507    .data.Q_Char        main.o
    0x2000001e   COMPRESSED   0x00000002   PAD
    0x20000020   COMPRESSED   0x00000004   Data   RW         1882    .data.SystemCoreClock  system_stm32f4xx.o
    0x20000024   COMPRESSED   0x00000001   Data   RW          498    .data.UI_step       main.o
    0x20000025   COMPRESSED   0x00000001   Data   RW          499    .data.UI_step_ten   main.o
    0x20000026   COMPRESSED   0x00000002   Data   RW          489    .data.XTL_SPEED_FLAG  main.o
    0x20000028   COMPRESSED   0x0000000a   Data   RW          508    .data.X_Char        main.o
    0x20000032   COMPRESSED   0x00000001   Data   RW          459    .data.YAW_Error     main.o
    0x20000033   COMPRESSED   0x00000001   PAD
    0x20000034   COMPRESSED   0x00000014   Data   RW         2185    .data._ZL10leg_output  leg.o
    0x20000048   COMPRESSED   0x00000004   Data   RW         2186    .data._ZL13leg_dm_mit_kd  leg.o
    0x2000004c   COMPRESSED   0x00000001   Data   RW          560    .data._ZZ29HAL_TIM_PeriodElapsedCallbackE8CNC_flag  main.o
    0x2000004d   COMPRESSED   0x00000007   Data   RW          532    .data.color1        main.o
    0x20000054   COMPRESSED   0x00000007   Data   RW          542    .data.color2        main.o
    0x2000005b   COMPRESSED   0x00000005   Data   RW          546    .data.color4        main.o
    0x20000060   COMPRESSED   0x00000050   Data   RW          533    .data.d1            main.o
    0x200000b0   COMPRESSED   0x00000070   Data   RW          543    .data.d2            main.o
    0x20000120   COMPRESSED   0x00000050   Data   RW          547    .data.d4            main.o
    0x20000170   COMPRESSED   0x00000004   Data   RW          517    .data.fb_add_sp     main.o
    0x20000174   COMPRESSED   0x00000004   Data   RW          518    .data.fb_cut_sp     main.o
    0x20000178   COMPRESSED   0x00000007   Data   RW          541    .data.graphic_tpye2  main.o
    0x2000017f   COMPRESSED   0x00000001   PAD
    0x20000180   COMPRESSED   0x00000004   Data   RW          519    .data.lr_add_sp     main.o
    0x20000184   COMPRESSED   0x00000004   Data   RW          520    .data.lr_cut_sp     main.o
    0x20000188   COMPRESSED   0x00000014   Data   RW          530    .data.name1         main.o
    0x2000019c   COMPRESSED   0x0000001c   Data   RW          540    .data.name2         main.o
    0x200001b8   COMPRESSED   0x00000014   Data   RW          544    .data.name4         main.o
    0x200001cc   COMPRESSED   0x00000001   Data   RW         1260    .data.uwTickFreq    stm32f4xx_hal.o
    0x200001cd   COMPRESSED   0x00000003   PAD
    0x200001d0   COMPRESSED   0x00000004   Data   RW         1259    .data.uwTickPrio    stm32f4xx_hal.o
    0x200001d4   COMPRESSED   0x00000004   PAD
    0x200001d8        -       0x00000060   Zero   RW         2581    .bss                c_w.l(libspace.o)
    0x20000238        -       0x00000001   Zero   RW          505    .bss.Buff_Flag      main.o
    0x20000239   COMPRESSED   0x00000003   PAD
    0x2000023c        -       0x00000054   Zero   RW          421    .bss.CAN_Communicate  main.o
    0x20000290        -       0x00000054   Zero   RW          420    .bss.CAN_Motor      main.o
    0x200002e4        -       0x00000270   Zero   RW          436    .bss.CHASSIS_088    main.o
    0x20000554        -       0x00000324   Zero   RW           58    .bss.CP             cp_system.o
    0x20000878        -       0x00000001   Zero   RW           56    .bss.CP_FIFO        cp_system.o
    0x20000879        -       0x00000400   Zero   RW           54    .bss.CP_rev_buf     cp_system.o
    0x20000c79        -       0x00000001   Zero   RW           53    .bss.CP_robot_hurt_seq  cp_system.o
    0x20000c7a        -       0x00000002   Zero   RW           55    .bss.CP_rx_len      cp_system.o
    0x20000c7c        -       0x00000100   Zero   RW           59    .bss.CP_send_buf    cp_system.o
    0x20000d7c        -       0x00000002   Zero   RW          457    .bss.Chase_Flag     main.o
    0x20000d7e        -       0x00000002   Zero   RW          458    .bss.Chase_Time     main.o
    0x20000d80        -       0x00000001   Zero   RW          490    .bss.Chassic_3508_Flag  main.o
    0x20000d81   COMPRESSED   0x00000001   PAD
    0x20000d82        -       0x00000002   Zero   RW          497    .bss.Communicate_Rx_Flag_1  main.o
    0x20000d84        -       0x00000002   Zero   RW          496    .bss.Communicate_Send_Flag_1  main.o
    0x20000d86   COMPRESSED   0x00000002   PAD
    0x20000d88        -       0x00000010   Zero   RW          435    .bss.DP             main.o
    0x20000d98        -       0x00000028   Zero   RW          437    .bss.DP_Power_Limit  main.o
    0x20000dc0        -       0x00000004   Zero   RW           52    .bss.DUM_Connect_time  cp_system.o
    0x20000dc4        -       0x00000002   Zero   RW          503    .bss.Driver_OUT_PID  main.o
    0x20000dc6        -       0x00000001   Zero   RW          510    .bss.E_Flag         main.o
    0x20000dc7   COMPRESSED   0x00000001   PAD
    0x20000dc8        -       0x00000004   Zero   RW          493    .bss.FB_Real_Speed  main.o
    0x20000dcc        -       0x00000004   Zero   RW          491    .bss.FB_Speed       main.o
    0x20000dd0        -       0x00000004   Zero   RW          467    .bss.Gimbal_Pitch   main.o
    0x20000dd4        -       0x00000004   Zero   RW          469    .bss.Gimbal_Pitch_Acc  main.o
    0x20000dd8        -       0x00000004   Zero   RW          466    .bss.Gimbal_Roll    main.o
    0x20000ddc        -       0x00000004   Zero   RW          468    .bss.Gimbal_Roll_Acc  main.o
    0x20000de0        -       0x00000004   Zero   RW          611    .bss.HAL_RCC_CAN1_CLK_ENABLED  can.o
    0x20000de4        -       0x00000010   Zero   RW          257    .bss.LPF_factor     rm_lib.o
    0x20000df4        -       0x00000010   Zero   RW          418    .bss.LPF_factor     main.o
    0x20000e04        -       0x00000010   Zero   RW          760    .bss.LPF_factor     stm32f4xx_it.o
    0x20000e14        -       0x00000010   Zero   RW         1918    .bss.LPF_factor     dm.o
    0x20000e24        -       0x00000010   Zero   RW         2168    .bss.LPF_factor     leg.o
    0x20000e34        -       0x00000004   Zero   RW          494    .bss.LR_Real_Speed  main.o
    0x20000e38        -       0x00000004   Zero   RW          492    .bss.LR_Speed       main.o
    0x20000e3c        -       0x00000070   Zero   RW          426    .bss.Left_Leg       main.o
    0x20000eac        -       0x00000001   Zero   RW          515    .bss.Leg_Mode       main.o
    0x20000ead   COMPRESSED   0x00000003   PAD
    0x20000eb0        -       0x00000004   Zero   RW          453    .bss.M3508_1        main.o
    0x20000eb4        -       0x00000004   Zero   RW          454    .bss.M3508_2        main.o
    0x20000eb8        -       0x00000004   Zero   RW          455    .bss.M3508_3        main.o
    0x20000ebc        -       0x00000004   Zero   RW          456    .bss.M3508_4        main.o
    0x20000ec0        -       0x00000020   Zero   RW          424    .bss.M3508_MOTOR_HY  main.o
    0x20000ee0        -       0x00000070   Zero   RW          433    .bss.M3508_MOTOR_HY_sp  main.o
    0x20000f50        -       0x00000020   Zero   RW          423    .bss.M3508_MOTOR_HZ  main.o
    0x20000f70        -       0x00000070   Zero   RW          432    .bss.M3508_MOTOR_HZ_sp  main.o
    0x20000fe0        -       0x00000020   Zero   RW          425    .bss.M3508_MOTOR_QY  main.o
    0x20001000        -       0x00000070   Zero   RW          434    .bss.M3508_MOTOR_QY_sp  main.o
    0x20001070        -       0x00000020   Zero   RW          422    .bss.M3508_MOTOR_QZ  main.o
    0x20001090        -       0x00000070   Zero   RW          431    .bss.M3508_MOTOR_QZ_sp  main.o
    0x20001100        -       0x00000002   Zero   RW          504    .bss.MCL_SPEED      main.o
    0x20001102        -       0x00000001   Zero   RW          513    .bss.MID_Flag       main.o
    0x20001103        -       0x00000003   Zero   RW          438    .bss.Motor_Flag     main.o
    0x20001106   COMPRESSED   0x00000002   PAD
    0x20001108        -       0x00000070   Zero   RW          429    .bss.PID_Chassis    main.o
    0x20001178        -       0x00000070   Zero   RW          430    .bss.PID_Chassis_FeiPo  main.o
    0x200011e8        -       0x00000001   Zero   RW          511    .bss.Q_Flag         main.o
    0x200011e9        -       0x00000001   Zero   RW          483    .bss.Reset_flag     main.o
    0x200011ea   COMPRESSED   0x00000002   PAD
    0x200011ec        -       0x00000070   Zero   RW          427    .bss.Right_Leg      main.o
    0x2000125c        -       0x00000002   Zero   RW          487    .bss.SpeedChange    main.o
    0x2000125e   COMPRESSED   0x00000002   PAD
    0x20001260        -       0x00000004   Zero   RW          495    .bss.Target_Speed   main.o
    0x20001264        -       0x00000001   Zero   RW          441    .bss.UD_Chase       main.o
    0x20001265        -       0x00000001   Zero   RW          439    .bss.UD_E           main.o
    0x20001266        -       0x00000001   Zero   RW          449    .bss.UD_E_buf       main.o
    0x20001267        -       0x00000001   Zero   RW          446    .bss.UD_FeiPo       main.o
    0x20001268        -       0x00000001   Zero   RW          448    .bss.UD_MID         main.o
    0x20001269        -       0x00000001   Zero   RW          451    .bss.UD_Mid_buf     main.o
    0x2000126a        -       0x00000001   Zero   RW          440    .bss.UD_Q           main.o
    0x2000126b        -       0x00000001   Zero   RW          450    .bss.UD_Q_buf       main.o
    0x2000126c        -       0x00000001   Zero   RW          445    .bss.UD_SpeedDown   main.o
    0x2000126d        -       0x00000001   Zero   RW          444    .bss.UD_SpeedUp     main.o
    0x2000126e        -       0x00000001   Zero   RW          442    .bss.UD_Speed_Cut   main.o
    0x2000126f        -       0x00000001   Zero   RW          443    .bss.UD_XTL         main.o
    0x20001270        -       0x00000001   Zero   RW          447    .bss.UD_yaogan      main.o
    0x20001271   COMPRESSED   0x00000003   PAD
    0x20001274        -       0x00000004   Zero   RW          470    .bss.V_Bat          main.o
    0x20001278        -       0x00000004   Zero   RW          473    .bss.V_Bat_Real     main.o
    0x2000127c        -       0x00000004   Zero   RW          471    .bss.V_Cap          main.o
    0x20001280        -       0x00000004   Zero   RW          474    .bss.V_Cap_Real     main.o
    0x20001284        -       0x00000004   Zero   RW          472    .bss.V_Load         main.o
    0x20001288        -       0x00000004   Zero   RW          475    .bss.V_Load_Real    main.o
    0x2000128c        -       0x00000001   Zero   RW          482    .bss.XTL_Flag       main.o
    0x2000128d   COMPRESSED   0x00000003   PAD
    0x20001290        -       0x00000004   Zero   RW          462    .bss.XTL_PID_OUT    main.o
    0x20001294        -       0x00000004   Zero   RW          488    .bss.XTL_SPEED_OUT  main.o
    0x20001298        -       0x00000002   Zero   RW          485    .bss.XTL_speed      main.o
    0x2000129a        -       0x00000001   Zero   RW          512    .bss.X_Flag         main.o
    0x2000129b   COMPRESSED   0x00000001   PAD
    0x2000129c        -       0x00000070   Zero   RW          428    .bss.YAW            main.o
    0x2000130c        -       0x0000005c   Zero   RW          419    .bss.YK             main.o
    0x20001368        -       0x00000001   Zero   RW          514    .bss.YK_Mode        main.o
    0x20001369        -       0x00000001   Zero   RW          461    .bss.Yaw_Back       main.o
    0x2000136a   COMPRESSED   0x00000002   PAD
    0x2000136c        -       0x00000070   Zero   RW         2174    .bss._ZL10leg_imu_sp  leg.o
    0x200013dc        -       0x00000001   Zero   RW          524    .bss._ZL10v_can_buff  main.o
    0x200013dd   COMPRESSED   0x00000003   PAD
    0x200013e0        -       0x00000070   Zero   RW         2173    .bss._ZL12leg_imu_mang  leg.o
    0x20001450        -       0x00000001   Zero   RW         2180    .bss._ZL12leg_mode_key  leg.o
    0x20001451   COMPRESSED   0x00000003   PAD
    0x20001454        -       0x00000004   Zero   RW         2187    .bss._ZL12leg_roll_cmd  leg.o
    0x20001458        -       0x00000058   Zero   RW         2177    .bss._ZL12leg_roll_smc  leg.o
    0x200014b0        -       0x00000004   Zero   RW         2188    .bss._ZL13leg_pitch_cmd  leg.o
    0x200014b4        -       0x00000004   Zero   RW         2189    .bss._ZL14leg_torque_cmd  leg.o
    0x200014b8        -       0x00000070   Zero   RW         2170    .bss._ZL15left_control_sp  leg.o
    0x20001528        -       0x00000004   Zero   RW          521    .bss._ZL16Chassic_Ch0_Real  main.o
    0x2000152c        -       0x00000004   Zero   RW          522    .bss._ZL16Chassic_Ch1_Real  main.o
    0x20001530        -       0x00000004   Zero   RW          523    .bss._ZL16Chassic_Ch2_Real  main.o
    0x20001534        -       0x00000058   Zero   RW         2178    .bss._ZL16leg_control_left  leg.o
    0x2000158c        -       0x00000001   Zero   RW         2181    .bss._ZL16leg_control_mode  leg.o
    0x2000158d   COMPRESSED   0x00000003   PAD
    0x20001590        -       0x00000070   Zero   RW         2176    .bss._ZL16leg_imu_pitch_sp  leg.o
    0x20001600        -       0x00000004   Zero   RW         2190    .bss._ZL16leg_target_angel  leg.o
    0x20001604        -       0x00000070   Zero   RW         2172    .bss._ZL16right_control_sp  leg.o
    0x20001674        -       0x00000070   Zero   RW         2169    .bss._ZL17left_control_mang  leg.o
    0x200016e4        -       0x00000058   Zero   RW         2179    .bss._ZL17leg_control_right  leg.o
    0x2000173c        -       0x00000070   Zero   RW         2175    .bss._ZL18leg_imu_pitch_mang  leg.o
    0x200017ac        -       0x00000070   Zero   RW         2171    .bss._ZL18right_control_mang  leg.o
    0x2000181c        -       0x00000004   Zero   RW         2200    .bss._ZL20leg_compensation_out  leg.o
    0x20001820        -       0x00000004   Zero   RW         2203    .bss._ZL21leg_chassis_accel_lpf  leg.o
    0x20001824        -       0x00000004   Zero   RW         2202    .bss._ZL21leg_chassis_accel_raw  leg.o
    0x20001828        -       0x00000001   Zero   RW         2199    .bss._ZL21leg_compensation_mode  leg.o
    0x20001829   COMPRESSED   0x00000003   PAD
    0x2000182c        -       0x00000004   Zero   RW         2204    .bss._ZL24leg_chassis_accel_ff_out  leg.o
    0x20001830        -       0x00000001   Zero   RW         2207    .bss._ZL24leg_player_static_active  leg.o
    0x20001831   COMPRESSED   0x00000003   PAD
    0x20001834        -       0x00000004   Zero   RW         2201    .bss._ZL25leg_chassis_fb_speed_last  leg.o
    0x20001838        -       0x00000001   Zero   RW         2206    .bss._ZL25leg_chassis_xtl_flag_last  leg.o
    0x20001839        -       0x00000001   Zero   RW         2205    .bss._ZL27leg_chassis_accel_ff_inited  leg.o
    0x2000183a   COMPRESSED   0x00000002   PAD
    0x2000183c        -       0x00000004   Zero   RW         2195    .bss._ZL29leg_player_static_hold_torque  leg.o
    0x20001840        -       0x00000001   Zero   RW          528    .bss._ZL8cp_state   main.o
    0x20001841   COMPRESSED   0x00000003   PAD
    0x20001844        -       0x00000004   Zero   RW          525    .bss._ZL9cos_theta  main.o
    0x20001848        -       0x00000001   Zero   RW          527    .bss._ZL9mid_state  main.o
    0x20001849   COMPRESSED   0x00000003   PAD
    0x2000184c        -       0x00000004   Zero   RW          526    .bss._ZL9sin_theta  main.o
    0x20001850        -       0x00000004   Zero   RW          529    .bss._ZL9theta_rad  main.o
    0x20001854        -       0x00000004   Zero   RW         2197    .bss._ZZ15Leg_SMC_ControlPK15LegControlInputE17now_left_mang_cmd  leg.o
    0x20001858        -       0x00000004   Zero   RW         2198    .bss._ZZ15Leg_SMC_ControlPK15LegControlInputE18now_right_mang_cmd  leg.o
    0x2000185c        -       0x00000001   Zero   RW          564    .bss._ZZ29HAL_TIM_PeriodElapsedCallbackE7count_g  main.o
    0x2000185d   COMPRESSED   0x00000001   PAD
    0x2000185e        -       0x00000002   Zero   RW          559    .bss._ZZ29HAL_TIM_PeriodElapsedCallbackE7re_flag  main.o
    0x20001860        -       0x00000004   Zero   RW          561    .bss._ZZ29HAL_TIM_PeriodElapsedCallbackE8ten_flag  main.o
    0x20001864        -       0x00000004   Zero   RW          537    .bss.cos_theta_L    main.o
    0x20001868        -       0x00000004   Zero   RW          538    .bss.cos_theta_R    main.o
    0x2000186c        -       0x00000004   Zero   RW          539    .bss.cos_theta_down  main.o
    0x20001870        -       0x00000007   Zero   RW          531    .bss.graphic_tpye1  main.o
    0x20001877        -       0x00000005   Zero   RW          545    .bss.graphic_tpye4  main.o
    0x2000187c        -       0x00000028   Zero   RW          609    .bss.hcan1          can.o
    0x200018a4        -       0x00000028   Zero   RW          610    .bss.hcan2          can.o
    0x200018cc        -       0x00000060   Zero   RW          686    .bss.hdma_uart5_rx  usart.o
    0x2000192c        -       0x00000060   Zero   RW          687    .bss.hdma_uart5_tx  usart.o
    0x2000198c        -       0x00000060   Zero   RW          688    .bss.hdma_usart1_rx  usart.o
    0x200019ec        -       0x00000060   Zero   RW          689    .bss.hdma_usart1_tx  usart.o
    0x20001a4c        -       0x00000060   Zero   RW          690    .bss.hdma_usart3_rx  usart.o
    0x20001aac        -       0x00000060   Zero   RW          691    .bss.hdma_usart3_tx  usart.o
    0x20001b0c        -       0x00000060   Zero   RW          692    .bss.hdma_usart6_rx  usart.o
    0x20001b6c        -       0x00000058   Zero   RW          633    .bss.hspi1          spi.o
    0x20001bc4        -       0x00000048   Zero   RW          655    .bss.htim2          tim.o
    0x20001c0c        -       0x00000048   Zero   RW          656    .bss.htim3          tim.o
    0x20001c54        -       0x00000048   Zero   RW          657    .bss.htim5          tim.o
    0x20001c9c        -       0x00000048   Zero   RW          658    .bss.htim7          tim.o
    0x20001ce4        -       0x00000048   Zero   RW          659    .bss.htim8          tim.o
    0x20001d2c        -       0x00000048   Zero   RW          682    .bss.huart1         usart.o
    0x20001d74        -       0x00000048   Zero   RW          683    .bss.huart2         usart.o
    0x20001dbc        -       0x00000048   Zero   RW          684    .bss.huart3         usart.o
    0x20001e04        -       0x00000048   Zero   RW          681    .bss.huart5         usart.o
    0x20001e4c        -       0x00000048   Zero   RW          685    .bss.huart6         usart.o
    0x20001e94        -       0x00000001   Zero   RW          502    .bss.play_mode      main.o
    0x20001e95   COMPRESSED   0x00000003   PAD
    0x20001e98        -       0x00000004   Zero   RW          534    .bss.sin_theta_L    main.o
    0x20001e9c        -       0x00000004   Zero   RW          535    .bss.sin_theta_R    main.o
    0x20001ea0        -       0x00000004   Zero   RW          536    .bss.sin_theta_down  main.o
    0x20001ea4        -       0x00000002   Zero   RW          484    .bss.speed          main.o
    0x20001ea6   COMPRESSED   0x00000002   PAD
    0x20001ea8        -       0x00000004   Zero   RW           57    .bss.sysTickUptime  cp_system.o
    0x20001eac        -       0x00000004   Zero   RW           51    .bss.usTicks        cp_system.o
    0x20001eb0        -       0x00000004   Zero   RW         1261    .bss.uwTick         stm32f4xx_hal.o
    0x20001eb4   COMPRESSED   0x00000004   PAD
    0x20001eb8        -       0x00001000   Zero   RW            2    HEAP                startup_stm32f405xx.o
    0x20002eb8        -       0x00002000   Zero   RW            1    STACK               startup_stm32f405xx.o


    Execution Region RW_IRAM2 (Exec base: 0x2001c000, Load base: 0x0800e1b0, Size: 0x00000000, Max: 0x00004000, ABSOLUTE)

    **** No section assigned to this execution region ****


==============================================================================

Image component sizes


      Code (inc. data)   RO Data    RW Data    ZI Data      Debug   Object Name

       552          0          0          0         84       6391   can.o
      7002          4        768          0       2100      19928   cp_system.o
       930          0          4          0         16      21046   dm.o
       204          0          0          0          0       3295   dma.o
       234          0          0          0          0       2179   gpio.o
      4428        308          4         24       1230      44376   leg.o
     15332        240         14        428       2292      53027   main.o
      2804          8          4          0         16      61099   rm_lib.o
       500          4          0          0          0      29159   smc.o
       220          0          0          0         88       4891   spi.o
        64         26        392          0      12288        864   startup_stm32f405xx.o
       270          0          0          5          4       7071   stm32f4xx_hal.o
      3200          0          0          0          0      11571   stm32f4xx_hal_can.o
       482          0          0          0          0       9682   stm32f4xx_hal_cortex.o
      2068          8          8          0          0       8512   stm32f4xx_hal_dma.o
       996          0          0          0          0       5108   stm32f4xx_hal_gpio.o
        74          0          0          0          0       1490   stm32f4xx_hal_msp.o
      2646          0          0          0          0       7585   stm32f4xx_hal_rcc.o
       256          0          0          0          0      19470   stm32f4xx_hal_spi.o
      2048          0          0          0          0      36044   stm32f4xx_hal_tim.o
       306          0          0          0          0      15348   stm32f4xx_hal_tim_ex.o
      3858          0          0          0          0      20356   stm32f4xx_hal_uart.o
       396          0          4          0         16      19974   stm32f4xx_it.o
        18          0         24          4          0       2536   system_stm32f4xx.o
       994          0          0          0        360       8229   tim.o
      1720          0          0          0       1032       8657   usart.o

    ----------------------------------------------------------------------
     51824        598       1256        468      19588     427888   Object Totals
         0          0         32          0          0          0   (incl. Generated)
       222          0          2          7         62          0   (incl. Padding)

    ----------------------------------------------------------------------

      Code (inc. data)   RO Data    RW Data    ZI Data      Debug   Library Member Name

        90          0          0          0          0          0   __dczerorl2.o
         8          0          0          0          0         68   __main.o
         0          0          0          0          0          0   __rtentry.o
        12          0          0          0          0          0   __rtentry2.o
         6          0          0          0          0          0   __rtentry4.o
        94          8          0          0          0          0   __scatter.o
        28          0          0          0          0          0   __scatter_zi.o
        22          0          0          0          0        100   _rserrno.o
        18          0          0          0          0         80   exit.o
         6          0          0          0          0        152   heapauxi.o
         0          0          0          0          0          0   indicate_semi.o
        44          8          0          0          0         80   init_aeabi.o
         2          0          0          0          0          0   libinit.o
        10          0          0          0          0          0   libinit2.o
         2          0          0          0          0          0   libshutdown.o
         2          0          0          0          0          0   libshutdown2.o
         8          4          0          0         96         68   libspace.o
       240          0          0          0          0        100   lludivv7m.o
         8          4          0          0          0         68   rt_errno_addr_intlibspace.o
        78          0          0          0          0         80   rt_memclr_w.o
       138          0          0          0          0         68   rt_memcpy_v6.o
       100          0          0          0          0         80   rt_memcpy_w.o
         2          0          0          0          0          0   rtexit.o
        10          0          0          0          0          0   rtexit2.o
        62          0          0          0          0         76   strlen.o
        12          4          0          0          0         68   sys_exit.o
        74          0          0          0          0         80   sys_stackheap_outer.o
         2          0          0          0          0         68   use_no_semi.o
        98          4          0          0          0        140   d2f.o
       812         16          0          0          0        392   daddsub_clz.o
        84          0          0          0          0        244   dcmp.o
        24          0          0          0          0        116   dcmpi.o
       120          4          0          0          0        140   deqf.o
        46          0          0          0          0        116   dflt_clz.o
       120          4          0          0          0        140   dgeqf.o
       120          4          0          0          0        140   dleqf.o
       340         12          0          0          0        152   dmul.o
       156          4          0          0          0        140   dnaninf.o
        12          0          0          0          0        116   dretinf.o
        86          4          0          0          0        132   f2d.o
       140          4          0          0          0        132   fnaninf.o
        26          0          0          0          0        116   fpinit.o
        10          0          0          0          0        116   fretinf.o
         0          0          0          0          0          0   usenofp.o
       336         56          0          0          0        136   cosf.o
        38          0          0          0          0        116   fpclassifyf.o
        38         12          0          0          0        348   funder.o
       340         24         32          0          0        160   rredf.o
       400         56          0          0          0        212   sinf.o

    ----------------------------------------------------------------------
      4444        232         32          0         96       4540   Library Totals
        20          0          0          0          0          0   (incl. Padding)

    ----------------------------------------------------------------------

      Code (inc. data)   RO Data    RW Data    ZI Data      Debug   Library Name

      1078         28          0          0         96       1236   c_w.l
      2194         56          0          0          0       2332   fz_wm.l
      1152        148         32          0          0        972   m_wm.l

    ----------------------------------------------------------------------
      4444        232         32          0         96       4540   Library Totals

    ----------------------------------------------------------------------

==============================================================================


      Code (inc. data)   RO Data    RW Data    ZI Data      Debug   

     56268        830       1288        468      19684     429344   Grand Totals
     56268        830       1288        216      19684     429344   ELF Image Totals (compressed)
     56268        830       1288        216          0          0   ROM Totals

==============================================================================

    Total RO  Size (Code + RO Data)                57556 (  56.21kB)
    Total RW  Size (RW Data + ZI Data)             20152 (  19.68kB)
    Total ROM Size (Code + RO Data + RW Data)      57772 (  56.42kB)

==============================================================================

