*** Using Compiler 'V6.21', folder: 'D:\keil_5\ARM\ARMCLANG\Bin'
Rebuild target 'New_Chassis'
assembling startup_stm32f405xx.s...
compiling can.c...
compiling usart.c...
compiling spi.c...
compiling dma.c...
compiling gpio.c...
compiling tim.c...
compiling CP_System.c...
compiling stm32f4xx_hal_msp.c...
compiling stm32f4xx_hal_rcc.c...
compiling stm32f4xx_hal_rcc_ex.c...
compiling stm32f4xx_hal_can.c...
compiling stm32f4xx_hal_flash_ex.c...
compiling stm32f4xx_hal_flash_ramfunc.c...
compiling stm32f4xx_hal_flash.c...
compiling stm32f4xx_it.c...
compiling stm32f4xx_hal_gpio.c...
../Core/Src/main.c(769): error: use of undeclared identifier 'Motro_Yaw_front_left'
  769 |   if(YAW.mang < Motor_Yaw_front_left && YAW.mang > Motro_Yaw_front_right)
      |                 ^
../Core/Src/main.c(107): note: expanded from macro 'Motor_Yaw_front_left'
  107 | #define Motor_Yaw_front_left Motro_Yaw_front_left + 1.0f
      |                              ^
1 error generated.
compiling main.c...
compiling stm32f4xx_hal_dma_ex.c...
compiling stm32f4xx_hal_dma.c...
compiling RM_Lib.cpp...
compiling stm32f4xx_hal_pwr_ex.c...
compiling stm32f4xx_hal_pwr.c...
compiling stm32f4xx_hal.c...
compiling stm32f4xx_hal_cortex.c...
compiling stm32f4xx_hal_exti.c...
compiling stm32f4xx_hal_spi.c...
compiling stm32f4xx_hal_tim_ex.c...
compiling system_stm32f4xx.c...
compiling stm32f4xx_hal_tim.c...
compiling stm32f4xx_hal_uart.c...
compiling imu_data_decode.c...
compiling packet.c...
compiling example_data.c...
compiling nmea_dec.c...
compiling hipnuc_dec.c...
compiling leg.cpp...
compiling DM.cpp...
compiling SMC.cpp...
"New_Chassis\New_Chassis.axf" - 1 Error(s), 0 Warning(s).
Target not created.
Build Time Elapsed:  00:00:09
