Component: Arm Compiler for Embedded 6.21 Tool: armlink [5ec1fa00]

==============================================================================

Section Cross References

    startup_stm32f405xx.o(STACK) refers (Special) to heapauxi.o(.text) for __use_two_region_memory
    startup_stm32f405xx.o(HEAP) refers (Special) to heapauxi.o(.text) for __use_two_region_memory
    startup_stm32f405xx.o(RESET) refers (Special) to heapauxi.o(.text) for __use_two_region_memory
    startup_stm32f405xx.o(RESET) refers to startup_stm32f405xx.o(STACK) for __initial_sp
    startup_stm32f405xx.o(RESET) refers to startup_stm32f405xx.o(.text) for Reset_Handler
    startup_stm32f405xx.o(RESET) refers to stm32f4xx_it.o(.text.NMI_Handler) for NMI_Handler
    startup_stm32f405xx.o(RESET) refers to stm32f4xx_it.o(.text.HardFault_Handler) for HardFault_Handler
    startup_stm32f405xx.o(RESET) refers to stm32f4xx_it.o(.text.MemManage_Handler) for MemManage_Handler
    startup_stm32f405xx.o(RESET) refers to stm32f4xx_it.o(.text.BusFault_Handler) for BusFault_Handler
    startup_stm32f405xx.o(RESET) refers to stm32f4xx_it.o(.text.UsageFault_Handler) for UsageFault_Handler
    startup_stm32f405xx.o(RESET) refers to stm32f4xx_it.o(.text.SVC_Handler) for SVC_Handler
    startup_stm32f405xx.o(RESET) refers to stm32f4xx_it.o(.text.DebugMon_Handler) for DebugMon_Handler
    startup_stm32f405xx.o(RESET) refers to stm32f4xx_it.o(.text.PendSV_Handler) for PendSV_Handler
    startup_stm32f405xx.o(RESET) refers to stm32f4xx_it.o(.text.SysTick_Handler) for SysTick_Handler
    startup_stm32f405xx.o(RESET) refers to stm32f4xx_it.o(.text.DMA1_Stream0_IRQHandler) for DMA1_Stream0_IRQHandler
    startup_stm32f405xx.o(RESET) refers to stm32f4xx_it.o(.text.DMA1_Stream1_IRQHandler) for DMA1_Stream1_IRQHandler
    startup_stm32f405xx.o(RESET) refers to stm32f4xx_it.o(.text.DMA1_Stream3_IRQHandler) for DMA1_Stream3_IRQHandler
    startup_stm32f405xx.o(RESET) refers to stm32f4xx_it.o(.text.CAN1_RX0_IRQHandler) for CAN1_RX0_IRQHandler
    startup_stm32f405xx.o(RESET) refers to stm32f4xx_it.o(.text.TIM2_IRQHandler) for TIM2_IRQHandler
    startup_stm32f405xx.o(RESET) refers to stm32f4xx_it.o(.text.TIM3_IRQHandler) for TIM3_IRQHandler
    startup_stm32f405xx.o(RESET) refers to stm32f4xx_it.o(.text.USART1_IRQHandler) for USART1_IRQHandler
    startup_stm32f405xx.o(RESET) refers to stm32f4xx_it.o(.text.USART3_IRQHandler) for USART3_IRQHandler
    startup_stm32f405xx.o(RESET) refers to stm32f4xx_it.o(.text.TIM8_UP_TIM13_IRQHandler) for TIM8_UP_TIM13_IRQHandler
    startup_stm32f405xx.o(RESET) refers to stm32f4xx_it.o(.text.DMA1_Stream7_IRQHandler) for DMA1_Stream7_IRQHandler
    startup_stm32f405xx.o(RESET) refers to stm32f4xx_it.o(.text.TIM5_IRQHandler) for TIM5_IRQHandler
    startup_stm32f405xx.o(RESET) refers to stm32f4xx_it.o(.text.UART5_IRQHandler) for UART5_IRQHandler
    startup_stm32f405xx.o(RESET) refers to stm32f4xx_it.o(.text.TIM7_IRQHandler) for TIM7_IRQHandler
    startup_stm32f405xx.o(RESET) refers to stm32f4xx_it.o(.text.DMA2_Stream1_IRQHandler) for DMA2_Stream1_IRQHandler
    startup_stm32f405xx.o(RESET) refers to stm32f4xx_it.o(.text.DMA2_Stream2_IRQHandler) for DMA2_Stream2_IRQHandler
    startup_stm32f405xx.o(RESET) refers to stm32f4xx_it.o(.text.CAN2_RX1_IRQHandler) for CAN2_RX1_IRQHandler
    startup_stm32f405xx.o(RESET) refers to stm32f4xx_it.o(.text.DMA2_Stream7_IRQHandler) for DMA2_Stream7_IRQHandler
    startup_stm32f405xx.o(RESET) refers to stm32f4xx_it.o(.text.USART6_IRQHandler) for USART6_IRQHandler
    startup_stm32f405xx.o(.text) refers (Special) to heapauxi.o(.text) for __use_two_region_memory
    startup_stm32f405xx.o(.text) refers to system_stm32f4xx.o(.text.SystemInit) for SystemInit
    startup_stm32f405xx.o(.text) refers to __main.o(!!!main) for __main
    startup_stm32f405xx.o(.text) refers to startup_stm32f405xx.o(HEAP) for Heap_Mem
    startup_stm32f405xx.o(.text) refers to startup_stm32f405xx.o(STACK) for Stack_Mem
    cp_system.o(.text.CP_System_Init) refers to usart.o(.bss.huart3) for huart3
    cp_system.o(.text.CP_System_Init) refers to cp_system.o(.bss.CP_rev_buf) for CP_rev_buf
    cp_system.o(.text.CP_System_Init) refers to stm32f4xx_hal_uart.o(.text.HAL_UART_Receive_DMA) for HAL_UART_Receive_DMA
    cp_system.o(.ARM.exidx.text.CP_System_Init) refers to cp_system.o(.text.CP_System_Init) for [Anonymous Symbol]
    cp_system.o(.text.CP_System_IRQHandler) refers to usart.o(.bss.huart3) for huart3
    cp_system.o(.text.CP_System_IRQHandler) refers to stm32f4xx_hal_uart.o(.text.HAL_UART_DMAStop) for HAL_UART_DMAStop
    cp_system.o(.text.CP_System_IRQHandler) refers to cp_system.o(.bss.CP_rx_len) for CP_rx_len
    cp_system.o(.text.CP_System_IRQHandler) refers to cp_system.o(.bss.CP_FIFO) for CP_FIFO
    cp_system.o(.text.CP_System_IRQHandler) refers to cp_system.o(.bss.CP_rev_buf) for CP_rev_buf
[...]

    Execution Region ER_IROM1 (Exec base: 0x08000000, Load base: 0x08000000, Size: 0x00010c6c, Max: 0x00100000, ABSOLUTE)

    Exec Addr    Load Addr    Size         Type   Attr      Idx    E Section Name        Object

    0x08000000   0x08000000   0x00000188   Data   RO            3    RESET               startup_stm32f405xx.o
    0x08000188   0x08000188   0x00000008   Code   RO         2186  * !!!main             c_w.l(__main.o)
    0x08000190   0x08000190   0x0000005c   Code   RO         2955    !!!scatter          c_w.l(__scatter.o)
    0x080001ec   0x080001ec   0x0000005a   Code   RO         2953    !!dczerorl2         c_w.l(__dczerorl2.o)
    0x08000246   0x08000246   0x00000002   PAD
    0x08000248   0x08000248   0x00000002   Code   RO         2956    !!handler_null      c_w.l(__scatter.o)
    0x0800024a   0x0800024a   0x00000002   PAD
    0x0800024c   0x0800024c   0x0000001c   Code   RO         2959    !!handler_zi        c_w.l(__scatter_zi.o)
    0x08000268   0x08000268   0x00000000   Code   RO         2482    .ARM.Collect$$_printf_percent$$00000000  c_w.l(_printf_percent.o)
    0x08000268   0x08000268   0x00000006   Code   RO         2471    .ARM.Collect$$_printf_percent$$00000001  c_w.l(_printf_n.o)
    0x0800026e   0x0800026e   0x00000006   Code   RO         2473    .ARM.Collect$$_printf_percent$$00000002  c_w.l(_printf_p.o)
    0x08000274   0x08000274   0x00000006   Code   RO         2478    .ARM.Collect$$_printf_percent$$00000003  c_w.l(_printf_f.o)
    0x0800027a   0x0800027a   0x00000006   Code   RO         2479    .ARM.Collect$$_printf_percent$$00000004  c_w.l(_printf_e.o)
    0x08000280   0x08000280   0x00000006   Code   RO         2480    .ARM.Collect$$_printf_percent$$00000005  c_w.l(_printf_g.o)
    0x08000286   0x08000286   0x00000006   Code   RO         2481    .ARM.Collect$$_printf_percent$$00000006  c_w.l(_printf_a.o)
    0x0800028c   0x0800028c   0x0000000a   Code   RO         2486    .ARM.Collect$$_printf_percent$$00000007  c_w.l(_printf_ll.o)
    0x08000296   0x08000296   0x00000006   Code   RO         2475    .ARM.Collect$$_printf_percent$$00000008  c_w.l(_printf_i.o)
    0x0800029c   0x0800029c   0x00000006   Code   RO         2476    .ARM.Collect$$_printf_percent$$00000009  c_w.l(_printf_d.o)
    0x080002a2   0x080002a2   0x00000006   Code   RO         2477    .ARM.Collect$$_printf_percent$$0000000A  c_w.l(_printf_u.o)
    0x080002a8   0x080002a8   0x00000006   Code   RO         2474    .ARM.Collect$$_printf_percent$$0000000B  c_w.l(_printf_o.o)
    0x080002ae   0x080002ae   0x00000006   Code   RO         2472    .ARM.Collect$$_printf_percent$$0000000C  c_w.l(_printf_x.o)
    0x080002b4   0x080002b4   0x00000006   Code   RO         2483    .ARM.Collect$$_printf_percent$$0000000D  c_w.l(_printf_lli.o)
    0x080002ba   0x080002ba   0x00000006   Code   RO         2484    .ARM.Collect$$_printf_percent$$0000000E  c_w.l(_printf_lld.o)
    0x080002c0   0x080002c0   0x00000006   Code   RO         2485    .ARM.Collect$$_printf_percent$$0000000F  c_w.l(_printf_llu.o)
    0x080002c6   0x080002c6   0x00000006   Code   RO         2490    .ARM.Collect$$_printf_percent$$00000010  c_w.l(_printf_llo.o)
    0x080002cc   0x080002cc   0x00000006   Code   RO         2491    .ARM.Collect$$_printf_percent$$00000011  c_w.l(_printf_llx.o)
    0x080002d2   0x080002d2   0x0000000a   Code   RO         2487    .ARM.Collect$$_printf_percent$$00000012  c_w.l(_printf_l.o)
    0x080002dc   0x080002dc   0x00000006   Code   RO         2469    .ARM.Collect$$_printf_percent$$00000013  c_w.l(_printf_c.o)
    0x080002e2   0x080002e2   0x00000006   Code   RO         2470    .ARM.Collect$$_printf_percent$$00000014  c_w.l(_printf_s.o)
    0x080002e8   0x080002e8   0x00000006   Code   RO         2488    .ARM.Collect$$_printf_percent$$00000015  c_w.l(_printf_lc.o)
    0x080002ee   0x080002ee   0x00000006   Code   RO         2489    .ARM.Collect$$_printf_percent$$00000016  c_w.l(_printf_ls.o)
    0x080002f4   0x080002f4   0x00000004   Code   RO         2708    .ARM.Collect$$_printf_percent$$00000017  c_w.l(_printf_percent_end.o)
    0x080002f8   0x080002f8   0x00000002   Code   RO         2819    .ARM.Collect$$libinit$$00000000  c_w.l(libinit.o)
    0x080002fa   0x080002fa   0x00000004   Code   RO         2496    .ARM.Collect$$libinit$$00000001  c_w.l(libinit2.o)
    0x080002fe   0x080002fe   0x00000000   Code   RO         2499    .ARM.Collect$$libinit$$00000004  c_w.l(libinit2.o)
    0x080002fe   0x080002fe   0x00000000   Code   RO         2501    .ARM.Collect$$libinit$$00000006  c_w.l(libinit2.o)
    0x080002fe   0x080002fe   0x00000008   Code   RO         2502    .ARM.Collect$$libinit$$00000007  c_w.l(libinit2.o)
    0x08000306   0x08000306   0x00000000   Code   RO         2504    .ARM.Collect$$libinit$$0000000C  c_w.l(libinit2.o)
    0x08000306   0x08000306   0x00000000   Code   RO         2506    .ARM.Collect$$libinit$$0000000E  c_w.l(libinit2.o)
    0x08000306   0x08000306   0x00000000   Code   RO         2508    .ARM.Collect$$libinit$$00000010  c_w.l(libinit2.o)
    0x08000306   0x08000306   0x00000006   Code   RO         2509    .ARM.Collect$$libinit$$00000011  c_w.l(libinit2.o)
    0x0800030c   0x0800030c   0x00000000   Code   RO         2511    .ARM.Collect$$libinit$$00000013  c_w.l(libinit2.o)
    0x0800030c   0x0800030c   0x0000000c   Code   RO         2512    .ARM.Collect$$libinit$$00000014  c_w.l(libinit2.o)
    0x08000318   0x08000318   0x00000000   Code   RO         2513    .ARM.Collect$$libinit$$00000015  c_w.l(libinit2.o)
    0x08000318   0x08000318   0x00000000   Code   RO         2515    .ARM.Collect$$libinit$$00000017  c_w.l(libinit2.o)
    0x08000318   0x08000318   0x0000000a   Code   RO         2516    .ARM.Collect$$libinit$$00000018  c_w.l(libinit2.o)
    0x08000322   0x08000322   0x00000000   Code   RO         2517    .ARM.Collect$$libinit$$00000019  c_w.l(libinit2.o)
    0x08000322   0x08000322   0x00000000   Code   RO         2519    .ARM.Collect$$libinit$$0000001B  c_w.l(libinit2.o)
    0x08000322   0x08000322   0x00000000   Code   RO         2521    .ARM.Collect$$libinit$$0000001D  c_w.l(libinit2.o)
    0x08000322   0x08000322   0x00000000   Code   RO         2523    .ARM.Collect$$libinit$$0000001F  c_w.l(libinit2.o)
    0x08000322   0x08000322   0x00000000   Code   RO         2525    .ARM.Collect$$libinit$$00000021  c_w.l(libinit2.o)
    0x08000322   0x08000322   0x00000000   Code   RO         2527    .ARM.Collect$$libinit$$00000023  c_w.l(libinit2.o)
    0x08000322   0x08000322   0x00000000   Code   RO         2529    .ARM.Collect$$libinit$$00000025  c_w.l(libinit2.o)
    0x08000322   0x08000322   0x00000000   Code   RO         2531    .ARM.Collect$$libinit$$00000027  c_w.l(libinit2.o)
    0x08000322   0x08000322   0x00000000   Code   RO         2535    .ARM.Collect$$libinit$$0000002E  c_w.l(libinit2.o)
    0x08000322   0x08000322   0x00000000   Code   RO         2537    .ARM.Collect$$libinit$$00000030  c_w.l(libinit2.o)
    0x08000322   0x08000322   0x00000000   Code   RO         2539    .ARM.Collect$$libinit$$00000032  c_w.l(libinit2.o)
    0x08000322   0x08000322   0x00000004   Code   RO         2540    .ARM.Collect$$libinit$$00000033  c_w.l(libinit2.o)
    0x08000326   0x08000326   0x00000000   Code   RO         2541    .ARM.Collect$$libinit$$00000034  c_w.l(libinit2.o)
    0x08000326   0x08000326   0x00000002   Code   RO         2542    .ARM.Collect$$libinit$$00000035  c_w.l(libinit2.o)
    0x08000328   0x08000328   0x00000002   Code   RO         2923    .ARM.Collect$$libshutdown$$00000000  c_w.l(libshutdown.o)
    0x0800032a   0x0800032a   0x00000000   Code   RO         2894    .ARM.Collect$$libshutdown$$00000002  c_w.l(libshutdown2.o)
    0x0800032a   0x0800032a   0x00000000   Code   RO         2896    .ARM.Collect$$libshutdown$$00000004  c_w.l(libshutdown2.o)
    0x0800032a   0x0800032a   0x00000000   Code   RO         2899    .ARM.Collect$$libshutdown$$00000007  c_w.l(libshutdown2.o)
    0x0800032a   0x0800032a   0x00000000   Code   RO         2902    .ARM.Collect$$libshutdown$$0000000A  c_w.l(libshutdown2.o)
    0x0800032a   0x0800032a   0x00000000   Code   RO         2904    .ARM.Collect$$libshutdown$$0000000C  c_w.l(libshutdown2.o)
    0x0800032a   0x0800032a   0x00000000   Code   RO         2907    .ARM.Collect$$libshutdown$$0000000F  c_w.l(libshutdown2.o)
    0x0800032a   0x0800032a   0x00000002   Code   RO         2908    .ARM.Collect$$libshutdown$$00000010  c_w.l(libshutdown2.o)
    0x0800032c   0x0800032c   0x00000000   Code   RO         2319    .ARM.Collect$$rtentry$$00000000  c_w.l(__rtentry.o)
    0x0800032c   0x0800032c   0x00000000   Code   RO         2645    .ARM.Collect$$rtentry$$00000002  c_w.l(__rtentry2.o)
    0x0800032c   0x0800032c   0x00000006   Code   RO         2657    .ARM.Collect$$rtentry$$00000004  c_w.l(__rtentry4.o)
    0x08000332   0x08000332   0x00000000   Code   RO         2647    .ARM.Collect$$rtentry$$00000009  c_w.l(__rtentry2.o)
    0x08000332   0x08000332   0x00000004   Code   RO         2648    .ARM.Collect$$rtentry$$0000000A  c_w.l(__rtentry2.o)
    0x08000336   0x08000336   0x00000000   Code   RO         2650    .ARM.Collect$$rtentry$$0000000C  c_w.l(__rtentry2.o)
    0x08000336   0x08000336   0x00000008   Code   RO         2651    .ARM.Collect$$rtentry$$0000000D  c_w.l(__rtentry2.o)
    0x0800033e   0x0800033e   0x00000002   Code   RO         2829    .ARM.Collect$$rtexit$$00000000  c_w.l(rtexit.o)
    0x08000340   0x08000340   0x00000000   Code   RO         2871    .ARM.Collect$$rtexit$$00000002  c_w.l(rtexit2.o)
    0x08000340   0x08000340   0x00000004   Code   RO         2872    .ARM.Collect$$rtexit$$00000003  c_w.l(rtexit2.o)
    0x08000344   0x08000344   0x00000006   Code   RO         2873    .ARM.Collect$$rtexit$$00000004  c_w.l(rtexit2.o)
    0x0800034a   0x0800034a   0x00000002   PAD
    0x0800034c   0x0800034c   0x00000040   Code   RO            4    .text               startup_stm32f405xx.o
    0x0800038c   0x0800038c   0x000000f0   Code   RO         2158    .text               c_w.l(lludivv7m.o)
    0x0800047c   0x0800047c   0x0000002c   Code   RO         2160    .text               c_w.l(sprintf.o)
    0x080004a8   0x080004a8   0x0000003e   Code   RO         2172    .text               c_w.l(strlen.o)
    0x080004e6   0x080004e6   0x0000008a   Code   RO         2174    .text               c_w.l(rt_memcpy_v6.o)
    0x08000570   0x08000570   0x00000064   Code   RO         2176    .text               c_w.l(rt_memcpy_w.o)
    0x080005d4   0x080005d4   0x0000004e   Code   RO         2180    .text               c_w.l(rt_memclr_w.o)
    0x08000622   0x08000622   0x00000006   PAD
    0x08000628   0x08000628   0x0000007c   Code   RO         2182    .text               c_w.l(strcmpv7em.o)
    0x080006a4   0x080006a4   0x00000006   Code   RO         2184    .text               c_w.l(heapauxi.o)
    0x080006aa   0x080006aa   0x00000002   PAD
    0x080006ac   0x080006ac   0x0000002c   Code   RO         2191    .text               c_w.l(init_aeabi.o)
    0x080006d8   0x080006d8   0x00000010   Code   RO         2320    .text               c_w.l(rt_ctype_table.o)
    0x080006e8   0x080006e8   0x00000008   Code   RO         2329    .text               c_w.l(rt_errno_addr_intlibspace.o)
    0x080006f0   0x080006f0   0x0000005e   Code   RO         2335    .text               c_w.l(h1_alloc.o)
    0x0800074e   0x0800074e   0x0000004e   Code   RO         2337    .text               c_w.l(h1_free.o)
    0x0800079c   0x0800079c   0x00000016   Code   RO         2397    .text               c_w.l(_rserrno.o)
    0x080007b2   0x080007b2   0x0000004e   Code   RO         2401    .text               c_w.l(_printf_pad.o)
    0x08000800   0x08000800   0x00000024   Code   RO         2403    .text               c_w.l(_printf_truncate.o)
    0x08000824   0x08000824   0x00000052   Code   RO         2405    .text               c_w.l(_printf_str.o)
    0x08000876   0x08000876   0x00000002   PAD
    0x08000878   0x08000878   0x00000078   Code   RO         2407    .text               c_w.l(_printf_dec.o)
    0x080008f0   0x080008f0   0x00000028   Code   RO         2409    .text               c_w.l(_printf_charcount.o)
    0x08000918   0x08000918   0x00000030   Code   RO         2411    .text               c_w.l(_printf_char_common.o)
    0x08000948   0x08000948   0x0000000a   Code   RO         2413    .text               c_w.l(_sputc.o)
    0x08000952   0x08000952   0x00000002   PAD
    0x08000954   0x08000954   0x000000bc   Code   RO         2417    .text               c_w.l(_printf_wctomb.o)
    0x08000a10   0x08000a10   0x0000007c   Code   RO         2420    .text               c_w.l(_printf_longlong_dec.o)
    0x08000a8c   0x08000a8c   0x00000070   Code   RO         2426    .text               c_w.l(_printf_oct_int_ll.o)
    0x08000afc   0x08000afc   0x00000094   Code   RO         2446    .text               c_w.l(_printf_hex_int_ll_ptr.o)
    0x08000b90   0x08000b90   0x00000188   Code   RO         2466    .text               c_w.l(__printf_flags_ss_wp.o)
    0x08000d18   0x08000d18   0x00000008   Code   RO         2639    .text               c_w.l(libspace.o)
    0x08000d20   0x08000d20   0x00000008   Code   RO         2664    .text               c_w.l(rt_heap_descriptor_intlibspace.o)
    0x08000d28   0x08000d28   0x00000008   Code   RO         2669    .text               c_w.l(rt_locale_intlibspace.o)
    0x08000d30   0x08000d30   0x00000004   Code   RO         2671    .text               c_w.l(hguard.o)
    0x08000d34   0x08000d34   0x0000008a   Code   RO         2673    .text               c_w.l(init_alloc.o)
    0x08000dbe   0x08000dbe   0x0000000c   Code   RO         2677    .text               c_w.l(h1_init.o)
    0x08000dca   0x08000dca   0x0000008a   Code   RO         2689    .text               c_w.l(lludiv10.o)
    0x08000e54   0x08000e54   0x000000b2   Code   RO         2693    .text               c_w.l(_printf_intcommon.o)
    0x08000f06   0x08000f06   0x0000041c   Code   RO         2695    .text               c_w.l(_printf_fp_dec.o)
    0x08001322   0x08001322   0x00000002   PAD
    0x08001324   0x08001324   0x000002fc   Code   RO         2699    .text               c_w.l(_printf_fp_hex.o)
    0x08001620   0x08001620   0x0000002c   Code   RO         2704    .text               c_w.l(_printf_char.o)
    0x0800164c   0x0800164c   0x0000002c   Code   RO         2706    .text               c_w.l(_printf_wchar.o)
    0x08001678   0x08001678   0x00000048   Code   RO         2713    .text               c_w.l(_c16rtomb.o)
    0x080016c0   0x080016c0   0x0000004a   Code   RO         2752    .text               c_w.l(sys_stackheap_outer.o)
    0x0800170a   0x0800170a   0x00000000   Code   RO         2756    .text               c_w.l(maybetermalloc1.o)
    0x0800170a   0x0800170a   0x00000034   Code   RO         2758    .text               c_w.l(h1_extend.o)
    0x0800173e   0x0800173e   0x00000002   PAD
    0x08001740   0x08001740   0x00000080   Code   RO         2762    .text               c_w.l(_printf_fp_infnan.o)
    0x080017c0   0x080017c0   0x000000e4   Code   RO         2768    .text               c_w.l(bigflt0.o)
    0x080018a4   0x080018a4   0x00000012   Code   RO         2795    .text               c_w.l(exit.o)
    0x080018b6   0x080018b6   0x0000000e   Code   RO         2803    .text               c_w.l(defsig_rtmem_outer.o)
    0x080018c4   0x080018c4   0x0000000c   Code   RO         2822    .text               c_w.l(sys_exit.o)
    0x080018d0   0x080018d0   0x00000002   Code   RO         2826    .text               c_w.l(use_no_semi.o)
    0x080018d2   0x080018d2   0x00000000   Code   RO         2828    .text               c_w.l(indicate_semi.o)
    0x080018d2   0x080018d2   0x0000000a   Code   RO         2842    .text               c_w.l(defsig_exit.o)
    0x080018dc   0x080018dc   0x00000050   Code   RO         2850    .text               c_w.l(defsig_rtmem_inner.o)
    0x0800192c   0x0800192c   0x00000032   Code   RO         2889    .text               c_w.l(defsig_general.o)
    0x0800195e   0x0800195e   0x0000000e   Code   RO         2915    .text               c_w.l(sys_wrch.o)
    0x0800196c   0x0800196c   0x0000004e   Code   RO           27    .text.Append_CRC16_Check_Sum  cp_system.o
    0x080019ba   0x080019ba   0x00000002   PAD
    0x080019bc   0x080019bc   0x00000040   Code   RO           25    .text.Append_CRC8_Check_Sum  cp_system.o
    0x080019fc   0x080019fc   0x00000004   Code   RO          808    .text.BusFault_Handler  stm32f4xx_it.o
    0x08001a00   0x08001a00   0x00000010   Code   RO          826    .text.CAN1_RX0_IRQHandler  stm32f4xx_it.o
    0x08001a10   0x08001a10   0x00000010   Code   RO          850    .text.CAN2_RX1_IRQHandler  stm32f4xx_it.o
    0x08001a20   0x08001a20   0x00000262   Code   RO           39    .text.CP_DrawOrDelete_Char  cp_system.o
    0x08001c82   0x08001c82   0x00000002   PAD
    0x08001c84   0x08001c84   0x0000032a   Code   RO           33    .text.CP_DrawOrDelete_Five_Graphic  cp_system.o
    0x08001fae   0x08001fae   0x00000002   PAD
    0x08001fb0   0x08001fb0   0x00000280   Code   RO           37    .text.CP_DrawOrDelete_One_Number  cp_system.o
    0x08002230   0x08002230   0x0000032a   Code   RO           35    .text.CP_DrawOrDelete_Seven_Graphic  cp_system.o
    0x0800255a   0x0800255a   0x00000002   PAD
    0x0800255c   0x0800255c   0x000000b4   Code   RO           17    .text.CP_System_DMACplt_DataDeal  cp_system.o
    0x08002610   0x08002610   0x000000cc   Code   RO           13    .text.CP_System_IRQHandler  cp_system.o
    0x080026dc   0x080026dc   0x00000026   Code   RO           11    .text.CP_System_Init  cp_system.o
    0x08002702   0x08002702   0x00000002   PAD
    0x08002704   0x08002704   0x00000ca6   Code   RO           15    .text.CP_data_deal  cp_system.o
    0x080033aa   0x080033aa   0x00000002   PAD
    0x080033ac   0x080033ac   0x00000010   Code   RO          820    .text.DMA1_Stream0_IRQHandler  stm32f4xx_it.o
    0x080033bc   0x080033bc   0x00000010   Code   RO          822    .text.DMA1_Stream1_IRQHandler  stm32f4xx_it.o
    0x080033cc   0x080033cc   0x00000010   Code   RO          824    .text.DMA1_Stream3_IRQHandler  stm32f4xx_it.o
    0x080033dc   0x080033dc   0x00000010   Code   RO          838    .text.DMA1_Stream7_IRQHandler  stm32f4xx_it.o
    0x080033ec   0x080033ec   0x00000010   Code   RO          846    .text.DMA2_Stream1_IRQHandler  stm32f4xx_it.o
    0x080033fc   0x080033fc   0x00000010   Code   RO          848    .text.DMA2_Stream2_IRQHandler  stm32f4xx_it.o
    0x0800340c   0x0800340c   0x00000010   Code   RO          852    .text.DMA2_Stream7_IRQHandler  stm32f4xx_it.o
    0x0800341c   0x0800341c   0x00000056   Code   RO         1132    .text.DMA_CalcBaseAndBitshift  stm32f4xx_hal_dma.o
    0x08003472   0x08003472   0x00000002   PAD
    0x08003474   0x08003474   0x000000f0   Code   RO         1130    .text.DMA_CheckFifoParam  stm32f4xx_hal_dma.o
    0x08003564   0x08003564   0x00000050   Code   RO         1138    .text.DMA_SetConfig  stm32f4xx_hal_dma.o
    0x080035b4   0x080035b4   0x00000002   Code   RO          814    .text.DebugMon_Handler  stm32f4xx_it.o
    0x080035b6   0x080035b6   0x00000002   PAD
    0x080035b8   0x080035b8   0x00000006   Code   RO          456    .text.Error_Handler  main.o
    0x080035be   0x080035be   0x00000002   PAD
    0x080035c0   0x080035c0   0x0000006a   Code   RO           49    .text.Get_CRC16_Check_Sum  cp_system.o
    0x0800362a   0x0800362a   0x00000002   PAD
    0x0800362c   0x0800362c   0x00000046   Code   RO           47    .text.Get_CRC8_Check_Sum  cp_system.o
    0x08003672   0x08003672   0x00000002   PAD
    0x08003674   0x08003674   0x00000052   Code   RO          909    .text.HAL_CAN_ActivateNotification  stm32f4xx_hal_can.o
    0x080036c6   0x080036c6   0x00000002   PAD
    0x080036c8   0x080036c8   0x00000156   Code   RO          895    .text.HAL_CAN_AddTxMessage  stm32f4xx_hal_can.o
    0x0800381e   0x0800381e   0x00000002   PAD
    0x08003820   0x08003820   0x000001a4   Code   RO          885    .text.HAL_CAN_ConfigFilter  stm32f4xx_hal_can.o
    0x080039c4   0x080039c4   0x00000008   Code   RO          939    .text.HAL_CAN_ErrorCallback  stm32f4xx_hal_can.o
    0x080039cc   0x080039cc   0x00000212   Code   RO          905    .text.HAL_CAN_GetRxMessage  stm32f4xx_hal_can.o
    0x08003bde   0x08003bde   0x00000002   PAD
    0x08003be0   0x08003be0   0x00000070   Code   RO          899    .text.HAL_CAN_GetTxMailboxesFreeLevel  stm32f4xx_hal_can.o
    0x08003c50   0x08003c50   0x000003f2   Code   RO          913    .text.HAL_CAN_IRQHandler  stm32f4xx_hal_can.o
    0x08004042   0x08004042   0x00000002   PAD
    0x08004044   0x08004044   0x000001de   Code   RO          875    .text.HAL_CAN_Init  stm32f4xx_hal_can.o
    0x08004222   0x08004222   0x00000002   PAD
    0x08004224   0x08004224   0x0000018c   Code   RO          703    .text.HAL_CAN_MspInit  can.o
    0x080043b0   0x080043b0   0x00000008   Code   RO          927    .text.HAL_CAN_RxFifo0FullCallback  stm32f4xx_hal_can.o
    0x080043b8   0x080043b8   0x000001bc   Code   RO          458    .text.HAL_CAN_RxFifo0MsgPendingCallback  main.o
    0x08004574   0x08004574   0x00000008   Code   RO          931    .text.HAL_CAN_RxFifo1FullCallback  stm32f4xx_hal_can.o
    0x0800457c   0x0800457c   0x00000004   PAD
    0x08004580   0x08004580   0x0000028c   Code   RO          460    .text.HAL_CAN_RxFifo1MsgPendingCallback  main.o
    0x0800480c   0x0800480c   0x00000008   Code   RO          935    .text.HAL_CAN_SleepCallback  stm32f4xx_hal_can.o
    0x08004814   0x08004814   0x0000008a   Code   RO          887    .text.HAL_CAN_Start  stm32f4xx_hal_can.o
    0x0800489e   0x0800489e   0x00000002   PAD
    0x080048a0   0x080048a0   0x00000008   Code   RO          917    .text.HAL_CAN_TxMailbox0AbortCallback  stm32f4xx_hal_can.o
    0x080048a8   0x080048a8   0x00000008   Code   RO          915    .text.HAL_CAN_TxMailbox0CompleteCallback  stm32f4xx_hal_can.o
    0x080048b0   0x080048b0   0x00000008   Code   RO          921    .text.HAL_CAN_TxMailbox1AbortCallback  stm32f4xx_hal_can.o
    0x080048b8   0x080048b8   0x00000008   Code   RO          919    .text.HAL_CAN_TxMailbox1CompleteCallback  stm32f4xx_hal_can.o
    0x080048c0   0x080048c0   0x00000008   Code   RO          925    .text.HAL_CAN_TxMailbox2AbortCallback  stm32f4xx_hal_can.o
    0x080048c8   0x080048c8   0x00000008   Code   RO          923    .text.HAL_CAN_TxMailbox2CompleteCallback  stm32f4xx_hal_can.o
    0x080048d0   0x080048d0   0x00000008   Code   RO          937    .text.HAL_CAN_WakeUpFromRxMsgCallback  stm32f4xx_hal_can.o
    0x080048d8   0x080048d8   0x000000ec   Code   RO         1142    .text.HAL_DMA_Abort  stm32f4xx_hal_dma.o
    0x080049c4   0x080049c4   0x00000044   Code   RO         1144    .text.HAL_DMA_Abort_IT  stm32f4xx_hal_dma.o
    0x08004a08   0x08004a08   0x0000031e   Code   RO         1148    .text.HAL_DMA_IRQHandler  stm32f4xx_hal_dma.o
    0x08004d26   0x08004d26   0x00000002   PAD
    0x08004d28   0x08004d28   0x0000016e   Code   RO         1128    .text.HAL_DMA_Init  stm32f4xx_hal_dma.o
    0x08004e96   0x08004e96   0x00000002   PAD
    0x08004e98   0x08004e98   0x000000c2   Code   RO         1140    .text.HAL_DMA_Start_IT  stm32f4xx_hal_dma.o
    0x08004f5a   0x08004f5a   0x00000002   PAD
    0x08004f5c   0x08004f5c   0x00000042   Code   RO         1323    .text.HAL_Delay     stm32f4xx_hal.o
    0x08004f9e   0x08004f9e   0x00000002   PAD
    0x08004fa0   0x08004fa0   0x000003b6   Code   RO         1090    .text.HAL_GPIO_Init  stm32f4xx_hal_gpio.o
    0x08005356   0x08005356   0x00000002   PAD
    0x08005358   0x08005358   0x0000002e   Code   RO         1096    .text.HAL_GPIO_WritePin  stm32f4xx_hal_gpio.o
    0x08005386   0x08005386   0x00000002   PAD
    0x08005388   0x08005388   0x0000000c   Code   RO         1315    .text.HAL_GetTick   stm32f4xx_hal.o
    0x08005394   0x08005394   0x0000001a   Code   RO         1313    .text.HAL_IncTick   stm32f4xx_hal.o
    0x080053ae   0x080053ae   0x00000002   PAD
    0x080053b0   0x080053b0   0x00000036   Code   RO         1303    .text.HAL_Init      stm32f4xx_hal.o
    0x080053e6   0x080053e6   0x00000002   PAD
    0x080053e8   0x080053e8   0x00000070   Code   RO         1305    .text.HAL_InitTick  stm32f4xx_hal.o
    0x08005458   0x08005458   0x0000004a   Code   RO          867    .text.HAL_MspInit   stm32f4xx_hal_msp.o
    0x080054a2   0x080054a2   0x00000002   PAD
    0x080054a4   0x080054a4   0x00000014   Code   RO         1238    .text.HAL_NVIC_EnableIRQ  stm32f4xx_hal_cortex.o
    0x080054b8   0x080054b8   0x00000032   Code   RO         1230    .text.HAL_NVIC_SetPriority  stm32f4xx_hal_cortex.o
    0x080054ea   0x080054ea   0x00000002   PAD
    0x080054ec   0x080054ec   0x00000010   Code   RO         1226    .text.HAL_NVIC_SetPriorityGrouping  stm32f4xx_hal_cortex.o
    0x080054fc   0x080054fc   0x00000262   Code   RO          958    .text.HAL_RCC_ClockConfig  stm32f4xx_hal_rcc.o
    0x0800575e   0x0800575e   0x00000002   PAD
    0x08005760   0x08005760   0x0000000c   Code   RO          968    .text.HAL_RCC_GetHCLKFreq  stm32f4xx_hal_rcc.o
    0x0800576c   0x0800576c   0x00000022   Code   RO          970    .text.HAL_RCC_GetPCLK1Freq  stm32f4xx_hal_rcc.o
    0x0800578e   0x0800578e   0x00000002   PAD
    0x08005790   0x08005790   0x00000022   Code   RO          972    .text.HAL_RCC_GetPCLK2Freq  stm32f4xx_hal_rcc.o
    0x080057b2   0x080057b2   0x00000002   PAD
    0x080057b4   0x080057b4   0x000000e6   Code   RO          960    .text.HAL_RCC_GetSysClockFreq  stm32f4xx_hal_rcc.o
    0x0800589a   0x0800589a   0x00000002   PAD
    0x0800589c   0x0800589c   0x000006be   Code   RO          956    .text.HAL_RCC_OscConfig  stm32f4xx_hal_rcc.o
    0x08005f5a   0x08005f5a   0x00000002   PAD
    0x08005f5c   0x08005f5c   0x00000100   Code   RO         1392    .text.HAL_SPI_Init  stm32f4xx_hal_spi.o
    0x0800605c   0x0800605c   0x0000008e   Code   RO          727    .text.HAL_SPI_MspInit  spi.o
    0x080060ea   0x080060ea   0x00000002   PAD
    0x080060ec   0x080060ec   0x00000010   Code   RO         1250    .text.HAL_SYSTICK_Config  stm32f4xx_hal_cortex.o
    0x080060fc   0x080060fc   0x00000008   Code   RO         1832    .text.HAL_TIMEx_BreakCallback  stm32f4xx_hal_tim_ex.o
    0x08006104   0x08006104   0x00000008   Code   RO         1828    .text.HAL_TIMEx_CommutCallback  stm32f4xx_hal_tim_ex.o
    0x0800610c   0x0800610c   0x00000122   Code   RO         1822    .text.HAL_TIMEx_MasterConfigSynchronization  stm32f4xx_hal_tim_ex.o
    0x0800622e   0x0800622e   0x00000002   PAD
    0x08006230   0x08006230   0x0000009c   Code   RO         1509    .text.HAL_TIM_Base_Init  stm32f4xx_hal_tim.o
    0x080062cc   0x080062cc   0x00000174   Code   RO          749    .text.HAL_TIM_Base_MspInit  tim.o
    0x08006440   0x08006440   0x000000f6   Code   RO         1523    .text.HAL_TIM_Base_Start_IT  stm32f4xx_hal_tim.o
    0x08006536   0x08006536   0x00000002   PAD
    0x08006538   0x08006538   0x00000184   Code   RO         1701    .text.HAL_TIM_ConfigClockSource  stm32f4xx_hal_tim.o
    0x080066bc   0x080066bc   0x00000008   Code   RO         1645    .text.HAL_TIM_IC_CaptureCallback  stm32f4xx_hal_tim.o
    0x080066c4   0x080066c4   0x0000021a   Code   RO         1643    .text.HAL_TIM_IRQHandler  stm32f4xx_hal_tim.o
    0x080068de   0x080068de   0x00000002   PAD
    0x080068e0   0x080068e0   0x00000008   Code   RO         1647    .text.HAL_TIM_OC_DelayElapsedCallback  stm32f4xx_hal_tim.o
    0x080068e8   0x080068e8   0x00000008   Code   RO         1649    .text.HAL_TIM_PWM_PulseFinishedCallback  stm32f4xx_hal_tim.o
    0x080068f0   0x080068f0   0x00000d04   Code   RO          462    .text.HAL_TIM_PeriodElapsedCallback  main.o
    0x080075f4   0x080075f4   0x00000008   Code   RO         1653    .text.HAL_TIM_TriggerCallback  stm32f4xx_hal_tim.o
    0x080075fc   0x080075fc   0x0000000c   Code   RO         1937    .text.HAL_UARTEx_RxEventCallback  stm32f4xx_hal_uart.o
    0x08007608   0x08007608   0x000000cc   Code   RO         1889    .text.HAL_UART_DMAStop  stm32f4xx_hal_uart.o
    0x080076d4   0x080076d4   0x00000008   Code   RO         1935    .text.HAL_UART_ErrorCallback  stm32f4xx_hal_uart.o
    0x080076dc   0x080076dc   0x0000042c   Code   RO         1929    .text.HAL_UART_IRQHandler  stm32f4xx_hal_uart.o
    0x08007b08   0x08007b08   0x0000009e   Code   RO         1845    .text.HAL_UART_Init  stm32f4xx_hal_uart.o
    0x08007ba6   0x08007ba6   0x00000002   PAD
    0x08007ba8   0x08007ba8   0x0000056c   Code   RO          775    .text.HAL_UART_MspInit  usart.o
    0x08008114   0x08008114   0x00000056   Code   RO         1881    .text.HAL_UART_Receive_DMA  stm32f4xx_hal_uart.o
    0x0800816a   0x0800816a   0x00000002   PAD
    0x0800816c   0x0800816c   0x00000020   Code   RO          464    .text.HAL_UART_RxCpltCallback  main.o
    0x0800818c   0x0800818c   0x00000008   Code   RO         1949    .text.HAL_UART_RxHalfCpltCallback  stm32f4xx_hal_uart.o
    0x08008194   0x08008194   0x00000130   Code   RO         1861    .text.HAL_UART_Transmit  stm32f4xx_hal_uart.o
    0x080082c4   0x080082c4   0x000000e2   Code   RO         1873    .text.HAL_UART_Transmit_DMA  stm32f4xx_hal_uart.o
    0x080083a6   0x080083a6   0x00000002   PAD
    0x080083a8   0x080083a8   0x00000008   Code   RO         1943    .text.HAL_UART_TxCpltCallback  stm32f4xx_hal_uart.o
    0x080083b0   0x080083b0   0x00000008   Code   RO         1945    .text.HAL_UART_TxHalfCpltCallback  stm32f4xx_hal_uart.o
    0x080083b8   0x080083b8   0x00000004   Code   RO          804    .text.HardFault_Handler  stm32f4xx_it.o
    0x080083bc   0x080083bc   0x00000032   Code   RO           21    .text.Judge_IF_DUM_Normal  cp_system.o
    0x080083ee   0x080083ee   0x00000002   PAD
    0x080083f0   0x080083f0   0x0000004e   Code   RO          699    .text.MX_CAN1_Init  can.o
    0x0800843e   0x0800843e   0x00000002   PAD
    0x08008440   0x08008440   0x0000004e   Code   RO          701    .text.MX_CAN2_Init  can.o
    0x0800848e   0x0800848e   0x00000002   PAD
    0x08008490   0x08008490   0x000000cc   Code   RO          717    .text.MX_DMA_Init   dma.o
    0x0800855c   0x0800855c   0x000000ea   Code   RO          691    .text.MX_GPIO_Init  gpio.o
    0x08008646   0x08008646   0x00000002   PAD
    0x08008648   0x08008648   0x0000004e   Code   RO          725    .text.MX_SPI1_Init  spi.o
    0x08008696   0x08008696   0x00000002   PAD
    0x08008698   0x08008698   0x00000082   Code   RO          739    .text.MX_TIM2_Init  tim.o
    0x0800871a   0x0800871a   0x00000002   PAD
    0x0800871c   0x0800871c   0x00000084   Code   RO          741    .text.MX_TIM3_Init  tim.o
    0x080087a0   0x080087a0   0x00000086   Code   RO          743    .text.MX_TIM5_Init  tim.o
    0x08008826   0x08008826   0x00000002   PAD
    0x08008828   0x08008828   0x0000005a   Code   RO          745    .text.MX_TIM7_Init  tim.o
    0x08008882   0x08008882   0x00000002   PAD
    0x08008884   0x08008884   0x00000088   Code   RO          747    .text.MX_TIM8_Init  tim.o
    0x0800890c   0x0800890c   0x00000040   Code   RO          765    .text.MX_UART5_Init  usart.o
    0x0800894c   0x0800894c   0x00000040   Code   RO          767    .text.MX_USART1_UART_Init  usart.o
    0x0800898c   0x0800898c   0x00000040   Code   RO          769    .text.MX_USART2_UART_Init  usart.o
    0x080089cc   0x080089cc   0x00000040   Code   RO          771    .text.MX_USART3_UART_Init  usart.o
    0x08008a0c   0x08008a0c   0x0000004c   Code   RO          773    .text.MX_USART6_UART_Init  usart.o
    0x08008a58   0x08008a58   0x00000004   Code   RO          806    .text.MemManage_Handler  stm32f4xx_it.o
    0x08008a5c   0x08008a5c   0x00000004   Code   RO          802    .text.NMI_Handler   stm32f4xx_it.o
    0x08008a60   0x08008a60   0x0000006c   Code   RO         1236    .text.NVIC_EncodePriority  stm32f4xx_hal_cortex.o
    0x08008acc   0x08008acc   0x00000002   Code   RO          816    .text.PendSV_Handler  stm32f4xx_it.o
    0x08008ace   0x08008ace   0x00000002   PAD
    0x08008ad0   0x08008ad0   0x00000002   Code   RO          812    .text.SVC_Handler   stm32f4xx_it.o
    0x08008ad2   0x08008ad2   0x00000002   PAD
    0x08008ad4   0x08008ad4   0x00000052   Code   RO         1252    .text.SysTick_Config  stm32f4xx_hal_cortex.o
    0x08008b26   0x08008b26   0x00000002   PAD
    0x08008b28   0x08008b28   0x00000008   Code   RO          818    .text.SysTick_Handler  stm32f4xx_it.o
    0x08008b30   0x08008b30   0x00000012   Code   RO         1976    .text.SystemInit    system_stm32f4xx.o
    0x08008b42   0x08008b42   0x00000002   PAD
    0x08008b44   0x08008b44   0x00000010   Code   RO          828    .text.TIM2_IRQHandler  stm32f4xx_it.o
    0x08008b54   0x08008b54   0x00000010   Code   RO          830    .text.TIM3_IRQHandler  stm32f4xx_it.o
    0x08008b64   0x08008b64   0x00000010   Code   RO          840    .text.TIM5_IRQHandler  stm32f4xx_it.o
    0x08008b74   0x08008b74   0x00000010   Code   RO          844    .text.TIM7_IRQHandler  stm32f4xx_it.o
    0x08008b84   0x08008b84   0x00000010   Code   RO          836    .text.TIM8_UP_TIM13_IRQHandler  stm32f4xx_it.o
    0x08008b94   0x08008b94   0x000001b0   Code   RO         1513    .text.TIM_Base_SetConfig  stm32f4xx_hal_tim.o
    0x08008d44   0x08008d44   0x00000034   Code   RO         1699    .text.TIM_ETR_SetConfig  stm32f4xx_hal_tim.o
    0x08008d78   0x08008d78   0x0000002a   Code   RO         1705    .text.TIM_ITRx_SetConfig  stm32f4xx_hal_tim.o
    0x08008da2   0x08008da2   0x00000002   PAD
    0x08008da4   0x08008da4   0x00000050   Code   RO         1703    .text.TIM_TI1_ConfigInputStage  stm32f4xx_hal_tim.o
    0x08008df4   0x08008df4   0x00000052   Code   RO         1707    .text.TIM_TI2_ConfigInputStage  stm32f4xx_hal_tim.o
    0x08008e46   0x08008e46   0x00000002   PAD
    0x08008e48   0x08008e48   0x00000002   Code   RO          842    .text.UART5_IRQHandler  stm32f4xx_it.o
    0x08008e4a   0x08008e4a   0x00000002   PAD
    0x08008e4c   0x08008e4c   0x00000020   Code   RO         1933    .text.UART_DMAAbortOnError  stm32f4xx_hal_uart.o
    0x08008e6c   0x08008e6c   0x0000007c   Code   RO         1879    .text.UART_DMAError  stm32f4xx_hal_uart.o
    0x08008ee8   0x08008ee8   0x000000f4   Code   RO         1965    .text.UART_DMAReceiveCplt  stm32f4xx_hal_uart.o
    0x08008fdc   0x08008fdc   0x00000034   Code   RO         1967    .text.UART_DMARxHalfCplt  stm32f4xx_hal_uart.o
    0x08009010   0x08009010   0x0000007a   Code   RO         1875    .text.UART_DMATransmitCplt  stm32f4xx_hal_uart.o
    0x0800908a   0x0800908a   0x00000002   PAD
    0x0800908c   0x0800908c   0x00000016   Code   RO         1877    .text.UART_DMATxHalfCplt  stm32f4xx_hal_uart.o
    0x080090a2   0x080090a2   0x00000002   PAD
    0x080090a4   0x080090a4   0x00000094   Code   RO         1893    .text.UART_EndRxTransfer  stm32f4xx_hal_uart.o
    0x08009138   0x08009138   0x00000026   Code   RO         1941    .text.UART_EndTransmit_IT  stm32f4xx_hal_uart.o
    0x0800915e   0x0800915e   0x00000002   PAD
    0x08009160   0x08009160   0x00000036   Code   RO         1891    .text.UART_EndTxTransfer  stm32f4xx_hal_uart.o
    0x08009196   0x08009196   0x00000002   PAD
    0x08009198   0x08009198   0x0000016a   Code   RO         1931    .text.UART_Receive_IT  stm32f4xx_hal_uart.o
    0x08009302   0x08009302   0x00000002   PAD
    0x08009304   0x08009304   0x0000013a   Code   RO         1849    .text.UART_SetConfig  stm32f4xx_hal_uart.o
    0x0800943e   0x0800943e   0x00000002   PAD
    0x08009440   0x08009440   0x0000010c   Code   RO         1883    .text.UART_Start_Receive_DMA  stm32f4xx_hal_uart.o
    0x0800954c   0x0800954c   0x00000094   Code   RO         1939    .text.UART_Transmit_IT  stm32f4xx_hal_uart.o
    0x080095e0   0x080095e0   0x000000da   Code   RO         1863    .text.UART_WaitOnFlagUntilTimeout  stm32f4xx_hal_uart.o
    0x080096ba   0x080096ba   0x00000002   PAD
    0x080096bc   0x080096bc   0x00000010   Code   RO          832    .text.USART1_IRQHandler  stm32f4xx_it.o
    0x080096cc   0x080096cc   0x0000001c   Code   RO          834    .text.USART3_IRQHandler  stm32f4xx_it.o
    0x080096e8   0x080096e8   0x00000010   Code   RO          854    .text.USART6_IRQHandler  stm32f4xx_it.o
    0x080096f8   0x080096f8   0x00000004   Code   RO          810    .text.UsageFault_Handler  stm32f4xx_it.o
    0x080096fc   0x080096fc   0x00000008   Code   RO         2014    .text._GLOBAL__sub_I_DM.cpp  dm.o
    0x08009704   0x08009704   0x00000008   Code   RO          255    .text._GLOBAL__sub_I_RM_Lib.cpp  rm_lib.o
    0x0800970c   0x0800970c   0x000000b0   Code   RO          474    .text._GLOBAL__sub_I_main.c  main.o
    0x080097bc   0x080097bc   0x00000008   Code   RO          856    .text._GLOBAL__sub_I_stm32f4xx_it.c  stm32f4xx_it.o
    0x080097c4   0x080097c4   0x00000004   PAD
    0x080097c8   0x080097c8   0x00000334   Code   RO          422    .text._Z11PLAYER_dealv  main.o
    0x08009afc   0x08009afc   0x0000008e   Code   RO         2000    .text._Z13float_to_uintfffi  dm.o
    0x08009b8a   0x08009b8a   0x00000002   PAD
    0x08009b8c   0x08009b8c   0x00000052   Code   RO         2002    .text._Z13uint_to_floatiffi  dm.o
    0x08009bde   0x08009bde   0x00000002   PAD
    0x08009be0   0x08009be0   0x0000016a   Code   RO          418    .text._Z15XTLkeyboarddealv  main.o
    0x08009d4a   0x08009d4a   0x00000002   PAD
    0x08009d4c   0x08009d4c   0x00000b70   Code   RO          428    .text._Z15leg_control_ch3v  main.o
    0x0800a8bc   0x0800a8bc   0x0000021c   Code   RO          416    .text._Z16Communicate_dealv  main.o
    0x0800aad8   0x0800aad8   0x000005ec   Code   RO          414    .text._Z16M3508_Limit_dealv  main.o
    0x0800b0c4   0x0800b0c4   0x000001f4   Code   RO          406    .text._Z17KEY_Forback_Ctrl1v  main.o
    0x0800b2b8   0x0800b2b8   0x000000ba   Code   RO          454    .text._Z18SystemClock_Configv  main.o
    0x0800b372   0x0800b372   0x00000002   PAD
    0x0800b374   0x0800b374   0x000004c6   Code   RO          420    .text._Z18chassic_power_dealv  main.o
    0x0800b83a   0x0800b83a   0x00000002   PAD
    0x0800b83c   0x0800b83c   0x000000fa   Code   RO          408    .text._Z20Chassic_Forback_Ctrlv  main.o
    0x0800b936   0x0800b936   0x00000002   PAD
    0x0800b938   0x0800b938   0x00000012   Code   RO          301    .text._Z3absB7v180000f  rm_lib.o
    0x0800b94a   0x0800b94a   0x00000002   PAD
    0x0800b94c   0x0800b94c   0x00000102   Code   RO          396    .text._Z4SlowPfff   main.o
    0x0800ba4e   0x0800ba4e   0x00000002   PAD
    0x0800ba50   0x0800ba50   0x000000e2   Code   RO          404    .text._Z6F_slowPfffff  main.o
    0x0800bb32   0x0800bb32   0x00000002   PAD
    0x0800bb34   0x0800bb34   0x000004e0   Code   RO          424    .text._Z8Key_dealv  main.o
    0x0800c014   0x0800c014   0x00000276   Code   RO          412    .text._Z9MODE_DEALv  main.o
    0x0800c28a   0x0800c28a   0x00000002   PAD
    0x0800c28c   0x0800c28c   0x00000058   Code   RO          410    .text._ZL17Chassic_axis_slowPffff  main.o
    0x0800c2e4   0x0800c2e4   0x00000026   Code   RO          426    .text._ZL18__NVIC_SystemResetv  main.o
    0x0800c30a   0x0800c30a   0x00000002   PAD
    0x0800c30c   0x0800c30c   0x00000020   Code   RO          434    .text._ZL18leg_clear_roll_pidv  main.o
    0x0800c32c   0x0800c32c   0x00000020   Code   RO          468    .text._ZL19leg_clear_pitch_pidv  main.o
    0x0800c34c   0x0800c34c   0x00000034   Code   RO          446    .text._ZL22leg_set_balance_outputfff  main.o
    0x0800c380   0x0800c380   0x000000c4   Code   RO          448    .text._ZL23leg_player_static_quietv  main.o
    0x0800c444   0x0800c444   0x0000001e   Code   RO          436    .text._ZL23leg_reset_pitch_balancev  main.o
    0x0800c462   0x0800c462   0x00000002   PAD
    0x0800c464   0x0800c464   0x000000cc   Code   RO          466    .text._ZL24leg_get_chassis_fb_speedv  main.o
    0x0800c530   0x0800c530   0x000000c4   Code   RO          444    .text._ZL24leg_integral_death_checkv  main.o
    0x0800c5f4   0x0800c5f4   0x00000310   Code   RO          442    .text._ZL24leg_pitch_balance_updatev  main.o
    0x0800c904   0x0800c904   0x0000007a   Code   RO          438    .text._ZL26leg_reset_chassis_accel_ffv  main.o
    0x0800c97e   0x0800c97e   0x00000002   PAD
    0x0800c980   0x0800c980   0x0000015c   Code   RO          430    .text._ZL28leg_accel_feedforward_updatev  main.o
    0x0800cadc   0x0800cadc   0x00000028   Code   RO          440    .text._ZL29leg_reset_player_static_quietv  main.o
    0x0800cb04   0x0800cb04   0x000001cc   Code   RO          450    .text._ZL29leg_set_balance_output_customfffff  main.o
    0x0800ccd0   0x0800ccd0   0x000000c8   Code   RO          472    .text._ZL30leg_apply_joint_damping_customfP8MOTOR_DMfff  main.o
    0x0800cd98   0x0800cd98   0x000000c6   Code   RO          470    .text._ZL32leg_player_static_quiet_in_rangefff  main.o
    0x0800ce5e   0x0800ce5e   0x00000002   PAD
    0x0800ce60   0x0800ce60   0x0000041c   Code   RO          432    .text._ZL36leg_chassis_accel_feedforward_updatev  main.o
    0x0800d27c   0x0800d27c   0x00000012   Code   RO          683    .text._ZN11DP_Motor_FPC2Ev  main.o
    0x0800d28e   0x0800d28e   0x00000002   PAD
    0x0800d290   0x0800d290   0x0000042c   Code   RO          105    .text._ZN11MOTOR_DiPan12ML_Data_DealEfffi  rm_lib.o
    0x0800d6bc   0x0800d6bc   0x00000014   Code   RO          103    .text._ZN11MOTOR_DiPanC2Ev  rm_lib.o
    0x0800d6d0   0x0800d6d0   0x00000060   Code   RO          687    .text._ZN18UpDown_check_class6updataEb  main.o
    0x0800d730   0x0800d730   0x00000018   Code   RO          685    .text._ZN18UpDown_check_classC2Eb  main.o
    0x0800d748   0x0800d748   0x00000014   Code   RO          667    .text._ZN2HiC2Ev    main.o
    0x0800d75c   0x0800d75c   0x00000026   Code   RO           71    .text._ZN3$_0C2Ev   rm_lib.o
    0x0800d782   0x0800d782   0x00000002   PAD
    0x0800d784   0x0800d784   0x00000026   Code   RO          310    .text._ZN3$_0C2Ev   main.o
    0x0800d7aa   0x0800d7aa   0x00000002   PAD
    0x0800d7ac   0x0800d7ac   0x00000026   Code   RO          800    .text._ZN3$_0C2Ev   stm32f4xx_it.o
    0x0800d7d2   0x0800d7d2   0x00000002   PAD
    0x0800d7d4   0x0800d7d4   0x00000026   Code   RO         1992    .text._ZN3$_0C2Ev   dm.o
    0x0800d7fa   0x0800d7fa   0x00000002   PAD
    0x0800d7fc   0x0800d7fc   0x0000002e   Code   RO          161    .text._ZN4DBUS13Pressed_CheckEt  rm_lib.o
    0x0800d82a   0x0800d82a   0x00000002   PAD
    0x0800d82c   0x0800d82c   0x000000f8   Code   RO          157    .text._ZN4DBUS21can_receive_data_dealEPh  rm_lib.o
    0x0800d924   0x0800d924   0x00000020   Code   RO          159    .text._ZN4DBUS23V_can_receive_data_dealEPh  rm_lib.o
    0x0800d944   0x0800d944   0x00000030   Code   RO          145    .text._ZN4DBUS8set_zeroEv  rm_lib.o
    0x0800d974   0x0800d974   0x00000010   Code   RO          671    .text._ZN4DBUSC2EP20__UART_HandleTypeDef  main.o
    0x0800d984   0x0800d984   0x000000a8   Code   RO          681    .text._ZN6BMI088C2EP19__SPI_HandleTypeDefP17TIM_HandleTypeDefP12GPIO_TypeDeftS5_ttf23BMI088_GyroRangeTypeDef22BMI088_AccRangeTypeDef  main.o
    0x0800da2c   0x0800da2c   0x00000016   Code   RO          669    .text._ZN8Leg_dataC2Ev  main.o
    0x0800da42   0x0800da42   0x00000002   PAD
    0x0800da44   0x0800da44   0x00000142   Code   RO         2004    .text._ZN8MOTOR_DM6DM_MITEtfffff  dm.o
    0x0800db86   0x0800db86   0x00000002   PAD
    0x0800db88   0x0800db88   0x00000064   Code   RO         1994    .text._ZN8MOTOR_DM8DM_StartEt  dm.o
    0x0800dbec   0x0800dbec   0x000000de   Code   RO         2012    .text._ZN8MOTOR_DM9DM_updateEv  dm.o
    0x0800dcca   0x0800dcca   0x00000002   PAD
    0x0800dccc   0x0800dccc   0x00000070   Code   RO          677    .text._ZN8MOTOR_DMC2EtP8USER_CAN  main.o
    0x0800dd3c   0x0800dd3c   0x00000090   Code   RO           83    .text._ZN8MOTOR_RM15update_mang_infEv  rm_lib.o
    0x0800ddcc   0x0800ddcc   0x0000006c   Code   RO           81    .text._ZN8MOTOR_RM6updateEv  rm_lib.o
    0x0800de38   0x0800de38   0x0000001a   Code   RO          675    .text._ZN8MOTOR_RMC2EtP8USER_CAN  main.o
    0x0800de52   0x0800de52   0x00000002   PAD
    0x0800de54   0x0800de54   0x000000bc   Code   RO           73    .text._ZN8USER_CAN4InitEtt  rm_lib.o
    0x0800df10   0x0800df10   0x00000038   Code   RO           75    .text._ZN8USER_CAN4SendEtPh  rm_lib.o
    0x0800df48   0x0800df48   0x0000004e   Code   RO           79    .text._ZN8USER_CAN7ReceiveEP17CAN_HandleTypeDef  rm_lib.o
    0x0800df96   0x0800df96   0x00000002   PAD
    0x0800df98   0x0800df98   0x00000076   Code   RO           77    .text._ZN8USER_CAN7Send_RMEtssss  rm_lib.o
    0x0800e00e   0x0800e00e   0x00000002   PAD
    0x0800e010   0x0800e010   0x00000020   Code   RO          673    .text._ZN8USER_CANC2EP17CAN_HandleTypeDefb  main.o
    0x0800e030   0x0800e030   0x00000228   Code   RO          131    .text._ZN9PID_class10PID_updateEff  rm_lib.o
    0x0800e258   0x0800e258   0x000002ac   Code   RO          135    .text._ZN9PID_class13PID_update_LPEfff  rm_lib.o
    0x0800e504   0x0800e504   0x000001ae   Code   RO          129    .text._ZN9PID_class14PID_new_updateEff  rm_lib.o
    0x0800e6b2   0x0800e6b2   0x00000006   PAD
    0x0800e6b8   0x0800e6b8   0x000000b8   Code   RO          137    .text._ZN9PID_class15low_pass_filterEff  rm_lib.o
    0x0800e770   0x0800e770   0x00000072   Code   RO          679    .text._ZN9PID_classC2Efffffffff  main.o
    0x0800e7e2   0x0800e7e2   0x00000002   PAD
    0x0800e7e4   0x0800e7e4   0x00000012   Code   RO          283    .text._ZNSt3__26__math4fabsB7v180000Ef  rm_lib.o
    0x0800e7f6   0x0800e7f6   0x0000000c   Code   RO         2587    .text._ZSt15get_new_handlerv  libcppabi_w.l(cxa_handlers.cpp.o)
    0x0800e802   0x0800e802   0x00000002   PAD
    0x0800e804   0x0800e804   0x00000026   Code   RO         2223    .text._Znwj         libcpp_w.l(new.cpp.o)
    0x0800e82a   0x0800e82a   0x00000002   PAD
    0x0800e82c   0x0800e82c   0x00000030   Code   RO         1240    .text.__NVIC_EnableIRQ  stm32f4xx_hal_cortex.o
    0x0800e85c   0x0800e85c   0x00000010   Code   RO         1232    .text.__NVIC_GetPriorityGrouping  stm32f4xx_hal_cortex.o
    0x0800e86c   0x0800e86c   0x00000042   Code   RO         1234    .text.__NVIC_SetPriority  stm32f4xx_hal_cortex.o
    0x0800e8ae   0x0800e8ae   0x00000002   PAD
    0x0800e8b0   0x0800e8b0   0x0000003c   Code   RO         1228    .text.__NVIC_SetPriorityGrouping  stm32f4xx_hal_cortex.o
    0x0800e8ec   0x0800e8ec   0x00000010   Code   RO           69    .text.__cxx_global_var_init  rm_lib.o
    0x0800e8fc   0x0800e8fc   0x00000010   Code   RO          308    .text.__cxx_global_var_init  main.o
    0x0800e90c   0x0800e90c   0x00000010   Code   RO          798    .text.__cxx_global_var_init  stm32f4xx_it.o
    0x0800e91c   0x0800e91c   0x00000010   Code   RO         1990    .text.__cxx_global_var_init  dm.o
    0x0800e92c   0x0800e92c   0x00000020   Code   RO          312    .text.__cxx_global_var_init.1  main.o
    0x0800e94c   0x0800e94c   0x0000001c   Code   RO          330    .text.__cxx_global_var_init.10  main.o
    0x0800e968   0x0800e968   0x0000001a   Code   RO          332    .text.__cxx_global_var_init.11  main.o
    0x0800e982   0x0800e982   0x00000002   PAD
    0x0800e984   0x0800e984   0x0000001a   Code   RO          334    .text.__cxx_global_var_init.12  main.o
    0x0800e99e   0x0800e99e   0x00000002   PAD
    0x0800e9a0   0x0800e9a0   0x0000001a   Code   RO          336    .text.__cxx_global_var_init.13  main.o
    0x0800e9ba   0x0800e9ba   0x00000002   PAD
    0x0800e9bc   0x0800e9bc   0x00000040   Code   RO          338    .text.__cxx_global_var_init.14  main.o
    0x0800e9fc   0x0800e9fc   0x00000040   Code   RO          340    .text.__cxx_global_var_init.15  main.o
    0x0800ea3c   0x0800ea3c   0x0000003c   Code   RO          342    .text.__cxx_global_var_init.16  main.o
    0x0800ea78   0x0800ea78   0x0000003c   Code   RO          344    .text.__cxx_global_var_init.17  main.o
    0x0800eab4   0x0800eab4   0x0000003c   Code   RO          346    .text.__cxx_global_var_init.18  main.o
    0x0800eaf0   0x0800eaf0   0x0000003c   Code   RO          348    .text.__cxx_global_var_init.19  main.o
    0x0800eb2c   0x0800eb2c   0x00000020   Code   RO          314    .text.__cxx_global_var_init.2  main.o
    0x0800eb4c   0x0800eb4c   0x00000040   Code   RO          350    .text.__cxx_global_var_init.20  main.o
    0x0800eb8c   0x0800eb8c   0x0000003c   Code   RO          352    .text.__cxx_global_var_init.21  main.o
    0x0800ebc8   0x0800ebc8   0x00000040   Code   RO          354    .text.__cxx_global_var_init.22  main.o
    0x0800ec08   0x0800ec08   0x0000003c   Code   RO          356    .text.__cxx_global_var_init.23  main.o
    0x0800ec44   0x0800ec44   0x00000050   Code   RO          358    .text.__cxx_global_var_init.24  main.o
    0x0800ec94   0x0800ec94   0x00000048   Code   RO          360    .text.__cxx_global_var_init.25  main.o
    0x0800ecdc   0x0800ecdc   0x00000054   Code   RO          362    .text.__cxx_global_var_init.26  main.o
    0x0800ed30   0x0800ed30   0x00000044   Code   RO          364    .text.__cxx_global_var_init.27  main.o
    0x0800ed74   0x0800ed74   0x00000010   Code   RO          366    .text.__cxx_global_var_init.28  main.o
    0x0800ed84   0x0800ed84   0x00000050   Code   RO          368    .text.__cxx_global_var_init.29  main.o
    0x0800edd4   0x0800edd4   0x00000020   Code   RO          316    .text.__cxx_global_var_init.3  main.o
    0x0800edf4   0x0800edf4   0x00000010   Code   RO          370    .text.__cxx_global_var_init.30  main.o
    0x0800ee04   0x0800ee04   0x00000010   Code   RO          372    .text.__cxx_global_var_init.31  main.o
    0x0800ee14   0x0800ee14   0x00000010   Code   RO          374    .text.__cxx_global_var_init.32  main.o
    0x0800ee24   0x0800ee24   0x00000012   Code   RO          376    .text.__cxx_global_var_init.33  main.o
    0x0800ee36   0x0800ee36   0x00000002   PAD
    0x0800ee38   0x0800ee38   0x00000012   Code   RO          378    .text.__cxx_global_var_init.34  main.o
    0x0800ee4a   0x0800ee4a   0x00000002   PAD
    0x0800ee4c   0x0800ee4c   0x00000012   Code   RO          380    .text.__cxx_global_var_init.35  main.o
    0x0800ee5e   0x0800ee5e   0x00000002   PAD
    0x0800ee60   0x0800ee60   0x00000012   Code   RO          382    .text.__cxx_global_var_init.36  main.o
    0x0800ee72   0x0800ee72   0x00000002   PAD
    0x0800ee74   0x0800ee74   0x00000012   Code   RO          384    .text.__cxx_global_var_init.37  main.o
    0x0800ee86   0x0800ee86   0x00000002   PAD
    0x0800ee88   0x0800ee88   0x00000012   Code   RO          386    .text.__cxx_global_var_init.38  main.o
    0x0800ee9a   0x0800ee9a   0x00000002   PAD
    0x0800ee9c   0x0800ee9c   0x00000012   Code   RO          388    .text.__cxx_global_var_init.39  main.o
    0x0800eeae   0x0800eeae   0x00000002   PAD
    0x0800eeb0   0x0800eeb0   0x00000018   Code   RO          318    .text.__cxx_global_var_init.4  main.o
    0x0800eec8   0x0800eec8   0x00000012   Code   RO          390    .text.__cxx_global_var_init.40  main.o
    0x0800eeda   0x0800eeda   0x00000002   PAD
    0x0800eedc   0x0800eedc   0x00000012   Code   RO          392    .text.__cxx_global_var_init.41  main.o
    0x0800eeee   0x0800eeee   0x00000002   PAD
    0x0800eef0   0x0800eef0   0x00000012   Code   RO          394    .text.__cxx_global_var_init.42  main.o
    0x0800ef02   0x0800ef02   0x00000002   PAD
    0x0800ef04   0x0800ef04   0x0000001a   Code   RO          320    .text.__cxx_global_var_init.5  main.o
    0x0800ef1e   0x0800ef1e   0x00000002   PAD
    0x0800ef20   0x0800ef20   0x0000001a   Code   RO          322    .text.__cxx_global_var_init.6  main.o
    0x0800ef3a   0x0800ef3a   0x00000002   PAD
    0x0800ef3c   0x0800ef3c   0x0000001c   Code   RO          324    .text.__cxx_global_var_init.7  main.o
    0x0800ef58   0x0800ef58   0x0000001c   Code   RO          326    .text.__cxx_global_var_init.8  main.o
    0x0800ef74   0x0800ef74   0x0000001c   Code   RO          328    .text.__cxx_global_var_init.9  main.o
    0x0800ef90   0x0800ef90   0x0000018c   Code   RO          452    .text.main          main.o
    0x0800f11c   0x0800f11c   0x00000058   Code   RO           19    .text.micros        cp_system.o
    0x0800f174   0x0800f174   0x0000003e   Code   RO         2771    CL$$btod_d2e        c_w.l(btod.o)
    0x0800f1b2   0x0800f1b2   0x00000046   Code   RO         2773    CL$$btod_d2e_denorm_low  c_w.l(btod.o)
    0x0800f1f8   0x0800f1f8   0x00000060   Code   RO         2772    CL$$btod_d2e_norm_op1  c_w.l(btod.o)
    0x0800f258   0x0800f258   0x00000338   Code   RO         2781    CL$$btod_div_common  c_w.l(btod.o)
    0x0800f590   0x0800f590   0x000000dc   Code   RO         2778    CL$$btod_e2e        c_w.l(btod.o)
    0x0800f66c   0x0800f66c   0x0000002a   Code   RO         2775    CL$$btod_ediv       c_w.l(btod.o)
    0x0800f696   0x0800f696   0x0000002a   Code   RO         2774    CL$$btod_emul       c_w.l(btod.o)
    0x0800f6c0   0x0800f6c0   0x00000244   Code   RO         2780    CL$$btod_mult_common  c_w.l(btod.o)
    0x0800f904   0x0800f904   0x00000030   Code   RO         2746    i.__ARM_fpclassify  m_wm.l(fpclassify.o)
    0x0800f934   0x0800f934   0x00000026   Code   RO         2617    i.__ARM_fpclassifyf  m_wm.l(fpclassifyf.o)
    0x0800f95a   0x0800f95a   0x00000002   PAD
    0x0800f95c   0x0800f95c   0x00000150   Code   RO         2288    i.__hardfp_cosf     m_wm.l(cosf.o)
    0x0800faac   0x0800faac   0x00000190   Code   RO         2307    i.__hardfp_sinf     m_wm.l(sinf.o)
    0x0800fc3c   0x0800fc3c   0x00000006   Code   RO         2620    i.__mathlib_flt_infnan  m_wm.l(funder.o)
    0x0800fc42   0x0800fc42   0x00000002   PAD
    0x0800fc44   0x0800fc44   0x00000010   Code   RO         2622    i.__mathlib_flt_invalid  m_wm.l(funder.o)
    0x0800fc54   0x0800fc54   0x00000010   Code   RO         2625    i.__mathlib_flt_underflow  m_wm.l(funder.o)
    0x0800fc64   0x0800fc64   0x00000154   Code   RO         2636    i.__mathlib_rredf2  m_wm.l(rredf.o)
    0x0800fdb8   0x0800fdb8   0x0000000e   Code   RO         2459    i._is_digit         c_w.l(__printf_wp.o)
    0x0800fdc6   0x0800fdc6   0x00000002   PAD
    0x0800fdc8   0x0800fdc8   0x0000002c   Code   RO         2716    locale$$code        c_w.l(lc_ctype_c.o)
    0x0800fdf4   0x0800fdf4   0x0000002c   Code   RO         2719    locale$$code        c_w.l(lc_numeric_c.o)
    0x0800fe20   0x0800fe20   0x00000062   Code   RO         2194    x$fpl$d2f           fz_wm.l(d2f.o)
    0x0800fe82   0x0800fe82   0x00000002   PAD
    0x0800fe84   0x0800fe84   0x00000150   Code   RO         2196    x$fpl$dadd          fz_wm.l(daddsub_clz.o)
    0x0800ffd4   0x0800ffd4   0x00000018   Code   RO         2725    x$fpl$dcmpinf       fz_wm.l(dcmpi.o)
    0x0800ffec   0x0800ffec   0x00000078   Code   RO         2549    x$fpl$deqf          fz_wm.l(deqf.o)
    0x08010064   0x08010064   0x0000002e   Code   RO         2213    x$fpl$dflt          fz_wm.l(dflt_clz.o)
    0x08010092   0x08010092   0x00000002   PAD
    0x08010094   0x08010094   0x00000078   Code   RO         2551    x$fpl$dgeqf         fz_wm.l(dgeqf.o)
    0x0801010c   0x0801010c   0x00000078   Code   RO         2553    x$fpl$dleqf         fz_wm.l(dleqf.o)
    0x08010184   0x08010184   0x00000154   Code   RO         2218    x$fpl$dmul          fz_wm.l(dmul.o)
    0x080102d8   0x080102d8   0x0000009c   Code   RO         2555    x$fpl$dnaninf       fz_wm.l(dnaninf.o)
    0x08010374   0x08010374   0x0000000c   Code   RO         2557    x$fpl$dretinf       fz_wm.l(dretinf.o)
    0x08010380   0x08010380   0x000001dc   Code   RO         2198    x$fpl$dsub          fz_wm.l(daddsub_clz.o)
    0x0801055c   0x0801055c   0x00000056   Code   RO         2220    x$fpl$f2d           fz_wm.l(f2d.o)
    0x080105b2   0x080105b2   0x00000054   Code   RO         2202    x$fpl$fcmp          fz_wm.l(dcmp.o)
    0x08010606   0x08010606   0x0000008c   Code   RO         2561    x$fpl$fnaninf       fz_wm.l(fnaninf.o)
    0x08010692   0x08010692   0x0000001a   Code   RO         2727    x$fpl$fpinit        fz_wm.l(fpinit.o)
    0x080106ac   0x080106ac   0x0000000a   Code   RO         2563    x$fpl$fretinf       fz_wm.l(fretinf.o)
    0x080106b6   0x080106b6   0x00000004   Code   RO         2565    x$fpl$printf1       fz_wm.l(printf1.o)
    0x080106ba   0x080106ba   0x00000004   Code   RO         2567    x$fpl$printf2       fz_wm.l(printf2.o)
    0x080106be   0x080106be   0x00000000   Code   RO         2573    x$fpl$usenofp       fz_wm.l(usenofp.o)
    0x080106be   0x080106be   0x00000002   PAD
    0x080106c0   0x080106c0   0x00000008   Data   RO         2418    .constdata          c_w.l(_printf_wctomb.o)
    0x080106c8   0x080106c8   0x00000028   Data   RO         2447    .constdata          c_w.l(_printf_hex_int_ll_ptr.o)
    0x080106f0   0x080106f0   0x00000011   Data   RO         2467    .constdata          c_w.l(__printf_flags_ss_wp.o)
    0x08010701   0x08010701   0x00000003   PAD
    0x08010704   0x08010704   0x00000020   Data   RO         2637    .constdata          m_wm.l(rredf.o)
    0x08010724   0x08010724   0x00000026   Data   RO         2700    .constdata          c_w.l(_printf_fp_hex.o)
    0x0801074a   0x0801074a   0x00000002   PAD
    0x0801074c   0x0801074c   0x00000094   Data   RO         2769    .constdata          c_w.l(bigflt0.o)
    0x080107e0   0x080107e0   0x00000010   Data   RO         1981    .rodata.AHBPrescTable  system_stm32f4xx.o
    0x080107f0   0x080107f0   0x00000008   Data   RO         1982    .rodata.APBPrescTable  system_stm32f4xx.o
    0x080107f8   0x080107f8   0x00000008   Data   RO         1158    .rodata.DMA_CalcBaseAndBitshift.flagBitshiftOffset  stm32f4xx_hal_dma.o
    0x08010800   0x08010800   0x00000200   Data   RO           61    .rodata.Get_CRC16_Check_Sum.wCRC_Table  cp_system.o
    0x08010a00   0x08010a00   0x00000100   Data   RO           60    .rodata.Get_CRC8_Check_Sum.CRC8_TAB  cp_system.o
    0x08010b00   0x08010b00   0x0000000d   Data   RO          607    .rodata.str1.1      main.o
    0x08010b0d   0x08010b0d   0x00000003   PAD
    0x08010b10   0x08010b10   0x00000020   Data   RO         2952    Region$$Table       anon$$obj.o
    0x08010b30   0x08010b30   0x00000110   Data   RO         2715    locale$$data        c_w.l(lc_ctype_c.o)
    0x08010c40   0x08010c40   0x0000001c   Data   RO         2718    locale$$data        c_w.l(lc_numeric_c.o)
    0x08010c5c   0x08010c5c   0x00000004   Data   RO          272    .init_array         rm_lib.o
    0x08010c60   0x08010c5c   0x00000004   Data   RO          659    .init_array         main.o
    0x08010c64   0x08010c5c   0x00000004   Data   RO          859    .init_array         stm32f4xx_it.o
    0x08010c68   0x08010c5c   0x00000004   Data   RO         2017    .init_array         dm.o
    0x08010c6c   0x08010c5c   0x00000000   Data   RO         2189    .init_array         c_w.l(init_aeabi.o)


    Execution Region RW_IRAM1 (Exec base: 0x20000000, Load base: 0x08010c70, Size: 0x00004e40, Max: 0x0001c000, ABSOLUTE, COMPRESSED[0x000000c0])

    Exec Addr    Load Addr    Size         Type   Attr      Idx    E Section Name        Object

    0x20000000   COMPRESSED   0x0000000a   Data   RW          576    .data.E_Char        main.o
    0x2000000a   COMPRESSED   0x0000000a   Data   RW          577    .data.Q_Char        main.o
    0x20000014   COMPRESSED   0x00000004   Data   RW         1980    .data.SystemCoreClock  system_stm32f4xx.o
    0x20000018   COMPRESSED   0x00000001   Data   RW          568    .data.UI_step       main.o
    0x20000019   COMPRESSED   0x00000001   Data   RW          569    .data.UI_step_ten   main.o
    0x2000001a   COMPRESSED   0x00000002   Data   RW          559    .data.XTL_SPEED_FLAG  main.o
    0x2000001c   COMPRESSED   0x00000001   Data   RW          529    .data.YAW_Error     main.o
    0x2000001d   COMPRESSED   0x00000003   PAD
    0x20000020   COMPRESSED   0x00000004   Data   RW          604    .data._ZL13leg_dm_mit_kd  main.o
    0x20000024   COMPRESSED   0x00000001   Data   RW          639    .data._ZZ29HAL_TIM_PeriodElapsedCallbackE8CNC_flag  main.o
    0x20000025   COMPRESSED   0x00000003   PAD
    0x20000028   COMPRESSED   0x00000004   Data   RW          259    .data._ZZN9PID_class15low_pass_filterEffE13fisrt_lp_flag  rm_lib.o
    0x2000002c   COMPRESSED   0x00000007   Data   RW          611    .data.color1        main.o
    0x20000033   COMPRESSED   0x00000007   Data   RW          621    .data.color2        main.o
    0x2000003a   COMPRESSED   0x00000005   Data   RW          625    .data.color4        main.o
    0x2000003f   COMPRESSED   0x00000001   PAD
    0x20000040   COMPRESSED   0x00000050   Data   RW          612    .data.d1            main.o
    0x20000090   COMPRESSED   0x00000070   Data   RW          622    .data.d2            main.o
    0x20000100   COMPRESSED   0x00000050   Data   RW          626    .data.d4            main.o
    0x20000150   COMPRESSED   0x00000004   Data   RW          585    .data.fb_add_sp     main.o
    0x20000154   COMPRESSED   0x00000004   Data   RW          586    .data.fb_cut_sp     main.o
    0x20000158   COMPRESSED   0x00000007   Data   RW          620    .data.graphic_tpye2  main.o
    0x2000015f   COMPRESSED   0x00000001   PAD
    0x20000160   COMPRESSED   0x00000004   Data   RW          587    .data.lr_add_sp     main.o
    0x20000164   COMPRESSED   0x00000004   Data   RW          588    .data.lr_cut_sp     main.o
    0x20000168   COMPRESSED   0x00000014   Data   RW          609    .data.name1         main.o
    0x2000017c   COMPRESSED   0x0000001c   Data   RW          619    .data.name2         main.o
    0x20000198   COMPRESSED   0x00000014   Data   RW          623    .data.name4         main.o
    0x200001ac   COMPRESSED   0x00000001   Data   RW         1358    .data.uwTickFreq    stm32f4xx_hal.o
    0x200001ad   COMPRESSED   0x00000003   PAD
    0x200001b0   COMPRESSED   0x00000004   Data   RW         1357    .data.uwTickPrio    stm32f4xx_hal.o
    0x200001b4   COMPRESSED   0x00000004   PAD
    0x200001b8        -       0x00000060   Zero   RW         2640    .bss                c_w.l(libspace.o)
    0x20000218        -       0x00000001   Zero   RW          575    .bss.Buff_Flag      main.o
    0x20000219   COMPRESSED   0x00000003   PAD
    0x2000021c        -       0x00000054   Zero   RW          482    .bss.CAN_Communicate  main.o
    0x20000270        -       0x00000054   Zero   RW          481    .bss.CAN_Motor      main.o
    0x200002c4        -       0x00000270   Zero   RW          505    .bss.CHASSIS_088    main.o
    0x20000534        -       0x00000324   Zero   RW           58    .bss.CP             cp_system.o
    0x20000858        -       0x00000001   Zero   RW           56    .bss.CP_FIFO        cp_system.o
    0x20000859        -       0x00000400   Zero   RW           54    .bss.CP_rev_buf     cp_system.o
    0x20000c59        -       0x00000001   Zero   RW           53    .bss.CP_robot_hurt_seq  cp_system.o
    0x20000c5a        -       0x00000002   Zero   RW           55    .bss.CP_rx_len      cp_system.o
    0x20000c5c        -       0x00000100   Zero   RW           59    .bss.CP_send_buf    cp_system.o
    0x20000d5c        -       0x00000002   Zero   RW          527    .bss.Chase_Flag     main.o
    0x20000d5e        -       0x00000002   Zero   RW          528    .bss.Chase_Time     main.o
    0x20000d60        -       0x00000001   Zero   RW          560    .bss.Chassic_3508_Flag  main.o
    0x20000d61   COMPRESSED   0x00000001   PAD
    0x20000d62        -       0x00000002   Zero   RW          567    .bss.Communicate_Rx_Flag_1  main.o
    0x20000d64        -       0x00000002   Zero   RW          566    .bss.Communicate_Send_Flag_1  main.o
    0x20000d66   COMPRESSED   0x00000002   PAD
    0x20000d68        -       0x00000010   Zero   RW          504    .bss.DP             main.o
    0x20000d78        -       0x00000028   Zero   RW          506    .bss.DP_Power_Limit  main.o
    0x20000da0        -       0x00000004   Zero   RW           52    .bss.DUM_Connect_time  cp_system.o
    0x20000da4        -       0x00000002   Zero   RW          573    .bss.Driver_OUT_PID  main.o
    0x20000da6        -       0x00000001   Zero   RW          578    .bss.E_Flag         main.o
    0x20000da7   COMPRESSED   0x00000001   PAD
    0x20000da8        -       0x00000004   Zero   RW          563    .bss.FB_Real_Speed  main.o
    0x20000dac        -       0x00000004   Zero   RW          561    .bss.FB_Speed       main.o
    0x20000db0        -       0x00000004   Zero   RW          537    .bss.Gimbal_Pitch   main.o
    0x20000db4        -       0x00000004   Zero   RW          539    .bss.Gimbal_Pitch_Acc  main.o
    0x20000db8        -       0x00000004   Zero   RW          536    .bss.Gimbal_Roll    main.o
    0x20000dbc        -       0x00000004   Zero   RW          538    .bss.Gimbal_Roll_Acc  main.o
    0x20000dc0        -       0x00000004   Zero   RW          709    .bss.HAL_RCC_CAN1_CLK_ENABLED  can.o
    0x20000dc4        -       0x00000010   Zero   RW          257    .bss.LPF_factor     rm_lib.o
    0x20000dd4        -       0x00000010   Zero   RW          476    .bss.LPF_factor     main.o
    0x20000de4        -       0x00000010   Zero   RW          858    .bss.LPF_factor     stm32f4xx_it.o
    0x20000df4        -       0x00000010   Zero   RW         2016    .bss.LPF_factor     dm.o
    0x20000e04        -       0x00000004   Zero   RW          564    .bss.LR_Real_Speed  main.o
    0x20000e08        -       0x00000004   Zero   RW          562    .bss.LR_Speed       main.o
    0x20000e0c        -       0x00000014   Zero   RW          508    .bss.Left           main.o
    0x20000e20        -       0x00000070   Zero   RW          487    .bss.Left_Leg       main.o
    0x20000e90        -       0x00000001   Zero   RW          581    .bss.Leg_Mode       main.o
    0x20000e91   COMPRESSED   0x00000003   PAD
    0x20000e94        -       0x00000004   Zero   RW          523    .bss.M3508_1        main.o
    0x20000e98        -       0x00000004   Zero   RW          524    .bss.M3508_2        main.o
    0x20000e9c        -       0x00000004   Zero   RW          525    .bss.M3508_3        main.o
    0x20000ea0        -       0x00000004   Zero   RW          526    .bss.M3508_4        main.o
    0x20000ea4        -       0x00000020   Zero   RW          485    .bss.M3508_MOTOR_HY  main.o
    0x20000ec4        -       0x00000070   Zero   RW          494    .bss.M3508_MOTOR_HY_sp  main.o
    0x20000f34        -       0x00000020   Zero   RW          484    .bss.M3508_MOTOR_HZ  main.o
    0x20000f54        -       0x00000070   Zero   RW          493    .bss.M3508_MOTOR_HZ_sp  main.o
    0x20000fc4        -       0x00000020   Zero   RW          486    .bss.M3508_MOTOR_QY  main.o
    0x20000fe4        -       0x00000070   Zero   RW          495    .bss.M3508_MOTOR_QY_sp  main.o
    0x20001054        -       0x00000020   Zero   RW          483    .bss.M3508_MOTOR_QZ  main.o
    0x20001074        -       0x00000070   Zero   RW          492    .bss.M3508_MOTOR_QZ_sp  main.o
    0x200010e4        -       0x00000002   Zero   RW          574    .bss.MCL_SPEED      main.o
    0x200010e6        -       0x00000003   Zero   RW          507    .bss.Motor_Flag     main.o
    0x200010e9   COMPRESSED   0x00000003   PAD
    0x200010ec        -       0x00000070   Zero   RW          490    .bss.PID_Chassis    main.o
    0x2000115c        -       0x00000070   Zero   RW          491    .bss.PID_Chassis_FeiPo  main.o
    0x200011cc        -       0x00000001   Zero   RW          579    .bss.Q_Flag         main.o
    0x200011cd        -       0x00000001   Zero   RW          553    .bss.Reset_flag     main.o
    0x200011ce   COMPRESSED   0x00000002   PAD
    0x200011d0        -       0x00000014   Zero   RW          509    .bss.Right          main.o
    0x200011e4        -       0x00000070   Zero   RW          488    .bss.Right_Leg      main.o
    0x20001254        -       0x00000002   Zero   RW          557    .bss.SpeedChange    main.o
    0x20001256   COMPRESSED   0x00000002   PAD
    0x20001258        -       0x00000004   Zero   RW          565    .bss.Target_Speed   main.o
    0x2000125c        -       0x00000001   Zero   RW          512    .bss.UD_Chase       main.o
    0x2000125d        -       0x00000001   Zero   RW          510    .bss.UD_E           main.o
    0x2000125e        -       0x00000001   Zero   RW          520    .bss.UD_E_buf       main.o
    0x2000125f        -       0x00000001   Zero   RW          517    .bss.UD_FeiPo       main.o
    0x20001260        -       0x00000001   Zero   RW          519    .bss.UD_Leg_change  main.o
    0x20001261        -       0x00000001   Zero   RW          511    .bss.UD_Q           main.o
    0x20001262        -       0x00000001   Zero   RW          521    .bss.UD_Q_buf       main.o
    0x20001263        -       0x00000001   Zero   RW          516    .bss.UD_SpeedDown   main.o
    0x20001264        -       0x00000001   Zero   RW          515    .bss.UD_SpeedUp     main.o
    0x20001265        -       0x00000001   Zero   RW          513    .bss.UD_Speed_Cut   main.o
    0x20001266        -       0x00000001   Zero   RW          514    .bss.UD_XTL         main.o
    0x20001267        -       0x00000001   Zero   RW          518    .bss.UD_yaogan      main.o
    0x20001268        -       0x00000004   Zero   RW          540    .bss.V_Bat          main.o
    0x2000126c        -       0x00000004   Zero   RW          543    .bss.V_Bat_Real     main.o
    0x20001270        -       0x00000004   Zero   RW          541    .bss.V_Cap          main.o
    0x20001274        -       0x00000004   Zero   RW          544    .bss.V_Cap_Real     main.o
    0x20001278        -       0x00000004   Zero   RW          542    .bss.V_Load         main.o
    0x2000127c        -       0x00000004   Zero   RW          545    .bss.V_Load_Real    main.o
    0x20001280        -       0x00000001   Zero   RW          552    .bss.XTL_Flag       main.o
    0x20001281   COMPRESSED   0x00000003   PAD
    0x20001284        -       0x00000004   Zero   RW          532    .bss.XTL_PID_OUT    main.o
    0x20001288        -       0x00000004   Zero   RW          558    .bss.XTL_SPEED_OUT  main.o
    0x2000128c        -       0x00000002   Zero   RW          555    .bss.XTL_speed      main.o
    0x2000128e   COMPRESSED   0x00000002   PAD
    0x20001290        -       0x00000070   Zero   RW          489    .bss.YAW            main.o
    0x20001300        -       0x0000005c   Zero   RW          480    .bss.YK             main.o
    0x2000135c        -       0x00000001   Zero   RW          580    .bss.YK_Mode        main.o
    0x2000135d        -       0x00000001   Zero   RW          531    .bss.Yaw_Back       main.o
    0x2000135e        -       0x00000001   Zero   RW          592    .bss._ZL10v_can_buff  main.o
    0x2000135f        -       0x00000001   Zero   RW          642    .bss._ZL13shaobin_state  main.o
    0x20001360        -       0x00000004   Zero   RW          600    .bss._ZL14leg_torque_cmd  main.o
    0x20001364        -       0x00000004   Zero   RW          589    .bss._ZL16Chassic_Ch0_Real  main.o
    0x20001368        -       0x00000004   Zero   RW          590    .bss._ZL16Chassic_Ch1_Real  main.o
    0x2000136c        -       0x00000004   Zero   RW          591    .bss._ZL16Chassic_Ch2_Real  main.o
    0x20001370        -       0x00000004   Zero   RW          645    .bss._ZL16leg_accel_bias_g  main.o
    0x20001374        -       0x00000004   Zero   RW          647    .bss._ZL16leg_accel_ff_out  main.o
    0x20001378        -       0x00000001   Zero   RW          601    .bss._ZL16leg_control_mode  main.o
    0x20001379   COMPRESSED   0x00000003   PAD
    0x2000137c        -       0x00000004   Zero   RW          602    .bss._ZL16leg_target_angel  main.o
    0x20001380        -       0x00000004   Zero   RW          646    .bss._ZL19leg_accel_dynamic_g  main.o
    0x20001384        -       0x00000001   Zero   RW          644    .bss._ZL19leg_accel_ff_inited  main.o
    0x20001385   COMPRESSED   0x00000003   PAD
    0x20001388        -       0x00000004   Zero   RW          657    .bss._ZL20leg_compensation_cmd  main.o
    0x2000138c        -       0x00000004   Zero   RW          655    .bss._ZL20leg_compensation_out  main.o
    0x20001390        -       0x00000004   Zero   RW          652    .bss._ZL21leg_chassis_accel_lpf  main.o
    0x20001394        -       0x00000004   Zero   RW          651    .bss._ZL21leg_chassis_accel_raw  main.o
    0x20001398        -       0x00000001   Zero   RW          654    .bss._ZL21leg_compensation_mode  main.o
    0x20001399   COMPRESSED   0x00000003   PAD
    0x2000139c        -       0x00000004   Zero   RW          603    .bss._ZL21low_roll_compensation  main.o
    0x200013a0        -       0x00000002   Zero   RW          658    .bss._ZL22leg_integral_death_cnt  main.o
    0x200013a2   COMPRESSED   0x00000002   PAD
    0x200013a4        -       0x00000004   Zero   RW          653    .bss._ZL24leg_chassis_accel_ff_out  main.o
    0x200013a8        -       0x00000001   Zero   RW          656    .bss._ZL24leg_player_static_active  main.o
    0x200013a9   COMPRESSED   0x00000003   PAD
    0x200013ac        -       0x00000004   Zero   RW          648    .bss._ZL25leg_chassis_fb_speed_last  main.o
    0x200013b0        -       0x00000001   Zero   RW          650    .bss._ZL25leg_chassis_xtl_flag_last  main.o
    0x200013b1        -       0x00000001   Zero   RW          649    .bss._ZL27leg_chassis_accel_ff_inited  main.o
    0x200013b2   COMPRESSED   0x00000002   PAD
    0x200013b4        -       0x00000004   Zero   RW          605    .bss._ZL29leg_player_static_hold_torque  main.o
    0x200013b8        -       0x00000004   Zero   RW          593    .bss._ZL9cos_theta  main.o
    0x200013bc        -       0x00000004   Zero   RW          594    .bss._ZL9sin_theta  main.o
    0x200013c0        -       0x00000004   Zero   RW          608    .bss._ZL9theta_rad  main.o
    0x200013c4        -       0x00000001   Zero   RW          597    .bss._ZZ15leg_control_ch3vE16leg_case1_inited  main.o
    0x200013c5        -       0x00000001   Zero   RW          596    .bss._ZZ15leg_control_ch3vE17leg_pid_mode_last  main.o
    0x200013c6   COMPRESSED   0x00000002   PAD
    0x200013c8        -       0x00000004   Zero   RW          598    .bss._ZZ15leg_control_ch3vE20leg_fold_torque_left  main.o
    0x200013cc        -       0x00000004   Zero   RW          599    .bss._ZZ15leg_control_ch3vE21leg_fold_torque_right  main.o
    0x200013d0        -       0x00000001   Zero   RW          643    .bss._ZZ29HAL_TIM_PeriodElapsedCallbackE7count_g  main.o
    0x200013d1   COMPRESSED   0x00000001   PAD
    0x200013d2        -       0x00000002   Zero   RW          638    .bss._ZZ29HAL_TIM_PeriodElapsedCallbackE7re_flag  main.o
    0x200013d4        -       0x00000004   Zero   RW          640    .bss._ZZ29HAL_TIM_PeriodElapsedCallbackE8ten_flag  main.o
    0x200013d8        -       0x00000004   Zero   RW          606    .bss._ZZ4mainE19leg_pid_dbg_last_ms  main.o
    0x200013dc        -       0x00000004   Zero   RW         2744    .bss.__cxa_new_handler  libcppabi_w.l(cxa_default_handlers.cpp.o)
    0x200013e0        -       0x00000004   Zero   RW          616    .bss.cos_theta_L    main.o
    0x200013e4        -       0x00000004   Zero   RW          617    .bss.cos_theta_R    main.o
    0x200013e8        -       0x00000004   Zero   RW          618    .bss.cos_theta_down  main.o
    0x200013ec        -       0x00000007   Zero   RW          610    .bss.graphic_tpye1  main.o
    0x200013f3        -       0x00000005   Zero   RW          624    .bss.graphic_tpye4  main.o
    0x200013f8        -       0x00000028   Zero   RW          707    .bss.hcan1          can.o
    0x20001420        -       0x00000028   Zero   RW          708    .bss.hcan2          can.o
    0x20001448        -       0x00000060   Zero   RW          784    .bss.hdma_uart5_rx  usart.o
    0x200014a8        -       0x00000060   Zero   RW          785    .bss.hdma_uart5_tx  usart.o
    0x20001508        -       0x00000060   Zero   RW          786    .bss.hdma_usart1_rx  usart.o
    0x20001568        -       0x00000060   Zero   RW          787    .bss.hdma_usart1_tx  usart.o
    0x200015c8        -       0x00000060   Zero   RW          788    .bss.hdma_usart3_rx  usart.o
    0x20001628        -       0x00000060   Zero   RW          789    .bss.hdma_usart3_tx  usart.o
    0x20001688        -       0x00000060   Zero   RW          790    .bss.hdma_usart6_rx  usart.o
    0x200016e8        -       0x00000004   Zero   RW          477    .bss.hi             main.o
    0x200016ec        -       0x00000058   Zero   RW          731    .bss.hspi1          spi.o
    0x20001744        -       0x00000048   Zero   RW          753    .bss.htim2          tim.o
    0x2000178c        -       0x00000048   Zero   RW          754    .bss.htim3          tim.o
    0x200017d4        -       0x00000048   Zero   RW          755    .bss.htim5          tim.o
    0x2000181c        -       0x00000048   Zero   RW          756    .bss.htim7          tim.o
    0x20001864        -       0x00000048   Zero   RW          757    .bss.htim8          tim.o
    0x200018ac        -       0x00000048   Zero   RW          780    .bss.huart1         usart.o
    0x200018f4        -       0x00000048   Zero   RW          781    .bss.huart2         usart.o
    0x2000193c        -       0x00000048   Zero   RW          782    .bss.huart3         usart.o
    0x20001984        -       0x00000048   Zero   RW          779    .bss.huart5         usart.o
    0x200019cc        -       0x00000048   Zero   RW          783    .bss.huart6         usart.o
    0x20001a14        -       0x00000080   Zero   RW          258    .bss.info_ubuf      rm_lib.o
    0x20001a94        -       0x00000070   Zero   RW          496    .bss.left_control_mang  main.o
    0x20001b04        -       0x00000070   Zero   RW          497    .bss.left_control_sp  main.o
    0x20001b74        -       0x00000004   Zero   RW          478    .bss.leg_data_left  main.o
    0x20001b78        -       0x00000004   Zero   RW          479    .bss.leg_data_right  main.o
    0x20001b7c        -       0x00000070   Zero   RW          500    .bss.leg_imu_mang   main.o
    0x20001bec        -       0x00000070   Zero   RW          502    .bss.leg_imu_pitch_mang  main.o
    0x20001c5c        -       0x00000070   Zero   RW          503    .bss.leg_imu_pitch_sp  main.o
    0x20001ccc        -       0x00000070   Zero   RW          501    .bss.leg_imu_sp     main.o
    0x20001d3c        -       0x00000001   Zero   RW          572    .bss.play_mode      main.o
    0x20001d3d   COMPRESSED   0x00000003   PAD
    0x20001d40        -       0x00000070   Zero   RW          498    .bss.right_control_mang  main.o
    0x20001db0        -       0x00000070   Zero   RW          499    .bss.right_control_sp  main.o
    0x20001e20        -       0x00000004   Zero   RW          613    .bss.sin_theta_L    main.o
    0x20001e24        -       0x00000004   Zero   RW          614    .bss.sin_theta_R    main.o
    0x20001e28        -       0x00000004   Zero   RW          615    .bss.sin_theta_down  main.o
    0x20001e2c        -       0x00000002   Zero   RW          554    .bss.speed          main.o
    0x20001e2e   COMPRESSED   0x00000002   PAD
    0x20001e30        -       0x00000004   Zero   RW           57    .bss.sysTickUptime  cp_system.o
    0x20001e34        -       0x00000004   Zero   RW           51    .bss.usTicks        cp_system.o
    0x20001e38        -       0x00000004   Zero   RW         1359    .bss.uwTick         stm32f4xx_hal.o
    0x20001e3c   COMPRESSED   0x00000004   PAD
    0x20001e40        -       0x00001000   Zero   RW            2    HEAP                startup_stm32f405xx.o
    0x20002e40        -       0x00002000   Zero   RW            1    STACK               startup_stm32f405xx.o


    Execution Region RW_IRAM2 (Exec base: 0x2001c000, Load base: 0x08010d30, Size: 0x00000000, Max: 0x00004000, ABSOLUTE)

    **** No section assigned to this execution region ****


==============================================================================

Image component sizes


      Code (inc. data)   RO Data    RW Data    ZI Data      Debug   Object Name

       552          0          0          0         84       6391   can.o
      6986          4        768          0       2100      19919   cp_system.o
       930          0          4          0         16      21046   dm.o
       204          0          0          0          0       3295   dma.o
       234          0          0          0          0       2179   gpio.o
     22104        500         17        412       3310      62231   main.o
      4102         24          4          4        144      61099   rm_lib.o
       220          0          0          0         88       4891   spi.o
        64         26        392          0      12288        864   startup_stm32f405xx.o
       270          0          0          5          4       7071   stm32f4xx_hal.o
      3200          0          0          0          0      11571   stm32f4xx_hal_can.o
       482          0          0          0          0       9682   stm32f4xx_hal_cortex.o
      2068          8          8          0          0       8512   stm32f4xx_hal_dma.o
       996          0          0          0          0       5108   stm32f4xx_hal_gpio.o
        74          0          0          0          0       1490   stm32f4xx_hal_msp.o
      2646          0          0          0          0       7585   stm32f4xx_hal_rcc.o
       256          0          0          0          0      19470   stm32f4xx_hal_spi.o
      2048          0          0          0          0      36044   stm32f4xx_hal_tim.o
       306          0          0          0          0      15348   stm32f4xx_hal_tim_ex.o
      4236          0          0          0          0      20356   stm32f4xx_hal_uart.o
       382          0          4          0         16      19961   stm32f4xx_it.o
        18          0         24          4          0       2536   system_stm32f4xx.o
       994          0          0          0        360       8229   tim.o
      1720          0          0          0       1032       8657   usart.o

    ----------------------------------------------------------------------
     55314        562       1256        436      19496     363535   Object Totals
         0          0         32          0          0          0   (incl. Generated)
       222          0          3         11         54          0   (incl. Padding)

    ----------------------------------------------------------------------

      Code (inc. data)   RO Data    RW Data    ZI Data      Debug   Library Member Name

        90          0          0          0          0          0   __dczerorl2.o
         8          0          0          0          0         68   __main.o
       392          4         17          0          0         92   __printf_flags_ss_wp.o
        14          0          0          0          0         68   __printf_wp.o
         0          0          0          0          0          0   __rtentry.o
        12          0          0          0          0          0   __rtentry2.o
         6          0          0          0          0          0   __rtentry4.o
        94          8          0          0          0          0   __scatter.o
        28          0          0          0          0          0   __scatter_zi.o
        72          0          0          0          0         96   _c16rtomb.o
         6          0          0          0          0          0   _printf_a.o
         6          0          0          0          0          0   _printf_c.o
        44          0          0          0          0        108   _printf_char.o
        48          6          0          0          0         96   _printf_char_common.o
        40          0          0          0          0         68   _printf_charcount.o
         6          0          0          0          0          0   _printf_d.o
       120         16          0          0          0         92   _printf_dec.o
         6          0          0          0          0          0   _printf_e.o
         6          0          0          0          0          0   _printf_f.o
      1052          0          0          0          0        148   _printf_fp_dec.o
       764          8         38          0          0        100   _printf_fp_hex.o
       128         16          0          0          0         84   _printf_fp_infnan.o
         6          0          0          0          0          0   _printf_g.o
       148          4         40          0          0        160   _printf_hex_int_ll_ptr.o
         6          0          0          0          0          0   _printf_i.o
       178          0          0          0          0         88   _printf_intcommon.o
        10          0          0          0          0          0   _printf_l.o
         6          0          0          0          0          0   _printf_lc.o
        10          0          0          0          0          0   _printf_ll.o
         6          0          0          0          0          0   _printf_lld.o
         6          0          0          0          0          0   _printf_lli.o
         6          0          0          0          0          0   _printf_llo.o
         6          0          0          0          0          0   _printf_llu.o
         6          0          0          0          0          0   _printf_llx.o
       124         16          0          0          0         92   _printf_longlong_dec.o
         6          0          0          0          0          0   _printf_ls.o
         6          0          0          0          0          0   _printf_n.o
         6          0          0          0          0          0   _printf_o.o
       112          8          0          0          0        124   _printf_oct_int_ll.o
         6          0          0          0          0          0   _printf_p.o
        78          0          0          0          0        108   _printf_pad.o
         0          0          0          0          0          0   _printf_percent.o
         4          0          0          0          0          0   _printf_percent_end.o
         6          0          0          0          0          0   _printf_s.o
        82          0          0          0          0         80   _printf_str.o
        36          0          0          0          0         84   _printf_truncate.o
         6          0          0          0          0          0   _printf_u.o
        44          0          0          0          0        108   _printf_wchar.o
       188          6          8          0          0         92   _printf_wctomb.o
         6          0          0          0          0          0   _printf_x.o
        22          0          0          0          0        100   _rserrno.o
        10          0          0          0          0         68   _sputc.o
       228          4        148          0          0         96   bigflt0.o
      1936        128          0          0          0        668   btod.o
        10          0          0          0          0         68   defsig_exit.o
        50          0          0          0          0         88   defsig_general.o
        80         58          0          0          0         76   defsig_rtmem_inner.o
        14          0          0          0          0         80   defsig_rtmem_outer.o
        18          0          0          0          0         80   exit.o
        94          0          0          0          0         80   h1_alloc.o
        52          0          0          0          0         68   h1_extend.o
        78          0          0          0          0         80   h1_free.o
        12          0          0          0          0         84   h1_init.o
         6          0          0          0          0        152   heapauxi.o
         4          0          0          0          0        136   hguard.o
         0          0          0          0          0          0   indicate_semi.o
        44          8          0          0          0         80   init_aeabi.o
       138          0          0          0          0        168   init_alloc.o
        44         10        272          0          0         76   lc_ctype_c.o
        44         10         28          0          0         76   lc_numeric_c.o
         2          0          0          0          0          0   libinit.o
        46          0          0          0          0          0   libinit2.o
         2          0          0          0          0          0   libshutdown.o
         2          0          0          0          0          0   libshutdown2.o
         8          4          0          0         96         68   libspace.o
       138          0          0          0          0         80   lludiv10.o
       240          0          0          0          0        100   lludivv7m.o
         0          0          0          0          0          0   maybetermalloc1.o
        16          4          0          0          0         76   rt_ctype_table.o
         8          4          0          0          0         68   rt_errno_addr_intlibspace.o
         8          4          0          0          0         68   rt_heap_descriptor_intlibspace.o
         8          4          0          0          0         68   rt_locale_intlibspace.o
        78          0          0          0          0         80   rt_memclr_w.o
       138          0          0          0          0         68   rt_memcpy_v6.o
       100          0          0          0          0         80   rt_memcpy_w.o
         2          0          0          0          0          0   rtexit.o
        10          0          0          0          0          0   rtexit2.o
        44          6          0          0          0         84   sprintf.o
       124          0          0          0          0         88   strcmpv7em.o
        62          0          0          0          0         76   strlen.o
        12          4          0          0          0         68   sys_exit.o
        74          0          0          0          0         80   sys_stackheap_outer.o
        14          0          0          0          0         76   sys_wrch.o
         2          0          0          0          0         68   use_no_semi.o
        98          4          0          0          0        140   d2f.o
       812         16          0          0          0        392   daddsub_clz.o
        84          0          0          0          0        244   dcmp.o
        24          0          0          0          0        116   dcmpi.o
       120          4          0          0          0        140   deqf.o
        46          0          0          0          0        116   dflt_clz.o
       120          4          0          0          0        140   dgeqf.o
       120          4          0          0          0        140   dleqf.o
       340         12          0          0          0        152   dmul.o
       156          4          0          0          0        140   dnaninf.o
        12          0          0          0          0        116   dretinf.o
        86          4          0          0          0        132   f2d.o
       140          4          0          0          0        132   fnaninf.o
        26          0          0          0          0        116   fpinit.o
        10          0          0          0          0        116   fretinf.o
         4          0          0          0          0        116   printf1.o
         4          0          0          0          0        116   printf2.o
         0          0          0          0          0          0   usenofp.o
        38          0          0          0          0        364   new.cpp.o
         0          0          0          0          4          0   cxa_default_handlers.cpp.o
        12          0          0          0          0        132   cxa_handlers.cpp.o
       336         56          0          0          0        136   cosf.o
        48          0          0          0          0        124   fpclassify.o
        38          0          0          0          0        116   fpclassifyf.o
        38         12          0          0          0        348   funder.o
       340         24         32          0          0        160   rredf.o
       400         56          0          0          0        212   sinf.o

    ----------------------------------------------------------------------
     11558        544        588          0        100       9732   Library Totals
        38          0          5          0          0          0   (incl. Padding)

    ----------------------------------------------------------------------

      Code (inc. data)   RO Data    RW Data    ZI Data      Debug   Library Name

      8068        340        551          0         96       5576   c_w.l
      2202         56          0          0          0       2564   fz_wm.l
        38          0          0          0          0        364   libcpp_w.l
        12          0          0          0          4        132   libcppabi_w.l
      1200        148         32          0          0       1096   m_wm.l

    ----------------------------------------------------------------------
     11558        544        588          0        100       9732   Library Totals

    ----------------------------------------------------------------------

==============================================================================


      Code (inc. data)   RO Data    RW Data    ZI Data      Debug   

     66872       1106       1844        436      19596     367335   Grand Totals
     66872       1106       1844        192      19596     367335   ELF Image Totals (compressed)
     66872       1106       1844        192          0          0   ROM Totals

==============================================================================

    Total RO  Size (Code + RO Data)                68716 (  67.11kB)
    Total RW  Size (RW Data + ZI Data)             20032 (  19.56kB)
    Total ROM Size (Code + RO Data + RW Data)      68908 (  67.29kB)

==============================================================================

